t=  0.000ms | q=  0.0000MB p=0.00001 arr=   0.000MB ct=   0.000MB (arr-ct)=    0.000KB | sender_A:RC=40.000Gbps a=0.0000 sender_B:RC=40.000Gbps a=0.0000
t=  1.000ms | q=  3.9476MB p=0.99999 arr=   8.716MB ct=   4.768MB (arr-ct)= 4042.328KB | sender_A:RC=29.605Gbps a=0.0671 sender_B:RC=30.146Gbps a=0.0651
t=  2.000ms | q=  4.1219MB p=0.99999 arr=  13.659MB ct=   9.537MB (arr-ct)= 4220.843KB | sender_A:RC=11.986Gbps a=0.1310 sender_B:RC=12.420Gbps a=0.1292
t=  3.000ms | q=  0.9555MB p=0.99999 arr=  15.261MB ct=  14.305MB (arr-ct)=  978.454KB | sender_A:RC=2.764Gbps a=0.1906 sender_B:RC=2.911Gbps a=0.1889
t=  4.000ms | q=  0.0000MB p=0.00001 arr=  15.791MB ct=  19.073MB (arr-ct)=-3361.021KB | sender_A:RC=2.501Gbps a=0.1930 sender_B:RC=2.476Gbps a=0.1935
t=  5.000ms | q=  0.0000MB p=0.00001 arr=  16.471MB ct=  23.842MB (arr-ct)=-7547.681KB | sender_A:RC=3.228Gbps a=0.1798 sender_B:RC=3.204Gbps a=0.1802
t=  6.000ms | q=  0.0000MB p=0.00001 arr=  17.324MB ct=  28.610MB (arr-ct)=-11556.856KB | sender_A:RC=3.955Gbps a=0.1675 sender_B:RC=3.930Gbps a=0.1679
t=  7.000ms | q=  0.0000MB p=0.00001 arr=  18.351MB ct=  33.379MB (arr-ct)=-15388.569KB | sender_A:RC=4.682Gbps a=0.1560 sender_B:RC=4.657Gbps a=0.1564
t=  8.000ms | q=  0.0000MB p=0.00001 arr=  19.550MB ct=  38.147MB (arr-ct)=-19042.835KB | sender_A:RC=5.408Gbps a=0.1453 sender_B:RC=5.384Gbps a=0.1457
t=  9.000ms | q=  0.0000MB p=0.00001 arr=  20.923MB ct=  42.915MB (arr-ct)=-22519.674KB | sender_A:RC=6.135Gbps a=0.1354 sender_B:RC=6.111Gbps a=0.1357
t= 10.000ms | q=  0.0000MB p=0.00001 arr=  22.470MB ct=  47.684MB (arr-ct)=-25819.100KB | sender_A:RC=6.862Gbps a=0.1261 sender_B:RC=6.837Gbps a=0.1264
t= 11.000ms | q=  0.0000MB p=0.00001 arr=  24.189MB ct=  52.452MB (arr-ct)=-28941.132KB | sender_A:RC=7.588Gbps a=0.1175 sender_B:RC=7.564Gbps a=0.1178
t= 12.000ms | q=  0.0000MB p=0.00001 arr=  26.082MB ct=  57.220MB (arr-ct)=-31885.784KB | sender_A:RC=8.315Gbps a=0.1095 sender_B:RC=8.291Gbps a=0.1098
t= 13.000ms | q=  0.0000MB p=0.00001 arr=  28.148MB ct=  61.989MB (arr-ct)=-34653.075KB | sender_A:RC=9.041Gbps a=0.1020 sender_B:RC=9.017Gbps a=0.1023
t= 14.000ms | q=  0.0000MB p=0.00001 arr=  30.387MB ct=  66.757MB (arr-ct)=-37243.019KB | sender_A:RC=9.768Gbps a=0.0951 sender_B:RC=9.743Gbps a=0.0953
t= 15.000ms | q=  0.0000MB p=0.00001 arr=  32.799MB ct=  71.526MB (arr-ct)=-39655.633KB | sender_A:RC=10.494Gbps a=0.0886 sender_B:RC=10.470Gbps a=0.0888
t= 16.000ms | q=  0.0000MB p=0.00001 arr=  35.385MB ct=  76.294MB (arr-ct)=-41890.932KB | sender_A:RC=11.220Gbps a=0.0826 sender_B:RC=11.196Gbps a=0.0828
t= 17.000ms | q=  0.0000MB p=0.00001 arr=  38.143MB ct=  81.062MB (arr-ct)=-43948.933KB | sender_A:RC=11.946Gbps a=0.0770 sender_B:RC=11.922Gbps a=0.0772
t= 18.000ms | q=  0.0000MB p=0.00001 arr=  41.075MB ct=  85.831MB (arr-ct)=-45829.651KB | sender_A:RC=12.673Gbps a=0.0718 sender_B:RC=12.648Gbps a=0.0719
t= 19.000ms | q=  0.0000MB p=0.00001 arr=  44.180MB ct=  90.599MB (arr-ct)=-47533.103KB | sender_A:RC=13.399Gbps a=0.0669 sender_B:RC=13.374Gbps a=0.0671
t= 20.000ms | q=  0.0000MB p=0.00001 arr=  47.458MB ct=  95.367MB (arr-ct)=-49059.302KB | sender_A:RC=14.125Gbps a=0.0624 sender_B:RC=14.100Gbps a=0.0625
t= 21.000ms | q=  0.0000MB p=0.00001 arr=  50.909MB ct= 100.136MB (arr-ct)=-50408.267KB | sender_A:RC=14.850Gbps a=0.0582 sender_B:RC=14.826Gbps a=0.0583
t= 22.000ms | q=  0.0000MB p=0.00001 arr=  54.533MB ct= 104.904MB (arr-ct)=-51580.011KB | sender_A:RC=15.576Gbps a=0.0542 sender_B:RC=15.552Gbps a=0.0544
t= 23.000ms | q=  0.0000MB p=0.00001 arr=  58.330MB ct= 109.673MB (arr-ct)=-52574.551KB | sender_A:RC=16.302Gbps a=0.0506 sender_B:RC=16.278Gbps a=0.0507
t= 24.000ms | q=  0.0000MB p=0.00001 arr=  62.300MB ct= 114.441MB (arr-ct)=-53391.902KB | sender_A:RC=17.028Gbps a=0.0472 sender_B:RC=17.004Gbps a=0.0473
t= 25.000ms | q=  0.0000MB p=0.00001 arr=  66.444MB ct= 119.209MB (arr-ct)=-54032.081KB | sender_A:RC=17.754Gbps a=0.0441 sender_B:RC=17.729Gbps a=0.0442
t= 26.000ms | q=  0.0000MB p=0.00001 arr=  70.760MB ct= 123.978MB (arr-ct)=-54495.102KB | sender_A:RC=18.479Gbps a=0.0411 sender_B:RC=18.455Gbps a=0.0412
t= 27.000ms | q=  0.0000MB p=0.00001 arr=  75.249MB ct= 128.746MB (arr-ct)=-54780.981KB | sender_A:RC=19.205Gbps a=0.0384 sender_B:RC=19.180Gbps a=0.0385
t= 28.000ms | q=  0.0000MB p=0.00001 arr=  79.911MB ct= 133.514MB (arr-ct)=-54889.734KB | sender_A:RC=19.930Gbps a=0.0358 sender_B:RC=19.906Gbps a=0.0359
t= 29.000ms | q=  0.0000MB p=0.00001 arr=  84.746MB ct= 138.283MB (arr-ct)=-54821.377KB | sender_A:RC=20.656Gbps a=0.0335 sender_B:RC=20.631Gbps a=0.0336
t= 30.000ms | q=  0.0000MB p=0.00001 arr=  89.754MB ct= 143.051MB (arr-ct)=-54575.925KB | sender_A:RC=21.381Gbps a=0.0313 sender_B:RC=21.357Gbps a=0.0313
t= 31.000ms | q=  0.0000MB p=0.00001 arr=  94.935MB ct= 147.820MB (arr-ct)=-54153.393KB | sender_A:RC=22.106Gbps a=0.0292 sender_B:RC=22.082Gbps a=0.0293
t= 32.000ms | q=  0.0000MB p=0.00001 arr= 100.289MB ct= 152.588MB (arr-ct)=-53553.798KB | sender_A:RC=22.831Gbps a=0.0273 sender_B:RC=22.807Gbps a=0.0274
t= 33.000ms | q=  0.0000MB p=0.00001 arr= 105.816MB ct= 157.356MB (arr-ct)=-52777.155KB | sender_A:RC=23.557Gbps a=0.0256 sender_B:RC=23.532Gbps a=0.0256
t= 34.000ms | q=  0.0000MB p=0.00001 arr= 111.516MB ct= 162.125MB (arr-ct)=-51823.480KB | sender_A:RC=24.282Gbps a=0.0239 sender_B:RC=24.257Gbps a=0.0240
t= 35.000ms | q=  0.0000MB p=0.00001 arr= 117.388MB ct= 166.893MB (arr-ct)=-50692.788KB | sender_A:RC=25.007Gbps a=0.0224 sender_B:RC=24.982Gbps a=0.0224
t= 36.000ms | q=  0.0000MB p=0.00001 arr= 123.434MB ct= 171.661MB (arr-ct)=-49385.095KB | sender_A:RC=25.732Gbps a=0.0210 sender_B:RC=25.707Gbps a=0.0210
t= 37.000ms | q=  0.0000MB p=0.00001 arr= 129.652MB ct= 176.430MB (arr-ct)=-47900.416KB | sender_A:RC=26.457Gbps a=0.0197 sender_B:RC=26.432Gbps a=0.0197
t= 38.000ms | q=  0.0000MB p=0.00001 arr= 136.043MB ct= 181.198MB (arr-ct)=-46238.768KB | sender_A:RC=27.181Gbps a=0.0184 sender_B:RC=27.157Gbps a=0.0185
t= 39.000ms | q=  0.0000MB p=0.00001 arr= 142.607MB ct= 185.966MB (arr-ct)=-44400.166KB | sender_A:RC=27.906Gbps a=0.0173 sender_B:RC=27.882Gbps a=0.0173
t= 40.000ms | q=  0.0000MB p=0.00001 arr= 149.344MB ct= 190.735MB (arr-ct)=-42384.624KB | sender_A:RC=28.631Gbps a=0.0162 sender_B:RC=28.607Gbps a=0.0163
t= 41.000ms | q=  0.0000MB p=0.00001 arr= 156.253MB ct= 195.503MB (arr-ct)=-40192.160KB | sender_A:RC=29.355Gbps a=0.0153 sender_B:RC=29.331Gbps a=0.0153
t= 42.000ms | q=  0.0000MB p=0.00001 arr= 163.335MB ct= 200.272MB (arr-ct)=-37822.788KB | sender_A:RC=30.080Gbps a=0.0144 sender_B:RC=30.056Gbps a=0.0144
t= 43.000ms | q=  0.0000MB p=0.00001 arr= 170.590MB ct= 205.040MB (arr-ct)=-35276.525KB | sender_A:RC=30.805Gbps a=0.0135 sender_B:RC=30.780Gbps a=0.0135
t= 44.000ms | q=  0.0000MB p=0.00001 arr= 178.018MB ct= 209.808MB (arr-ct)=-32553.385KB | sender_A:RC=31.529Gbps a=0.0127 sender_B:RC=31.505Gbps a=0.0127
t= 45.000ms | q=  0.0000MB p=0.00001 arr= 185.618MB ct= 214.577MB (arr-ct)=-29653.384KB | sender_A:RC=32.253Gbps a=0.0120 sender_B:RC=32.229Gbps a=0.0120
t= 46.000ms | q=  0.0000MB p=0.00001 arr= 193.391MB ct= 219.345MB (arr-ct)=-26576.538KB | sender_A:RC=32.978Gbps a=0.0113 sender_B:RC=32.954Gbps a=0.0113
t= 47.000ms | q=  0.0000MB p=0.00001 arr= 201.337MB ct= 224.113MB (arr-ct)=-23322.862KB | sender_A:RC=33.702Gbps a=0.0107 sender_B:RC=33.678Gbps a=0.0107
t= 48.000ms | q=  0.0000MB p=0.00001 arr= 209.456MB ct= 228.882MB (arr-ct)=-19892.372KB | sender_A:RC=34.426Gbps a=0.0101 sender_B:RC=34.402Gbps a=0.0101
t= 49.000ms | q=  0.0000MB p=0.00001 arr= 217.747MB ct= 233.650MB (arr-ct)=-16285.083KB | sender_A:RC=35.150Gbps a=0.0096 sender_B:RC=35.126Gbps a=0.0096
t= 50.000ms | q=  0.0000MB p=0.00001 arr= 226.211MB ct= 238.419MB (arr-ct)=-12501.011KB | sender_A:RC=35.874Gbps a=0.0091 sender_B:RC=35.850Gbps a=0.0091
t= 51.000ms | q=  0.0000MB p=0.00001 arr= 234.847MB ct= 243.187MB (arr-ct)=-8540.171KB | sender_A:RC=36.598Gbps a=0.0086 sender_B:RC=36.574Gbps a=0.0087
t= 52.000ms | q=  0.0000MB p=0.00001 arr= 243.656MB ct= 247.955MB (arr-ct)=-4402.578KB | sender_A:RC=37.322Gbps a=0.0082 sender_B:RC=37.298Gbps a=0.0082
t= 53.000ms | q=  0.0000MB p=0.00001 arr= 252.638MB ct= 252.724MB (arr-ct)=  -88.249KB | sender_A:RC=38.046Gbps a=0.0078 sender_B:RC=38.022Gbps a=0.0078
t= 54.000ms | q=  3.2482MB p=0.99999 arr= 260.740MB ct= 257.492MB (arr-ct)= 3326.126KB | sender_A:RC=26.714Gbps a=0.0730 sender_B:RC=27.242Gbps a=0.0710
t= 55.000ms | q=  2.8436MB p=0.99999 arr= 265.104MB ct= 262.260MB (arr-ct)= 2911.879KB | sender_A:RC=10.264Gbps a=0.1366 sender_B:RC=10.651Gbps a=0.1347
t= 56.000ms | q=  0.0000MB p=0.00001 arr= 266.462MB ct= 267.029MB (arr-ct)= -580.224KB | sender_A:RC=3.077Gbps a=0.1865 sender_B:RC=3.034Gbps a=0.1870
t= 57.000ms | q=  0.0000MB p=0.00001 arr= 267.291MB ct= 271.797MB (arr-ct)=-4613.943KB | sender_A:RC=3.862Gbps a=0.1738 sender_B:RC=3.837Gbps a=0.1742
t= 58.000ms | q=  0.0000MB p=0.00001 arr= 268.296MB ct= 276.566MB (arr-ct)=-8468.404KB | sender_A:RC=4.589Gbps a=0.1619 sender_B:RC=4.564Gbps a=0.1622
t= 59.000ms | q=  0.0000MB p=0.00001 arr= 269.473MB ct= 281.334MB (arr-ct)=-12145.417KB | sender_A:RC=5.315Gbps a=0.1508 sender_B:RC=5.291Gbps a=0.1511
t= 60.000ms | q=  0.0000MB p=0.00001 arr= 270.824MB ct= 286.102MB (arr-ct)=-15645.001KB | sender_A:RC=6.042Gbps a=0.1405 sender_B:RC=6.017Gbps a=0.1408
t= 61.000ms | q=  0.0000MB p=0.00001 arr= 272.348MB ct= 290.871MB (arr-ct)=-18967.170KB | sender_A:RC=6.769Gbps a=0.1309 sender_B:RC=6.744Gbps a=0.1312
t= 62.000ms | q=  0.0000MB p=0.00001 arr= 274.045MB ct= 295.639MB (arr-ct)=-22111.943KB | sender_A:RC=7.495Gbps a=0.1219 sender_B:RC=7.471Gbps a=0.1222
t= 63.000ms | q=  0.0000MB p=0.00001 arr= 275.916MB ct= 300.407MB (arr-ct)=-25079.336KB | sender_A:RC=8.222Gbps a=0.1136 sender_B:RC=8.197Gbps a=0.1139
t= 64.000ms | q=  0.0000MB p=0.00001 arr= 277.960MB ct= 305.176MB (arr-ct)=-27869.364KB | sender_A:RC=8.948Gbps a=0.1059 sender_B:RC=8.924Gbps a=0.1061
t= 65.000ms | q=  0.0000MB p=0.00001 arr= 280.177MB ct= 309.944MB (arr-ct)=-30482.045KB | sender_A:RC=9.675Gbps a=0.0986 sender_B:RC=9.650Gbps a=0.0989
t= 66.000ms | q=  0.0000MB p=0.00001 arr= 282.567MB ct= 314.713MB (arr-ct)=-32917.393KB | sender_A:RC=10.401Gbps a=0.0919 sender_B:RC=10.376Gbps a=0.0921
t= 67.000ms | q=  0.0000MB p=0.00001 arr= 285.130MB ct= 319.481MB (arr-ct)=-35175.426KB | sender_A:RC=11.127Gbps a=0.0857 sender_B:RC=11.103Gbps a=0.0859
t= 68.000ms | q=  0.0000MB p=0.00001 arr= 287.866MB ct= 324.249MB (arr-ct)=-37256.158KB | sender_A:RC=11.854Gbps a=0.0799 sender_B:RC=11.829Gbps a=0.0800
t= 69.000ms | q=  0.0000MB p=0.00001 arr= 290.776MB ct= 329.018MB (arr-ct)=-39159.606KB | sender_A:RC=12.580Gbps a=0.0744 sender_B:RC=12.555Gbps a=0.0746
t= 70.000ms | q=  0.0000MB p=0.00001 arr= 293.858MB ct= 333.786MB (arr-ct)=-40885.785KB | sender_A:RC=13.306Gbps a=0.0694 sender_B:RC=13.281Gbps a=0.0695
t= 71.000ms | q=  0.0000MB p=0.00001 arr= 297.114MB ct= 338.554MB (arr-ct)=-42434.712KB | sender_A:RC=14.032Gbps a=0.0647 sender_B:RC=14.007Gbps a=0.0648
t= 72.000ms | q=  0.0000MB p=0.00001 arr= 300.543MB ct= 343.323MB (arr-ct)=-43806.400KB | sender_A:RC=14.758Gbps a=0.0603 sender_B:RC=14.733Gbps a=0.0605
t= 73.000ms | q=  0.0000MB p=0.00001 arr= 304.145MB ct= 348.091MB (arr-ct)=-45000.868KB | sender_A:RC=15.484Gbps a=0.0563 sender_B:RC=15.459Gbps a=0.0564
t= 74.000ms | q=  0.0000MB p=0.00001 arr= 307.920MB ct= 352.859MB (arr-ct)=-46018.129KB | sender_A:RC=16.209Gbps a=0.0525 sender_B:RC=16.185Gbps a=0.0526
t= 75.000ms | q=  0.0000MB p=0.00001 arr= 311.868MB ct= 357.628MB (arr-ct)=-46858.199KB | sender_A:RC=16.935Gbps a=0.0490 sender_B:RC=16.910Gbps a=0.0491
t= 76.000ms | q=  0.0000MB p=0.00001 arr= 315.989MB ct= 362.396MB (arr-ct)=-47521.095KB | sender_A:RC=17.661Gbps a=0.0457 sender_B:RC=17.636Gbps a=0.0458
t= 77.000ms | q=  0.0000MB p=0.00001 arr= 320.283MB ct= 367.165MB (arr-ct)=-48006.832KB | sender_A:RC=18.386Gbps a=0.0426 sender_B:RC=18.362Gbps a=0.0427
t= 78.000ms | q=  0.0000MB p=0.00001 arr= 324.750MB ct= 371.933MB (arr-ct)=-48315.425KB | sender_A:RC=19.112Gbps a=0.0398 sender_B:RC=19.087Gbps a=0.0399
t= 79.000ms | q=  0.0000MB p=0.00001 arr= 329.390MB ct= 376.701MB (arr-ct)=-48446.890KB | sender_A:RC=19.837Gbps a=0.0372 sender_B:RC=19.813Gbps a=0.0372
t= 80.000ms | q=  0.0000MB p=0.00001 arr= 334.203MB ct= 381.470MB (arr-ct)=-48401.243KB | sender_A:RC=20.563Gbps a=0.0347 sender_B:RC=20.538Gbps a=0.0348
t= 81.000ms | q=  0.0000MB p=0.00001 arr= 339.189MB ct= 386.238MB (arr-ct)=-48178.499KB | sender_A:RC=21.288Gbps a=0.0324 sender_B:RC=21.263Gbps a=0.0325
t= 82.000ms | q=  0.0000MB p=0.00001 arr= 344.348MB ct= 391.006MB (arr-ct)=-47778.674KB | sender_A:RC=22.013Gbps a=0.0303 sender_B:RC=21.989Gbps a=0.0304
t= 83.000ms | q=  0.0000MB p=0.00001 arr= 349.679MB ct= 395.775MB (arr-ct)=-47201.783KB | sender_A:RC=22.739Gbps a=0.0283 sender_B:RC=22.714Gbps a=0.0284
t= 84.000ms | q=  0.0000MB p=0.00001 arr= 355.184MB ct= 400.543MB (arr-ct)=-46447.843KB | sender_A:RC=23.464Gbps a=0.0265 sender_B:RC=23.439Gbps a=0.0265
t= 85.000ms | q=  0.0000MB p=0.00001 arr= 360.862MB ct= 405.312MB (arr-ct)=-45516.869KB | sender_A:RC=24.189Gbps a=0.0248 sender_B:RC=24.164Gbps a=0.0248
t= 86.000ms | q=  0.0000MB p=0.00001 arr= 366.712MB ct= 410.080MB (arr-ct)=-44408.876KB | sender_A:RC=24.914Gbps a=0.0232 sender_B:RC=24.889Gbps a=0.0232
t= 87.000ms | q=  0.0000MB p=0.00001 arr= 372.735MB ct= 414.848MB (arr-ct)=-43123.880KB | sender_A:RC=25.639Gbps a=0.0217 sender_B:RC=25.614Gbps a=0.0218
t= 88.000ms | q=  0.0000MB p=0.00001 arr= 378.931MB ct= 419.617MB (arr-ct)=-41661.896KB | sender_A:RC=26.364Gbps a=0.0203 sender_B:RC=26.339Gbps a=0.0204
t= 89.000ms | q=  0.0000MB p=0.00001 arr= 385.300MB ct= 424.385MB (arr-ct)=-40022.941KB | sender_A:RC=27.089Gbps a=0.0191 sender_B:RC=27.064Gbps a=0.0191
t= 90.000ms | q=  0.0000MB p=0.00001 arr= 391.842MB ct= 429.153MB (arr-ct)=-38207.030KB | sender_A:RC=27.813Gbps a=0.0179 sender_B:RC=27.789Gbps a=0.0179
t= 91.000ms | q=  0.0000MB p=0.00001 arr= 398.556MB ct= 433.922MB (arr-ct)=-36214.178KB | sender_A:RC=28.538Gbps a=0.0168 sender_B:RC=28.513Gbps a=0.0168
t= 92.000ms | q=  0.0000MB p=0.00001 arr= 405.444MB ct= 438.690MB (arr-ct)=-34044.402KB | sender_A:RC=29.263Gbps a=0.0158 sender_B:RC=29.238Gbps a=0.0158
t= 93.000ms | q=  0.0000MB p=0.00001 arr= 412.504MB ct= 443.459MB (arr-ct)=-31697.715KB | sender_A:RC=29.987Gbps a=0.0148 sender_B:RC=29.963Gbps a=0.0149
t= 94.000ms | q=  0.0000MB p=0.00001 arr= 419.737MB ct= 448.227MB (arr-ct)=-29174.135KB | sender_A:RC=30.712Gbps a=0.0140 sender_B:RC=30.687Gbps a=0.0140
t= 95.000ms | q=  0.0000MB p=0.00001 arr= 427.142MB ct= 452.995MB (arr-ct)=-26473.677KB | sender_A:RC=31.436Gbps a=0.0131 sender_B:RC=31.412Gbps a=0.0132
t= 96.000ms | q=  0.0000MB p=0.00001 arr= 434.720MB ct= 457.764MB (arr-ct)=-23596.356KB | sender_A:RC=32.161Gbps a=0.0124 sender_B:RC=32.136Gbps a=0.0124
t= 97.000ms | q=  0.0000MB p=0.00001 arr= 442.471MB ct= 462.532MB (arr-ct)=-20542.188KB | sender_A:RC=32.885Gbps a=0.0117 sender_B:RC=32.860Gbps a=0.0117
t= 98.000ms | q=  0.0000MB p=0.00001 arr= 450.395MB ct= 467.300MB (arr-ct)=-17311.188KB | sender_A:RC=33.609Gbps a=0.0110 sender_B:RC=33.585Gbps a=0.0111
t= 99.000ms | q=  0.0000MB p=0.00001 arr= 458.491MB ct= 472.069MB (arr-ct)=-13903.372KB | sender_A:RC=34.334Gbps a=0.0104 sender_B:RC=34.309Gbps a=0.0105
t=100.000ms | q=  0.0000MB p=0.00001 arr= 466.760MB ct= 476.837MB (arr-ct)=-10318.755KB | sender_A:RC=35.058Gbps a=0.0099 sender_B:RC=35.033Gbps a=0.0099
t=100.002ms | q=  0.0000MB p=0.00001 arr= 466.777MB ct= 476.847MB (arr-ct)=-10311.409KB | sender_A:RC=35.059Gbps a=0.0099 sender_B:RC=35.034Gbps a=0.0099
