t=  0.000ms | q=  0.0000MB p=0.00001 arr=   0.000MB ct=   0.000MB lift_waste=   0.000MB (arr-ct)=    0.000KB | sender_A:RC=40.000Gbps a=0.0000 sender_B:RC=40.000Gbps a=0.0000
t=  1.000ms | q=  3.9710MB p=0.99999 arr=   8.739MB ct=   4.768MB lift_waste=   0.000MB (arr-ct)= 4066.282KB | sender_A:RC=29.779Gbps a=0.0664 sender_B:RC=30.319Gbps a=0.0645
t=  2.000ms | q=  4.1861MB p=0.99999 arr=  13.723MB ct=   9.537MB lift_waste=   0.000MB (arr-ct)= 4286.533KB | sender_A:RC=12.124Gbps a=0.1304 sender_B:RC=12.561Gbps a=0.1286
t=  3.000ms | q=  1.0413MB p=0.99999 arr=  15.346MB ct=  14.305MB lift_waste=   0.000MB (arr-ct)= 1066.308KB | sender_A:RC=2.811Gbps a=0.1901 sender_B:RC=2.960Gbps a=0.1883
t=  4.000ms | q=  0.0000MB p=0.00001 arr=  19.073MB ct=  19.073MB lift_waste=   3.196MB (arr-ct)=    0.000KB | sender_A:RC=2.491Gbps a=0.1932 sender_B:RC=2.467Gbps a=0.1936
t=  5.000ms | q=  0.0000MB p=0.00001 arr=  23.842MB ct=  23.842MB lift_waste=   7.287MB (arr-ct)=    0.000KB | sender_A:RC=3.218Gbps a=0.1799 sender_B:RC=3.194Gbps a=0.1804
t=  6.000ms | q=  0.0000MB p=0.00001 arr=  28.610MB ct=  28.610MB lift_waste=  11.204MB (arr-ct)=    0.000KB | sender_A:RC=3.945Gbps a=0.1676 sender_B:RC=3.921Gbps a=0.1680
t=  7.000ms | q=  0.0000MB p=0.00001 arr=  33.379MB ct=  33.379MB lift_waste=  14.948MB (arr-ct)=    0.000KB | sender_A:RC=4.672Gbps a=0.1562 sender_B:RC=4.648Gbps a=0.1565
t=  8.000ms | q=  0.0000MB p=0.00001 arr=  38.147MB ct=  38.147MB lift_waste=  18.519MB (arr-ct)=    0.000KB | sender_A:RC=5.399Gbps a=0.1455 sender_B:RC=5.375Gbps a=0.1458
t=  9.000ms | q=  0.0000MB p=0.00001 arr=  42.915MB ct=  42.915MB lift_waste=  21.917MB (arr-ct)=    0.000KB | sender_A:RC=6.126Gbps a=0.1355 sender_B:RC=6.101Gbps a=0.1358
t= 10.000ms | q=  0.0000MB p=0.00001 arr=  47.684MB ct=  47.684MB lift_waste=  25.141MB (arr-ct)=    0.000KB | sender_A:RC=6.852Gbps a=0.1263 sender_B:RC=6.828Gbps a=0.1266
t= 11.000ms | q=  0.0000MB p=0.00001 arr=  52.452MB ct=  52.452MB lift_waste=  28.192MB (arr-ct)=    0.000KB | sender_A:RC=7.579Gbps a=0.1176 sender_B:RC=7.555Gbps a=0.1179
t= 12.000ms | q=  0.0000MB p=0.00001 arr=  57.220MB ct=  57.220MB lift_waste=  31.070MB (arr-ct)=    0.000KB | sender_A:RC=8.305Gbps a=0.1096 sender_B:RC=8.281Gbps a=0.1099
t= 13.000ms | q=  0.0000MB p=0.00001 arr=  61.989MB ct=  61.989MB lift_waste=  33.775MB (arr-ct)=    0.000KB | sender_A:RC=9.032Gbps a=0.1021 sender_B:RC=9.008Gbps a=0.1024
t= 14.000ms | q=  0.0000MB p=0.00001 arr=  66.757MB ct=  66.757MB lift_waste=  36.306MB (arr-ct)=    0.000KB | sender_A:RC=9.758Gbps a=0.0952 sender_B:RC=9.734Gbps a=0.0954
t= 15.000ms | q=  0.0000MB p=0.00001 arr=  71.526MB ct=  71.526MB lift_waste=  38.665MB (arr-ct)=    0.000KB | sender_A:RC=10.484Gbps a=0.0887 sender_B:RC=10.460Gbps a=0.0889
t= 16.000ms | q=  0.0000MB p=0.00001 arr=  76.294MB ct=  76.294MB lift_waste=  40.850MB (arr-ct)=   -0.000KB | sender_A:RC=11.211Gbps a=0.0827 sender_B:RC=11.186Gbps a=0.0829
t= 17.000ms | q=  0.0000MB p=0.00001 arr=  81.062MB ct=  81.062MB lift_waste=  42.862MB (arr-ct)=    0.000KB | sender_A:RC=11.937Gbps a=0.0770 sender_B:RC=11.913Gbps a=0.0772
t= 18.000ms | q=  0.0000MB p=0.00001 arr=  85.831MB ct=  85.831MB lift_waste=  44.701MB (arr-ct)=    0.000KB | sender_A:RC=12.663Gbps a=0.0718 sender_B:RC=12.639Gbps a=0.0720
t= 19.000ms | q=  0.0000MB p=0.00001 arr=  90.599MB ct=  90.599MB lift_waste=  46.367MB (arr-ct)=   -0.000KB | sender_A:RC=13.389Gbps a=0.0670 sender_B:RC=13.365Gbps a=0.0671
t= 20.000ms | q=  0.0000MB p=0.00001 arr=  95.367MB ct=  95.367MB lift_waste=  47.859MB (arr-ct)=   -0.000KB | sender_A:RC=14.115Gbps a=0.0624 sender_B:RC=14.091Gbps a=0.0626
t= 21.000ms | q=  0.0000MB p=0.00001 arr= 100.136MB ct= 100.136MB lift_waste=  49.179MB (arr-ct)=    0.000KB | sender_A:RC=14.841Gbps a=0.0582 sender_B:RC=14.817Gbps a=0.0583
t= 22.000ms | q=  0.0000MB p=0.00001 arr= 104.904MB ct= 104.904MB lift_waste=  50.325MB (arr-ct)=    0.000KB | sender_A:RC=15.567Gbps a=0.0543 sender_B:RC=15.543Gbps a=0.0544
t= 23.000ms | q=  0.0000MB p=0.00001 arr= 109.673MB ct= 109.673MB lift_waste=  51.299MB (arr-ct)=   -0.000KB | sender_A:RC=16.293Gbps a=0.0506 sender_B:RC=16.268Gbps a=0.0508
t= 24.000ms | q=  0.0000MB p=0.00001 arr= 114.441MB ct= 114.441MB lift_waste=  52.099MB (arr-ct)=   -0.000KB | sender_A:RC=17.018Gbps a=0.0472 sender_B:RC=16.994Gbps a=0.0474
t= 25.000ms | q=  0.0000MB p=0.00001 arr= 119.209MB ct= 119.209MB lift_waste=  52.727MB (arr-ct)=    0.000KB | sender_A:RC=17.744Gbps a=0.0441 sender_B:RC=17.720Gbps a=0.0442
t= 26.000ms | q=  0.0000MB p=0.00001 arr= 123.978MB ct= 123.978MB lift_waste=  53.181MB (arr-ct)=    0.000KB | sender_A:RC=18.470Gbps a=0.0411 sender_B:RC=18.445Gbps a=0.0412
t= 27.000ms | q=  0.0000MB p=0.00001 arr= 128.746MB ct= 128.746MB lift_waste=  53.463MB (arr-ct)=   -0.000KB | sender_A:RC=19.195Gbps a=0.0384 sender_B:RC=19.171Gbps a=0.0385
t= 28.000ms | q=  0.0000MB p=0.00001 arr= 133.514MB ct= 133.514MB lift_waste=  53.571MB (arr-ct)=    0.000KB | sender_A:RC=19.921Gbps a=0.0359 sender_B:RC=19.896Gbps a=0.0360
t= 29.000ms | q=  0.0636MB p=0.01556 arr= 138.346MB ct= 138.283MB lift_waste=  53.572MB (arr-ct)=   65.174KB | sender_A:RC=20.274Gbps a=0.0375 sender_B:RC=20.412Gbps a=0.0358
t= 30.000ms | q=  0.0000MB p=0.00001 arr= 143.051MB ct= 143.051MB lift_waste=  53.616MB (arr-ct)=    0.000KB | sender_A:RC=19.843Gbps a=0.0476 sender_B:RC=19.813Gbps a=0.0477
t= 31.000ms | q=  0.0502MB p=0.00149 arr= 147.870MB ct= 147.820MB lift_waste=  53.621MB (arr-ct)=   51.454KB | sender_A:RC=20.569Gbps a=0.0444 sender_B:RC=20.539Gbps a=0.0446
t= 32.000ms | q=  0.0000MB p=0.00001 arr= 152.588MB ct= 152.588MB lift_waste=  53.656MB (arr-ct)=    0.000KB | sender_A:RC=19.836Gbps a=0.0552 sender_B:RC=19.799Gbps a=0.0554
t= 33.000ms | q=  0.0484MB p=0.00001 arr= 157.405MB ct= 157.356MB lift_waste=  53.662MB (arr-ct)=   49.545KB | sender_A:RC=20.562Gbps a=0.0516 sender_B:RC=20.525Gbps a=0.0517
t= 34.000ms | q=  0.0000MB p=0.00001 arr= 162.125MB ct= 162.125MB lift_waste=  53.695MB (arr-ct)=    0.000KB | sender_A:RC=19.865Gbps a=0.0606 sender_B:RC=19.820Gbps a=0.0608
t= 35.000ms | q=  0.0530MB p=0.00434 arr= 166.946MB ct= 166.893MB lift_waste=  53.699MB (arr-ct)=   54.233KB | sender_A:RC=20.581Gbps a=0.0566 sender_B:RC=20.546Gbps a=0.0567
t= 36.000ms | q=  0.0000MB p=0.00001 arr= 171.661MB ct= 171.661MB lift_waste=  53.732MB (arr-ct)=    0.000KB | sender_A:RC=19.916Gbps a=0.0644 sender_B:RC=19.864Gbps a=0.0647
t= 37.000ms | q=  0.0606MB p=0.01236 arr= 176.490MB ct= 176.430MB lift_waste=  53.734MB (arr-ct)=   62.055KB | sender_A:RC=20.254Gbps a=0.0626 sender_B:RC=20.423Gbps a=0.0614
t= 38.000ms | q=  0.0000MB p=0.00001 arr= 181.198MB ct= 181.198MB lift_waste=  53.767MB (arr-ct)=    0.000KB | sender_A:RC=19.982Gbps a=0.0671 sender_B:RC=19.922Gbps a=0.0674
t= 39.000ms | q=  0.0603MB p=0.01204 arr= 186.027MB ct= 185.966MB lift_waste=  53.767MB (arr-ct)=   61.737KB | sender_A:RC=19.491Gbps a=0.0701 sender_B:RC=19.719Gbps a=0.0686
t= 40.000ms | q=  0.0001MB p=0.00001 arr= 190.735MB ct= 190.735MB lift_waste=  53.800MB (arr-ct)=    0.099KB | sender_A:RC=20.059Gbps a=0.0691 sender_B:RC=19.991Gbps a=0.0694
t= 41.000ms | q=  0.0410MB p=0.00001 arr= 195.544MB ct= 195.503MB lift_waste=  53.800MB (arr-ct)=   42.017KB | sender_A:RC=19.085Gbps a=0.0755 sender_B:RC=18.960Gbps a=0.0756
t= 42.000ms | q=  0.0018MB p=0.00001 arr= 200.273MB ct= 200.272MB lift_waste=  53.832MB (arr-ct)=    1.859KB | sender_A:RC=20.143Gbps a=0.0705 sender_B:RC=20.068Gbps a=0.0708
t= 43.000ms | q=  0.0186MB p=0.00001 arr= 205.059MB ct= 205.040MB lift_waste=  53.832MB (arr-ct)=   19.048KB | sender_A:RC=19.391Gbps a=0.0765 sender_B:RC=19.271Gbps a=0.0769
t= 44.000ms | q=  0.0061MB p=0.00001 arr= 209.814MB ct= 209.808MB lift_waste=  53.864MB (arr-ct)=    6.202KB | sender_A:RC=20.234Gbps a=0.0714 sender_B:RC=20.152Gbps a=0.0717
t= 45.000ms | q=  0.0019MB p=0.00001 arr= 214.579MB ct= 214.577MB lift_waste=  53.864MB (arr-ct)=    1.956KB | sender_A:RC=19.565Gbps a=0.0771 sender_B:RC=19.464Gbps a=0.0775
t= 46.000ms | q=  0.0132MB p=0.00001 arr= 219.358MB ct= 219.345MB lift_waste=  53.895MB (arr-ct)=   13.521KB | sender_A:RC=20.328Gbps a=0.0719 sender_B:RC=20.240Gbps a=0.0723
t= 47.000ms | q=  0.0000MB p=0.00001 arr= 224.113MB ct= 224.113MB lift_waste=  53.906MB (arr-ct)=    0.000KB | sender_A:RC=19.689Gbps a=0.0774 sender_B:RC=19.591Gbps a=0.0778
t= 48.000ms | q=  0.0236MB p=0.00001 arr= 228.905MB ct= 228.882MB lift_waste=  53.926MB (arr-ct)=   24.117KB | sender_A:RC=20.426Gbps a=0.0722 sender_B:RC=20.332Gbps a=0.0725
t= 49.000ms | q=  0.0000MB p=0.00001 arr= 233.650MB ct= 233.650MB lift_waste=  53.947MB (arr-ct)=    0.000KB | sender_A:RC=19.798Gbps a=0.0775 sender_B:RC=19.698Gbps a=0.0779
t= 50.000ms | q=  0.0373MB p=0.00001 arr= 238.456MB ct= 238.419MB lift_waste=  53.957MB (arr-ct)=   38.206KB | sender_A:RC=20.527Gbps a=0.0723 sender_B:RC=20.428Gbps a=0.0726
t= 51.000ms | q=  0.0000MB p=0.00001 arr= 243.187MB ct= 243.187MB lift_waste=  53.984MB (arr-ct)=    0.000KB | sender_A:RC=19.903Gbps a=0.0774 sender_B:RC=19.799Gbps a=0.0777
t= 52.000ms | q=  0.0546MB p=0.00608 arr= 248.010MB ct= 247.955MB lift_waste=  53.988MB (arr-ct)=   55.926KB | sender_A:RC=20.573Gbps a=0.0725 sender_B:RC=20.525Gbps a=0.0725
t= 53.000ms | q=  0.0000MB p=0.00001 arr= 252.724MB ct= 252.724MB lift_waste=  54.018MB (arr-ct)=    0.000KB | sender_A:RC=20.008Gbps a=0.0771 sender_B:RC=19.899Gbps a=0.0775
t= 54.000ms | q=  0.0581MB p=0.00978 arr= 257.550MB ct= 257.492MB lift_waste=  54.018MB (arr-ct)=   59.532KB | sender_A:RC=19.364Gbps a=0.0795 sender_B:RC=19.563Gbps a=0.0781
t= 55.000ms | q=  0.0005MB p=0.00001 arr= 262.261MB ct= 262.260MB lift_waste=  54.049MB (arr-ct)=    0.544KB | sender_A:RC=20.114Gbps a=0.0768 sender_B:RC=20.001Gbps a=0.0771
t= 56.000ms | q=  0.0283MB p=0.00001 arr= 267.057MB ct= 267.029MB lift_waste=  54.049MB (arr-ct)=   28.989KB | sender_A:RC=19.281Gbps a=0.0818 sender_B:RC=19.095Gbps a=0.0822
t= 57.000ms | q=  0.0043MB p=0.00001 arr= 271.801MB ct= 271.797MB lift_waste=  54.079MB (arr-ct)=    4.397KB | sender_A:RC=20.221Gbps a=0.0763 sender_B:RC=20.104Gbps a=0.0767
t= 58.000ms | q=  0.0059MB p=0.00001 arr= 276.571MB ct= 276.566MB lift_waste=  54.079MB (arr-ct)=    6.026KB | sender_A:RC=19.547Gbps a=0.0813 sender_B:RC=19.409Gbps a=0.0817
t= 59.000ms | q=  0.0117MB p=0.00001 arr= 281.346MB ct= 281.334MB lift_waste=  54.109MB (arr-ct)=   12.030KB | sender_A:RC=20.328Gbps a=0.0758 sender_B:RC=20.208Gbps a=0.0762
t= 60.000ms | q=  0.0000MB p=0.00001 arr= 286.102MB ct= 286.102MB lift_waste=  54.119MB (arr-ct)=    0.000KB | sender_A:RC=19.696Gbps a=0.0807 sender_B:RC=19.569Gbps a=0.0811
t= 61.000ms | q=  0.0230MB p=0.00001 arr= 290.894MB ct= 290.871MB lift_waste=  54.140MB (arr-ct)=   23.521KB | sender_A:RC=20.436Gbps a=0.0752 sender_B:RC=20.313Gbps a=0.0756
t= 62.000ms | q=  0.0000MB p=0.00001 arr= 295.639MB ct= 295.639MB lift_waste=  54.160MB (arr-ct)=    0.000KB | sender_A:RC=19.815Gbps a=0.0800 sender_B:RC=19.688Gbps a=0.0804
t= 63.000ms | q=  0.0380MB p=0.00001 arr= 300.445MB ct= 300.407MB lift_waste=  54.170MB (arr-ct)=   38.910KB | sender_A:RC=20.545Gbps a=0.0746 sender_B:RC=20.419Gbps a=0.0750
t= 64.000ms | q=  0.0000MB p=0.00001 arr= 305.176MB ct= 305.176MB lift_waste=  54.197MB (arr-ct)=    0.000KB | sender_A:RC=19.927Gbps a=0.0794 sender_B:RC=19.798Gbps a=0.0797
t= 65.000ms | q=  0.0567MB p=0.00823 arr= 310.001MB ct= 309.944MB lift_waste=  54.200MB (arr-ct)=   58.021KB | sender_A:RC=20.499Gbps a=0.0748 sender_B:RC=20.516Gbps a=0.0744
t= 66.000ms | q=  0.0000MB p=0.00001 arr= 314.713MB ct= 314.713MB lift_waste=  54.230MB (arr-ct)=    0.000KB | sender_A:RC=20.037Gbps a=0.0787 sender_B:RC=19.906Gbps a=0.0790
t= 67.000ms | q=  0.0540MB p=0.00542 arr= 319.535MB ct= 319.481MB lift_waste=  54.230MB (arr-ct)=   55.281KB | sender_A:RC=19.154Gbps a=0.0822 sender_B:RC=19.297Gbps a=0.0809
t= 68.000ms | q=  0.0010MB p=0.00001 arr= 324.250MB ct= 324.249MB lift_waste=  54.260MB (arr-ct)=    1.057KB | sender_A:RC=20.146Gbps a=0.0779 sender_B:RC=20.014Gbps a=0.0783
t= 69.000ms | q=  0.0222MB p=0.00001 arr= 329.040MB ct= 329.018MB lift_waste=  54.260MB (arr-ct)=   22.765KB | sender_A:RC=19.370Gbps a=0.0828 sender_B:RC=19.185Gbps a=0.0832
t= 70.000ms | q=  0.0058MB p=0.00001 arr= 333.792MB ct= 333.786MB lift_waste=  54.290MB (arr-ct)=    5.940KB | sender_A:RC=20.256Gbps a=0.0772 sender_B:RC=20.122Gbps a=0.0776
t= 71.000ms | q=  0.0014MB p=0.00001 arr= 338.556MB ct= 338.554MB lift_waste=  54.290MB (arr-ct)=    1.403KB | sender_A:RC=19.600Gbps a=0.0820 sender_B:RC=19.452Gbps a=0.0824
t= 72.000ms | q=  0.0145MB p=0.00001 arr= 343.337MB ct= 343.323MB lift_waste=  54.320MB (arr-ct)=   14.828KB | sender_A:RC=20.365Gbps a=0.0765 sender_B:RC=20.230Gbps a=0.0768
t= 73.000ms | q=  0.0000MB p=0.00001 arr= 348.091MB ct= 348.091MB lift_waste=  54.333MB (arr-ct)=    0.000KB | sender_A:RC=19.740Gbps a=0.0812 sender_B:RC=19.600Gbps a=0.0816
t= 74.000ms | q=  0.0271MB p=0.00001 arr= 352.887MB ct= 352.859MB lift_waste=  54.350MB (arr-ct)=   27.720KB | sender_A:RC=20.475Gbps a=0.0757 sender_B:RC=20.338Gbps a=0.0761
t= 75.000ms | q=  0.0000MB p=0.00001 arr= 357.628MB ct= 357.628MB lift_waste=  54.373MB (arr-ct)=    0.000KB | sender_A:RC=19.857Gbps a=0.0804 sender_B:RC=19.718Gbps a=0.0807
t= 76.000ms | q=  0.0436MB p=0.00001 arr= 362.440MB ct= 362.396MB lift_waste=  54.380MB (arr-ct)=   44.616KB | sender_A:RC=20.585Gbps a=0.0750 sender_B:RC=20.447Gbps a=0.0753
t= 77.000ms | q=  0.0000MB p=0.00001 arr= 367.165MB ct= 367.165MB lift_waste=  54.408MB (arr-ct)=    0.000KB | sender_A:RC=19.968Gbps a=0.0796 sender_B:RC=19.829Gbps a=0.0799
t= 78.000ms | q=  0.0610MB p=0.01274 arr= 371.994MB ct= 371.933MB lift_waste=  54.410MB (arr-ct)=   62.426KB | sender_A:RC=20.096Gbps a=0.0774 sender_B:RC=20.249Gbps a=0.0762
t= 79.000ms | q=  0.0000MB p=0.00001 arr= 376.701MB ct= 376.701MB lift_waste=  54.440MB (arr-ct)=    0.011KB | sender_A:RC=20.079Gbps a=0.0788 sender_B:RC=19.939Gbps a=0.0791
t= 80.000ms | q=  0.0425MB p=0.00001 arr= 381.512MB ct= 381.470MB lift_waste=  54.440MB (arr-ct)=   43.546KB | sender_A:RC=19.065Gbps a=0.0836 sender_B:RC=18.920Gbps a=0.0835
t= 81.000ms | q=  0.0023MB p=0.00001 arr= 386.240MB ct= 386.238MB lift_waste=  54.470MB (arr-ct)=    2.326KB | sender_A:RC=20.189Gbps a=0.0780 sender_B:RC=20.048Gbps a=0.0783
t= 82.000ms | q=  0.0138MB p=0.00001 arr= 391.020MB ct= 391.006MB lift_waste=  54.470MB (arr-ct)=   14.095KB | sender_A:RC=19.475Gbps a=0.0828 sender_B:RC=19.303Gbps a=0.0831
t= 83.000ms | q=  0.0085MB p=0.00001 arr= 395.783MB ct= 395.775MB lift_waste=  54.500MB (arr-ct)=    8.687KB | sender_A:RC=20.298Gbps a=0.0772 sender_B:RC=20.157Gbps a=0.0775
t= 84.000ms | q=  0.0000MB p=0.00001 arr= 400.543MB ct= 400.543MB lift_waste=  54.504MB (arr-ct)=    0.000KB | sender_A:RC=19.659Gbps a=0.0819 sender_B:RC=19.510Gbps a=0.0823
t= 85.000ms | q=  0.0186MB p=0.00001 arr= 405.330MB ct= 405.312MB lift_waste=  54.530MB (arr-ct)=   19.086KB | sender_A:RC=20.408Gbps a=0.0764 sender_B:RC=20.267Gbps a=0.0767
t= 86.000ms | q=  0.0000MB p=0.00001 arr= 410.080MB ct= 410.080MB lift_waste=  54.547MB (arr-ct)=    0.000KB | sender_A:RC=19.787Gbps a=0.0811 sender_B:RC=19.643Gbps a=0.0814
t= 87.000ms | q=  0.0328MB p=0.00001 arr= 414.881MB ct= 414.848MB lift_waste=  54.560MB (arr-ct)=   33.557KB | sender_A:RC=20.518Gbps a=0.0756 sender_B:RC=20.376Gbps a=0.0759
t= 88.000ms | q=  0.0000MB p=0.00001 arr= 419.617MB ct= 419.617MB lift_waste=  54.585MB (arr-ct)=    0.000KB | sender_A:RC=19.901Gbps a=0.0802 sender_B:RC=19.758Gbps a=0.0806
t= 89.000ms | q=  0.0508MB p=0.00210 arr= 424.436MB ct= 424.385MB lift_waste=  54.590MB (arr-ct)=   52.049KB | sender_A:RC=20.628Gbps a=0.0748 sender_B:RC=20.486Gbps a=0.0751
t= 90.000ms | q=  0.0000MB p=0.00001 arr= 429.153MB ct= 429.153MB lift_waste=  54.619MB (arr-ct)=    0.000KB | sender_A:RC=20.012Gbps a=0.0794 sender_B:RC=19.870Gbps a=0.0797
t= 91.000ms | q=  0.0597MB p=0.01139 arr= 433.981MB ct= 433.922MB lift_waste=  54.620MB (arr-ct)=   61.106KB | sender_A:RC=19.520Gbps a=0.0806 sender_B:RC=19.703Gbps a=0.0791
t= 92.000ms | q=  0.0004MB p=0.00001 arr= 438.691MB ct= 438.690MB lift_waste=  54.650MB (arr-ct)=    0.426KB | sender_A:RC=20.123Gbps a=0.0786 sender_B:RC=19.980Gbps a=0.0789
t= 93.000ms | q=  0.0295MB p=0.00001 arr= 443.488MB ct= 443.459MB lift_waste=  54.650MB (arr-ct)=   30.209KB | sender_A:RC=19.275Gbps a=0.0834 sender_B:RC=19.058Gbps a=0.0837
t= 94.000ms | q=  0.0042MB p=0.00001 arr= 448.231MB ct= 448.227MB lift_waste=  54.680MB (arr-ct)=    4.310KB | sender_A:RC=20.232Gbps a=0.0777 sender_B:RC=20.089Gbps a=0.0781
t= 95.000ms | q=  0.0059MB p=0.00001 arr= 453.001MB ct= 452.995MB lift_waste=  54.680MB (arr-ct)=    6.007KB | sender_A:RC=19.560Gbps a=0.0825 sender_B:RC=19.399Gbps a=0.0828
t= 96.000ms | q=  0.0120MB p=0.00001 arr= 457.776MB ct= 457.764MB lift_waste=  54.710MB (arr-ct)=   12.267KB | sender_A:RC=20.342Gbps a=0.0769 sender_B:RC=20.199Gbps a=0.0772
t= 97.000ms | q=  0.0000MB p=0.00001 arr= 462.532MB ct= 462.532MB lift_waste=  54.719MB (arr-ct)=    0.000KB | sender_A:RC=19.713Gbps a=0.0816 sender_B:RC=19.565Gbps a=0.0820
t= 98.000ms | q=  0.0237MB p=0.00001 arr= 467.324MB ct= 467.300MB lift_waste=  54.739MB (arr-ct)=   24.292KB | sender_A:RC=20.452Gbps a=0.0761 sender_B:RC=20.309Gbps a=0.0764
t= 99.000ms | q=  0.0000MB p=0.00001 arr= 472.069MB ct= 472.069MB lift_waste=  54.760MB (arr-ct)=    0.000KB | sender_A:RC=19.833Gbps a=0.0808 sender_B:RC=19.689Gbps a=0.0811
t=100.000ms | q=  0.0394MB p=0.00001 arr= 476.877MB ct= 476.837MB lift_waste=  54.769MB (arr-ct)=   40.358KB | sender_A:RC=20.562Gbps a=0.0753 sender_B:RC=20.419Gbps a=0.0756
t=100.002ms | q=  0.0396MB p=0.00001 arr= 476.886MB ct= 476.847MB lift_waste=  54.769MB (arr-ct)=   40.597KB | sender_A:RC=20.564Gbps a=0.0753 sender_B:RC=20.420Gbps a=0.0756
