t=  0.000ms | q=  0.0000MB p=0.00001 arr=   0.000MB ct=   0.000MB lift_waste=   0.000MB (arr-ct)=    0.000KB | sender_A:RC=40.000Gbps a=0.0000 sender_B:RC=40.000Gbps a=0.0000
t=  1.000ms | q=  4.1783MB p=0.99999 arr=   8.947MB ct=   4.768MB lift_waste=   0.000MB (arr-ct)= 4278.598KB | sender_A:RC=31.422Gbps a=0.0603 sender_B:RC=31.946Gbps a=0.0583
t=  2.000ms | q=  4.7888MB p=0.99999 arr=  14.326MB ct=   9.537MB lift_waste=   0.000MB (arr-ct)= 4903.721KB | sender_A:RC=13.498Gbps a=0.1248 sender_B:RC=13.967Gbps a=0.1229
t=  3.000ms | q=  1.8626MB p=0.99999 arr=  16.168MB ct=  14.305MB lift_waste=   0.000MB (arr-ct)= 1907.351KB | sender_A:RC=3.290Gbps a=0.1848 sender_B:RC=3.461Gbps a=0.1830
t=  4.000ms | q=  0.0000MB p=0.00001 arr=  19.073MB ct=  19.073MB lift_waste=   2.361MB (arr-ct)=    0.000KB | sender_A:RC=2.413Gbps a=0.1946 sender_B:RC=2.389Gbps a=0.1951
t=  5.000ms | q=  0.0000MB p=0.00001 arr=  23.842MB ct=  23.842MB lift_waste=   6.471MB (arr-ct)=    0.000KB | sender_A:RC=3.140Gbps a=0.1813 sender_B:RC=3.116Gbps a=0.1817
t=  6.000ms | q=  0.0000MB p=0.00001 arr=  28.610MB ct=  28.610MB lift_waste=  10.407MB (arr-ct)=    0.000KB | sender_A:RC=3.867Gbps a=0.1689 sender_B:RC=3.843Gbps a=0.1693
t=  7.000ms | q=  0.0000MB p=0.00001 arr=  33.379MB ct=  33.379MB lift_waste=  14.170MB (arr-ct)=    0.000KB | sender_A:RC=4.594Gbps a=0.1573 sender_B:RC=4.570Gbps a=0.1577
t=  8.000ms | q=  0.0000MB p=0.00001 arr=  38.147MB ct=  38.147MB lift_waste=  17.759MB (arr-ct)=    0.000KB | sender_A:RC=5.320Gbps a=0.1466 sender_B:RC=5.297Gbps a=0.1469
t=  9.000ms | q=  0.0000MB p=0.00001 arr=  42.915MB ct=  42.915MB lift_waste=  21.176MB (arr-ct)=    0.000KB | sender_A:RC=6.047Gbps a=0.1365 sender_B:RC=6.023Gbps a=0.1369
t= 10.000ms | q=  0.0000MB p=0.00001 arr=  47.684MB ct=  47.684MB lift_waste=  24.419MB (arr-ct)=    0.000KB | sender_A:RC=6.774Gbps a=0.1272 sender_B:RC=6.750Gbps a=0.1275
t= 11.000ms | q=  0.0000MB p=0.00001 arr=  52.452MB ct=  52.452MB lift_waste=  27.488MB (arr-ct)=    0.000KB | sender_A:RC=7.500Gbps a=0.1185 sender_B:RC=7.477Gbps a=0.1188
t= 12.000ms | q=  0.0000MB p=0.00001 arr=  57.220MB ct=  57.220MB lift_waste=  30.385MB (arr-ct)=    0.000KB | sender_A:RC=8.227Gbps a=0.1104 sender_B:RC=8.203Gbps a=0.1107
t= 13.000ms | q=  0.0000MB p=0.00001 arr=  61.989MB ct=  61.989MB lift_waste=  33.108MB (arr-ct)=    0.000KB | sender_A:RC=8.953Gbps a=0.1029 sender_B:RC=8.930Gbps a=0.1031
t= 14.000ms | q=  0.0000MB p=0.00001 arr=  66.757MB ct=  66.757MB lift_waste=  35.658MB (arr-ct)=    0.000KB | sender_A:RC=9.680Gbps a=0.0959 sender_B:RC=9.656Gbps a=0.0961
t= 15.000ms | q=  0.0000MB p=0.00001 arr=  71.526MB ct=  71.526MB lift_waste=  38.035MB (arr-ct)=    0.000KB | sender_A:RC=10.406Gbps a=0.0894 sender_B:RC=10.382Gbps a=0.0896
t= 16.000ms | q=  0.0000MB p=0.00001 arr=  76.294MB ct=  76.294MB lift_waste=  40.239MB (arr-ct)=   -0.000KB | sender_A:RC=11.132Gbps a=0.0833 sender_B:RC=11.108Gbps a=0.0835
t= 17.000ms | q=  0.0000MB p=0.00001 arr=  81.062MB ct=  81.062MB lift_waste=  42.270MB (arr-ct)=    0.000KB | sender_A:RC=11.858Gbps a=0.0776 sender_B:RC=11.835Gbps a=0.0778
t= 18.000ms | q=  0.0000MB p=0.00001 arr=  85.831MB ct=  85.831MB lift_waste=  44.127MB (arr-ct)=    0.000KB | sender_A:RC=12.585Gbps a=0.0724 sender_B:RC=12.561Gbps a=0.0725
t= 19.000ms | q=  0.0000MB p=0.00001 arr=  90.599MB ct=  90.599MB lift_waste=  45.812MB (arr-ct)=   -0.000KB | sender_A:RC=13.311Gbps a=0.0675 sender_B:RC=13.287Gbps a=0.0676
t= 20.000ms | q=  0.0000MB p=0.00001 arr=  95.367MB ct=  95.367MB lift_waste=  47.323MB (arr-ct)=   -0.000KB | sender_A:RC=14.037Gbps a=0.0629 sender_B:RC=14.013Gbps a=0.0630
t= 21.000ms | q=  0.0000MB p=0.00001 arr= 100.136MB ct= 100.136MB lift_waste=  48.661MB (arr-ct)=    0.000KB | sender_A:RC=14.763Gbps a=0.0586 sender_B:RC=14.739Gbps a=0.0588
t= 22.000ms | q=  0.0000MB p=0.00001 arr= 104.904MB ct= 104.904MB lift_waste=  49.827MB (arr-ct)=    0.000KB | sender_A:RC=15.488Gbps a=0.0547 sender_B:RC=15.465Gbps a=0.0548
t= 23.000ms | q=  0.0000MB p=0.00001 arr= 109.673MB ct= 109.673MB lift_waste=  50.819MB (arr-ct)=   -0.000KB | sender_A:RC=16.214Gbps a=0.0510 sender_B:RC=16.190Gbps a=0.0511
t= 24.000ms | q=  0.0000MB p=0.00001 arr= 114.441MB ct= 114.441MB lift_waste=  51.638MB (arr-ct)=   -0.000KB | sender_A:RC=16.940Gbps a=0.0476 sender_B:RC=16.916Gbps a=0.0477
t= 25.000ms | q=  0.0000MB p=0.00001 arr= 119.209MB ct= 119.209MB lift_waste=  52.284MB (arr-ct)=    0.000KB | sender_A:RC=17.666Gbps a=0.0444 sender_B:RC=17.642Gbps a=0.0445
t= 26.000ms | q=  0.0000MB p=0.00001 arr= 123.978MB ct= 123.978MB lift_waste=  52.757MB (arr-ct)=    0.000KB | sender_A:RC=18.391Gbps a=0.0415 sender_B:RC=18.368Gbps a=0.0415
t= 27.000ms | q=  0.0000MB p=0.00001 arr= 128.746MB ct= 128.746MB lift_waste=  53.057MB (arr-ct)=   -0.000KB | sender_A:RC=19.117Gbps a=0.0387 sender_B:RC=19.093Gbps a=0.0388
t= 28.000ms | q=  0.0000MB p=0.00001 arr= 133.514MB ct= 133.514MB lift_waste=  53.184MB (arr-ct)=    0.000KB | sender_A:RC=19.842Gbps a=0.0361 sender_B:RC=19.819Gbps a=0.0362
t= 29.000ms | q=  0.0506MB p=0.00001 arr= 138.333MB ct= 138.283MB lift_waste=  53.189MB (arr-ct)=   51.857KB | sender_A:RC=20.568Gbps a=0.0337 sender_B:RC=20.544Gbps a=0.0338
t= 30.000ms | q=  0.2695MB p=0.00001 arr= 143.321MB ct= 143.051MB lift_waste=  53.189MB (arr-ct)=  275.932KB | sender_A:RC=21.293Gbps a=0.0315 sender_B:RC=21.269Gbps a=0.0316
t= 31.000ms | q=  0.5553MB p=0.07040 arr= 148.375MB ct= 147.820MB lift_waste=  53.189MB (arr-ct)=  568.641KB | sender_A:RC=19.030Gbps a=0.0541 sender_B:RC=19.305Gbps a=0.0521
t= 32.000ms | q=  0.0876MB p=0.00001 arr= 152.675MB ct= 152.588MB lift_waste=  53.189MB (arr-ct)=   89.654KB | sender_A:RC=18.350Gbps a=0.0623 sender_B:RC=18.323Gbps a=0.0625
t= 33.000ms | q=  0.0000MB p=0.00001 arr= 157.356MB ct= 157.356MB lift_waste=  53.411MB (arr-ct)=    0.000KB | sender_A:RC=19.076Gbps a=0.0581 sender_B:RC=19.049Gbps a=0.0583
t= 34.000ms | q=  0.0000MB p=0.00001 arr= 162.125MB ct= 162.125MB lift_waste=  53.549MB (arr-ct)=    0.000KB | sender_A:RC=19.801Gbps a=0.0543 sender_B:RC=19.774Gbps a=0.0544
t= 35.000ms | q=  0.0432MB p=0.00001 arr= 166.936MB ct= 166.893MB lift_waste=  53.556MB (arr-ct)=   44.207KB | sender_A:RC=20.527Gbps a=0.0506 sender_B:RC=20.500Gbps a=0.0507
t= 36.000ms | q=  0.2518MB p=0.00001 arr= 171.913MB ct= 171.661MB lift_waste=  53.556MB (arr-ct)=  257.884KB | sender_A:RC=21.252Gbps a=0.0472 sender_B:RC=21.225Gbps a=0.0474
t= 37.000ms | q=  0.5385MB p=0.05276 arr= 176.968MB ct= 176.430MB lift_waste=  53.556MB (arr-ct)=  551.443KB | sender_A:RC=18.825Gbps a=0.0647 sender_B:RC=19.148Gbps a=0.0627
t= 38.000ms | q=  0.0984MB p=0.00001 arr= 181.296MB ct= 181.198MB lift_waste=  53.556MB (arr-ct)=  100.721KB | sender_A:RC=18.535Gbps a=0.0690 sender_B:RC=18.503Gbps a=0.0692
t= 39.000ms | q=  0.0000MB p=0.00001 arr= 185.966MB ct= 185.966MB lift_waste=  53.725MB (arr-ct)=    0.000KB | sender_A:RC=19.260Gbps a=0.0644 sender_B:RC=19.228Gbps a=0.0645
t= 40.000ms | q=  0.0000MB p=0.00001 arr= 190.735MB ct= 190.735MB lift_waste=  53.818MB (arr-ct)=    0.000KB | sender_A:RC=19.986Gbps a=0.0600 sender_B:RC=19.954Gbps a=0.0602
t= 41.000ms | q=  0.0793MB p=0.00001 arr= 195.583MB ct= 195.503MB lift_waste=  53.819MB (arr-ct)=   81.168KB | sender_A:RC=20.711Gbps a=0.0560 sender_B:RC=20.679Gbps a=0.0562
t= 42.000ms | q=  0.3313MB p=0.00001 arr= 200.603MB ct= 200.272MB lift_waste=  53.819MB (arr-ct)=  339.266KB | sender_A:RC=21.436Gbps a=0.0523 sender_B:RC=21.405Gbps a=0.0524
t= 43.000ms | q=  0.4016MB p=0.00001 arr= 205.442MB ct= 205.040MB lift_waste=  53.819MB (arr-ct)=  411.213KB | sender_A:RC=17.916Gbps a=0.0760 sender_B:RC=17.836Gbps a=0.0763
t= 44.000ms | q=  0.0144MB p=0.00001 arr= 209.823MB ct= 209.808MB lift_waste=  53.819MB (arr-ct)=   14.742KB | sender_A:RC=18.775Gbps a=0.0709 sender_B:RC=18.738Gbps a=0.0711
t= 45.000ms | q=  0.0000MB p=0.00001 arr= 214.577MB ct= 214.577MB lift_waste=  54.014MB (arr-ct)=    0.000KB | sender_A:RC=19.500Gbps a=0.0661 sender_B:RC=19.463Gbps a=0.0663
t= 46.000ms | q=  0.0070MB p=0.00001 arr= 219.352MB ct= 219.345MB lift_waste=  54.059MB (arr-ct)=    7.178KB | sender_A:RC=20.226Gbps a=0.0617 sender_B:RC=20.189Gbps a=0.0619
t= 47.000ms | q=  0.1427MB p=0.00001 arr= 224.256MB ct= 224.113MB lift_waste=  54.059MB (arr-ct)=  146.147KB | sender_A:RC=20.951Gbps a=0.0576 sender_B:RC=20.914Gbps a=0.0577
t= 48.000ms | q=  0.4514MB p=0.00001 arr= 229.333MB ct= 228.882MB lift_waste=  54.059MB (arr-ct)=  462.201KB | sender_A:RC=21.676Gbps a=0.0537 sender_B:RC=21.640Gbps a=0.0539
t= 49.000ms | q=  0.2493MB p=0.00001 arr= 233.899MB ct= 233.650MB lift_waste=  54.059MB (arr-ct)=  255.251KB | sender_A:RC=18.304Gbps a=0.0759 sender_B:RC=18.261Gbps a=0.0761
t= 50.000ms | q=  0.0000MB p=0.00001 arr= 238.419MB ct= 238.419MB lift_waste=  54.131MB (arr-ct)=    0.000KB | sender_A:RC=19.035Gbps a=0.0708 sender_B:RC=18.994Gbps a=0.0710
t= 51.000ms | q=  0.0000MB p=0.00001 arr= 243.187MB ct= 243.187MB lift_waste=  54.280MB (arr-ct)=    0.000KB | sender_A:RC=19.761Gbps a=0.0660 sender_B:RC=19.719Gbps a=0.0662
t= 52.000ms | q=  0.0355MB p=0.00001 arr= 247.991MB ct= 247.955MB lift_waste=  54.291MB (arr-ct)=   36.364KB | sender_A:RC=20.486Gbps a=0.0616 sender_B:RC=20.445Gbps a=0.0618
t= 53.000ms | q=  0.2328MB p=0.00001 arr= 252.957MB ct= 252.724MB lift_waste=  54.291MB (arr-ct)=  238.398KB | sender_A:RC=21.212Gbps a=0.0575 sender_B:RC=21.170Gbps a=0.0576
t= 54.000ms | q=  0.5394MB p=0.05373 arr= 258.032MB ct= 257.492MB lift_waste=  54.291MB (arr-ct)=  552.391KB | sender_A:RC=19.175Gbps a=0.0696 sender_B:RC=19.517Gbps a=0.0677
t= 55.000ms | q=  0.1137MB p=0.00001 arr= 262.374MB ct= 262.260MB lift_waste=  54.291MB (arr-ct)=  116.439KB | sender_A:RC=18.580Gbps a=0.0748 sender_B:RC=18.534Gbps a=0.0750
t= 56.000ms | q=  0.0000MB p=0.00001 arr= 267.029MB ct= 267.029MB lift_waste=  54.435MB (arr-ct)=    0.000KB | sender_A:RC=19.305Gbps a=0.0698 sender_B:RC=19.260Gbps a=0.0700
t= 57.000ms | q=  0.0000MB p=0.00001 arr= 271.797MB ct= 271.797MB lift_waste=  54.520MB (arr-ct)=    0.009KB | sender_A:RC=20.031Gbps a=0.0651 sender_B:RC=19.985Gbps a=0.0653
t= 58.000ms | q=  0.0882MB p=0.00001 arr= 276.654MB ct= 276.566MB lift_waste=  54.520MB (arr-ct)=   90.319KB | sender_A:RC=20.756Gbps a=0.0607 sender_B:RC=20.711Gbps a=0.0609
t= 59.000ms | q=  0.3493MB p=0.00001 arr= 281.683MB ct= 281.334MB lift_waste=  54.520MB (arr-ct)=  357.718KB | sender_A:RC=21.481Gbps a=0.0566 sender_B:RC=21.436Gbps a=0.0568
t= 60.000ms | q=  0.3662MB p=0.00001 arr= 286.469MB ct= 286.102MB lift_waste=  54.520MB (arr-ct)=  375.033KB | sender_A:RC=18.058Gbps a=0.0786 sender_B:RC=17.985Gbps a=0.0788
t= 61.000ms | q=  0.0000MB p=0.00001 arr= 290.871MB ct= 290.871MB lift_waste=  54.521MB (arr-ct)=    0.000KB | sender_A:RC=18.854Gbps a=0.0733 sender_B:RC=18.805Gbps a=0.0735
t= 62.000ms | q=  0.0000MB p=0.00001 arr= 295.639MB ct= 295.639MB lift_waste=  54.714MB (arr-ct)=    0.000KB | sender_A:RC=19.579Gbps a=0.0683 sender_B:RC=19.530Gbps a=0.0685
t= 63.000ms | q=  0.0128MB p=0.00001 arr= 300.420MB ct= 300.407MB lift_waste=  54.747MB (arr-ct)=   13.135KB | sender_A:RC=20.305Gbps a=0.0637 sender_B:RC=20.256Gbps a=0.0639
t= 64.000ms | q=  0.1659MB p=0.00001 arr= 305.342MB ct= 305.176MB lift_waste=  54.747MB (arr-ct)=  169.891KB | sender_A:RC=21.030Gbps a=0.0595 sender_B:RC=20.981Gbps a=0.0596
t= 65.000ms | q=  0.4919MB p=0.00382 arr= 310.436MB ct= 309.944MB lift_waste=  54.747MB (arr-ct)=  503.729KB | sender_A:RC=21.755Gbps a=0.0555 sender_B:RC=21.706Gbps a=0.0556
t= 66.000ms | q=  0.2063MB p=0.00001 arr= 314.919MB ct= 314.713MB lift_waste=  54.747MB (arr-ct)=  211.266KB | sender_A:RC=18.402Gbps a=0.0767 sender_B:RC=18.349Gbps a=0.0769
t= 67.000ms | q=  0.0000MB p=0.00001 arr= 319.481MB ct= 319.481MB lift_waste=  54.841MB (arr-ct)=    0.000KB | sender_A:RC=19.130Gbps a=0.0715 sender_B:RC=19.078Gbps a=0.0718
t= 68.000ms | q=  0.0000MB p=0.00001 arr= 324.249MB ct= 324.249MB lift_waste=  54.968MB (arr-ct)=    0.000KB | sender_A:RC=19.855Gbps a=0.0667 sender_B:RC=19.803Gbps a=0.0669
t= 69.000ms | q=  0.0504MB p=0.00001 arr= 329.068MB ct= 329.018MB lift_waste=  54.973MB (arr-ct)=   51.657KB | sender_A:RC=20.581Gbps a=0.0622 sender_B:RC=20.529Gbps a=0.0624
t= 70.000ms | q=  0.2690MB p=0.00001 arr= 334.055MB ct= 333.786MB lift_waste=  54.973MB (arr-ct)=  275.464KB | sender_A:RC=21.306Gbps a=0.0581 sender_B:RC=21.254Gbps a=0.0582
t= 71.000ms | q=  0.4964MB p=0.00855 arr= 339.051MB ct= 338.554MB lift_waste=  54.973MB (arr-ct)=  508.339KB | sender_A:RC=17.664Gbps a=0.0786 sender_B:RC=17.970Gbps a=0.0768
t= 72.000ms | q=  0.0721MB p=0.00001 arr= 343.395MB ct= 343.323MB lift_waste=  54.973MB (arr-ct)=   73.797KB | sender_A:RC=18.681Gbps a=0.0748 sender_B:RC=18.627Gbps a=0.0750
t= 73.000ms | q=  0.0000MB p=0.00001 arr= 348.091MB ct= 348.091MB lift_waste=  55.136MB (arr-ct)=    0.000KB | sender_A:RC=19.407Gbps a=0.0698 sender_B:RC=19.352Gbps a=0.0700
t= 74.000ms | q=  0.0018MB p=0.00001 arr= 352.861MB ct= 352.859MB lift_waste=  55.199MB (arr-ct)=    1.827KB | sender_A:RC=20.132Gbps a=0.0651 sender_B:RC=20.078Gbps a=0.0653
t= 75.000ms | q=  0.1131MB p=0.00001 arr= 357.741MB ct= 357.628MB lift_waste=  55.199MB (arr-ct)=  115.814KB | sender_A:RC=20.858Gbps a=0.0607 sender_B:RC=20.803Gbps a=0.0609
t= 76.000ms | q=  0.3974MB p=0.00001 arr= 362.794MB ct= 362.396MB lift_waste=  55.199MB (arr-ct)=  406.888KB | sender_A:RC=21.583Gbps a=0.0566 sender_B:RC=21.528Gbps a=0.0568
t= 77.000ms | q=  0.3049MB p=0.00001 arr= 367.470MB ct= 367.165MB lift_waste=  55.199MB (arr-ct)=  312.248KB | sender_A:RC=18.213Gbps a=0.0782 sender_B:RC=18.150Gbps a=0.0784
t= 78.000ms | q=  0.0000MB p=0.00001 arr= 371.933MB ct= 371.933MB lift_waste=  55.236MB (arr-ct)=    0.000KB | sender_A:RC=18.958Gbps a=0.0729 sender_B:RC=18.902Gbps a=0.0731
t= 79.000ms | q=  0.0000MB p=0.00001 arr= 376.701MB ct= 376.701MB lift_waste=  55.405MB (arr-ct)=    0.000KB | sender_A:RC=19.684Gbps a=0.0680 sender_B:RC=19.627Gbps a=0.0682
t= 80.000ms | q=  0.0238MB p=0.00001 arr= 381.493MB ct= 381.470MB lift_waste=  55.425MB (arr-ct)=   24.341KB | sender_A:RC=20.409Gbps a=0.0634 sender_B:RC=20.353Gbps a=0.0636
t= 81.000ms | q=  0.2009MB p=0.00001 arr= 386.439MB ct= 386.238MB lift_waste=  55.425MB (arr-ct)=  205.738KB | sender_A:RC=21.135Gbps a=0.0592 sender_B:RC=21.078Gbps a=0.0593
t= 82.000ms | q=  0.5378MB p=0.05204 arr= 391.544MB ct= 391.006MB lift_waste=  55.425MB (arr-ct)=  550.736KB | sender_A:RC=20.540Gbps a=0.0631 sender_B:RC=20.853Gbps a=0.0611
t= 83.000ms | q=  0.1539MB p=0.00001 arr= 395.929MB ct= 395.775MB lift_waste=  55.425MB (arr-ct)=  157.547KB | sender_A:RC=18.510Gbps a=0.0761 sender_B:RC=18.451Gbps a=0.0764
t= 84.000ms | q=  0.0000MB p=0.00001 arr= 400.543MB ct= 400.543MB lift_waste=  55.547MB (arr-ct)=    0.000KB | sender_A:RC=19.236Gbps a=0.0710 sender_B:RC=19.177Gbps a=0.0712
t= 85.000ms | q=  0.0000MB p=0.00001 arr= 405.312MB ct= 405.312MB lift_waste=  55.650MB (arr-ct)=    0.000KB | sender_A:RC=19.961Gbps a=0.0662 sender_B:RC=19.903Gbps a=0.0664
t= 86.000ms | q=  0.0709MB p=0.00001 arr= 410.151MB ct= 410.080MB lift_waste=  55.650MB (arr-ct)=   72.576KB | sender_A:RC=20.687Gbps a=0.0618 sender_B:RC=20.628Gbps a=0.0620
t= 87.000ms | q=  0.3139MB p=0.00001 arr= 415.162MB ct= 414.848MB lift_waste=  55.650MB (arr-ct)=  321.448KB | sender_A:RC=21.412Gbps a=0.0576 sender_B:RC=21.354Gbps a=0.0578
t= 88.000ms | q=  0.4167MB p=0.00001 arr= 420.033MB ct= 419.617MB lift_waste=  55.650MB (arr-ct)=  426.702KB | sender_A:RC=17.878Gbps a=0.0795 sender_B:RC=17.759Gbps a=0.0798
t= 89.000ms | q=  0.0283MB p=0.00001 arr= 424.413MB ct= 424.385MB lift_waste=  55.650MB (arr-ct)=   29.011KB | sender_A:RC=18.788Gbps a=0.0742 sender_B:RC=18.728Gbps a=0.0744
t= 90.000ms | q=  0.0000MB p=0.00001 arr= 429.153MB ct= 429.153MB lift_waste=  55.832MB (arr-ct)=    0.000KB | sender_A:RC=19.513Gbps a=0.0692 sender_B:RC=19.453Gbps a=0.0694
t= 91.000ms | q=  0.0071MB p=0.00001 arr= 433.929MB ct= 433.922MB lift_waste=  55.876MB (arr-ct)=    7.275KB | sender_A:RC=20.238Gbps a=0.0645 sender_B:RC=20.179Gbps a=0.0647
t= 92.000ms | q=  0.1431MB p=0.00001 arr= 438.833MB ct= 438.690MB lift_waste=  55.876MB (arr-ct)=  146.583KB | sender_A:RC=20.964Gbps a=0.0602 sender_B:RC=20.904Gbps a=0.0604
t= 93.000ms | q=  0.4521MB p=0.00001 arr= 443.911MB ct= 443.459MB lift_waste=  55.876MB (arr-ct)=  462.976KB | sender_A:RC=21.689Gbps a=0.0562 sender_B:RC=21.630Gbps a=0.0563
t= 94.000ms | q=  0.2450MB p=0.00001 arr= 448.472MB ct= 448.227MB lift_waste=  55.876MB (arr-ct)=  250.841KB | sender_A:RC=18.334Gbps a=0.0774 sender_B:RC=18.272Gbps a=0.0777
t= 95.000ms | q=  0.0000MB p=0.00001 arr= 452.995MB ct= 452.995MB lift_waste=  55.948MB (arr-ct)=    0.000KB | sender_A:RC=19.065Gbps a=0.0722 sender_B:RC=19.004Gbps a=0.0724
t= 96.000ms | q=  0.0000MB p=0.00001 arr= 457.764MB ct= 457.764MB lift_waste=  56.092MB (arr-ct)=    0.000KB | sender_A:RC=19.790Gbps a=0.0674 sender_B:RC=19.730Gbps a=0.0675
t= 97.000ms | q=  0.0386MB p=0.00001 arr= 462.571MB ct= 462.532MB lift_waste=  56.101MB (arr-ct)=   39.533KB | sender_A:RC=20.516Gbps a=0.0628 sender_B:RC=20.455Gbps a=0.0630
t= 98.000ms | q=  0.2406MB p=0.00001 arr= 467.541MB ct= 467.300MB lift_waste=  56.101MB (arr-ct)=  246.408KB | sender_A:RC=21.241Gbps a=0.0586 sender_B:RC=21.180Gbps a=0.0588
t= 99.000ms | q=  0.5327MB p=0.04670 arr= 472.602MB ct= 472.069MB lift_waste=  56.101MB (arr-ct)=  545.529KB | sender_A:RC=18.801Gbps a=0.0726 sender_B:RC=19.134Gbps a=0.0707
t=100.000ms | q=  0.1035MB p=0.00001 arr= 476.941MB ct= 476.837MB lift_waste=  56.101MB (arr-ct)=  105.988KB | sender_A:RC=18.616Gbps a=0.0754 sender_B:RC=18.555Gbps a=0.0756
t=100.002ms | q=  0.1028MB p=0.00001 arr= 476.950MB ct= 476.847MB lift_waste=  56.101MB (arr-ct)=  105.298KB | sender_A:RC=18.618Gbps a=0.0754 sender_B:RC=18.556Gbps a=0.0756
