t=  0.000ms | q=  0.0000MB p=0.00001 arr=   0.000MB ct=   0.000MB lift_waste=   0.000MB (arr-ct)=    0.000KB | sender_A:RC=40.000Gbps a=0.0000 sender_B:RC=40.000Gbps a=0.0000
t=  1.000ms | q=  3.9476MB p=0.99999 arr=   8.716MB ct=   4.768MB lift_waste=   0.000MB (arr-ct)= 4042.328KB | sender_A:RC=29.605Gbps a=0.0671 sender_B:RC=30.146Gbps a=0.0651
t=  2.000ms | q=  4.1219MB p=0.99999 arr=  13.659MB ct=   9.537MB lift_waste=   0.000MB (arr-ct)= 4220.843KB | sender_A:RC=11.986Gbps a=0.1310 sender_B:RC=12.420Gbps a=0.1292
t=  3.000ms | q=  0.9555MB p=0.99999 arr=  15.261MB ct=  14.305MB lift_waste=   0.000MB (arr-ct)=  978.454KB | sender_A:RC=2.764Gbps a=0.1906 sender_B:RC=2.911Gbps a=0.1889
t=  4.000ms | q=  0.0000MB p=0.00001 arr=  19.073MB ct=  19.073MB lift_waste=   3.282MB (arr-ct)=    0.000KB | sender_A:RC=2.501Gbps a=0.1930 sender_B:RC=2.476Gbps a=0.1935
t=  5.000ms | q=  0.0000MB p=0.00001 arr=  23.842MB ct=  23.842MB lift_waste=   7.371MB (arr-ct)=    0.000KB | sender_A:RC=3.228Gbps a=0.1798 sender_B:RC=3.204Gbps a=0.1802
t=  6.000ms | q=  0.0000MB p=0.00001 arr=  28.610MB ct=  28.610MB lift_waste=  11.286MB (arr-ct)=    0.000KB | sender_A:RC=3.955Gbps a=0.1675 sender_B:RC=3.930Gbps a=0.1679
t=  7.000ms | q=  0.0000MB p=0.00001 arr=  33.379MB ct=  33.379MB lift_waste=  15.028MB (arr-ct)=    0.000KB | sender_A:RC=4.682Gbps a=0.1560 sender_B:RC=4.657Gbps a=0.1564
t=  8.000ms | q=  0.0000MB p=0.00001 arr=  38.147MB ct=  38.147MB lift_waste=  18.597MB (arr-ct)=    0.000KB | sender_A:RC=5.408Gbps a=0.1453 sender_B:RC=5.384Gbps a=0.1457
t=  9.000ms | q=  0.0000MB p=0.00001 arr=  42.915MB ct=  42.915MB lift_waste=  21.992MB (arr-ct)=    0.000KB | sender_A:RC=6.135Gbps a=0.1354 sender_B:RC=6.111Gbps a=0.1357
t= 10.000ms | q=  0.0000MB p=0.00001 arr=  47.684MB ct=  47.684MB lift_waste=  25.214MB (arr-ct)=    0.000KB | sender_A:RC=6.862Gbps a=0.1261 sender_B:RC=6.837Gbps a=0.1264
t= 11.000ms | q=  0.0000MB p=0.00001 arr=  52.452MB ct=  52.452MB lift_waste=  28.263MB (arr-ct)=    0.000KB | sender_A:RC=7.588Gbps a=0.1175 sender_B:RC=7.564Gbps a=0.1178
t= 12.000ms | q=  0.0000MB p=0.00001 arr=  57.220MB ct=  57.220MB lift_waste=  31.138MB (arr-ct)=    0.000KB | sender_A:RC=8.315Gbps a=0.1095 sender_B:RC=8.291Gbps a=0.1098
t= 13.000ms | q=  0.0000MB p=0.00001 arr=  61.989MB ct=  61.989MB lift_waste=  33.841MB (arr-ct)=    0.000KB | sender_A:RC=9.041Gbps a=0.1020 sender_B:RC=9.017Gbps a=0.1023
t= 14.000ms | q=  0.0000MB p=0.00001 arr=  66.757MB ct=  66.757MB lift_waste=  36.370MB (arr-ct)=    0.000KB | sender_A:RC=9.768Gbps a=0.0951 sender_B:RC=9.743Gbps a=0.0953
t= 15.000ms | q=  0.0000MB p=0.00001 arr=  71.526MB ct=  71.526MB lift_waste=  38.726MB (arr-ct)=    0.000KB | sender_A:RC=10.494Gbps a=0.0886 sender_B:RC=10.470Gbps a=0.0888
t= 16.000ms | q=  0.0000MB p=0.00001 arr=  76.294MB ct=  76.294MB lift_waste=  40.909MB (arr-ct)=   -0.000KB | sender_A:RC=11.220Gbps a=0.0826 sender_B:RC=11.196Gbps a=0.0828
t= 17.000ms | q=  0.0000MB p=0.00001 arr=  81.062MB ct=  81.062MB lift_waste=  42.919MB (arr-ct)=    0.000KB | sender_A:RC=11.946Gbps a=0.0770 sender_B:RC=11.922Gbps a=0.0772
t= 18.000ms | q=  0.0000MB p=0.00001 arr=  85.831MB ct=  85.831MB lift_waste=  44.756MB (arr-ct)=    0.000KB | sender_A:RC=12.673Gbps a=0.0718 sender_B:RC=12.648Gbps a=0.0719
t= 19.000ms | q=  0.0000MB p=0.00001 arr=  90.599MB ct=  90.599MB lift_waste=  46.419MB (arr-ct)=   -0.000KB | sender_A:RC=13.399Gbps a=0.0669 sender_B:RC=13.374Gbps a=0.0671
t= 20.000ms | q=  0.0000MB p=0.00001 arr=  95.367MB ct=  95.367MB lift_waste=  47.909MB (arr-ct)=   -0.000KB | sender_A:RC=14.125Gbps a=0.0624 sender_B:RC=14.100Gbps a=0.0625
t= 21.000ms | q=  0.0000MB p=0.00001 arr= 100.136MB ct= 100.136MB lift_waste=  49.227MB (arr-ct)=    0.000KB | sender_A:RC=14.850Gbps a=0.0582 sender_B:RC=14.826Gbps a=0.0583
t= 22.000ms | q=  0.0000MB p=0.00001 arr= 104.904MB ct= 104.904MB lift_waste=  50.371MB (arr-ct)=    0.000KB | sender_A:RC=15.576Gbps a=0.0542 sender_B:RC=15.552Gbps a=0.0544
t= 23.000ms | q=  0.0000MB p=0.00001 arr= 109.673MB ct= 109.673MB lift_waste=  51.342MB (arr-ct)=   -0.000KB | sender_A:RC=16.302Gbps a=0.0506 sender_B:RC=16.278Gbps a=0.0507
t= 24.000ms | q=  0.0000MB p=0.00001 arr= 114.441MB ct= 114.441MB lift_waste=  52.141MB (arr-ct)=   -0.000KB | sender_A:RC=17.028Gbps a=0.0472 sender_B:RC=17.004Gbps a=0.0473
t= 25.000ms | q=  0.0000MB p=0.00001 arr= 119.209MB ct= 119.209MB lift_waste=  52.766MB (arr-ct)=    0.000KB | sender_A:RC=17.754Gbps a=0.0441 sender_B:RC=17.729Gbps a=0.0442
t= 26.000ms | q=  0.0000MB p=0.00001 arr= 123.978MB ct= 123.978MB lift_waste=  53.218MB (arr-ct)=    0.000KB | sender_A:RC=18.479Gbps a=0.0411 sender_B:RC=18.455Gbps a=0.0412
t= 27.000ms | q=  0.0000MB p=0.00001 arr= 128.746MB ct= 128.746MB lift_waste=  53.497MB (arr-ct)=   -0.000KB | sender_A:RC=19.205Gbps a=0.0384 sender_B:RC=19.180Gbps a=0.0385
t= 28.000ms | q=  0.0000MB p=0.00001 arr= 133.514MB ct= 133.514MB lift_waste=  53.603MB (arr-ct)=    0.000KB | sender_A:RC=19.930Gbps a=0.0358 sender_B:RC=19.906Gbps a=0.0359
t= 29.000ms | q=  0.0000MB p=0.00001 arr= 138.283MB ct= 138.283MB lift_waste=  53.612MB (arr-ct)=    0.002KB | sender_A:RC=20.019Gbps a=0.0421 sender_B:RC=19.991Gbps a=0.0422
t= 30.000ms | q=  0.0028MB p=0.00001 arr= 143.054MB ct= 143.051MB lift_waste=  53.619MB (arr-ct)=    2.862KB | sender_A:RC=20.149Gbps a=0.0469 sender_B:RC=20.121Gbps a=0.0471
t= 31.000ms | q=  0.0103MB p=0.00566 arr= 147.830MB ct= 147.820MB lift_waste=  53.626MB (arr-ct)=   10.522KB | sender_A:RC=19.965Gbps a=0.0534 sender_B:RC=20.059Gbps a=0.0525
t= 32.000ms | q=  0.0000MB p=0.00001 arr= 152.588MB ct= 152.588MB lift_waste=  53.635MB (arr-ct)=    0.000KB | sender_A:RC=19.839Gbps a=0.0599 sender_B:RC=19.780Gbps a=0.0601
t= 33.000ms | q=  0.0008MB p=0.00001 arr= 157.357MB ct= 157.356MB lift_waste=  53.645MB (arr-ct)=    0.842KB | sender_A:RC=20.096Gbps a=0.0618 sender_B:RC=20.058Gbps a=0.0620
t= 34.000ms | q=  0.0099MB p=0.00523 arr= 162.134MB ct= 162.125MB lift_waste=  53.651MB (arr-ct)=   10.099KB | sender_A:RC=19.949Gbps a=0.0656 sender_B:RC=20.052Gbps a=0.0648
t= 35.000ms | q=  0.0000MB p=0.00001 arr= 166.893MB ct= 166.893MB lift_waste=  53.662MB (arr-ct)=    0.000KB | sender_A:RC=19.933Gbps a=0.0698 sender_B:RC=19.875Gbps a=0.0700
t= 36.000ms | q=  0.0043MB p=0.00001 arr= 171.666MB ct= 171.661MB lift_waste=  53.670MB (arr-ct)=    4.418KB | sender_A:RC=20.194Gbps a=0.0703 sender_B:RC=20.150Gbps a=0.0706
t= 37.000ms | q=  0.0000MB p=0.00001 arr= 176.430MB ct= 176.430MB lift_waste=  53.676MB (arr-ct)=    0.000KB | sender_A:RC=19.741Gbps a=0.0758 sender_B:RC=19.638Gbps a=0.0761
t= 38.000ms | q=  0.0013MB p=0.00001 arr= 181.199MB ct= 181.198MB lift_waste=  53.689MB (arr-ct)=    1.288KB | sender_A:RC=20.124Gbps a=0.0757 sender_B:RC=20.071Gbps a=0.0760
t= 39.000ms | q=  0.0064MB p=0.00161 arr= 185.973MB ct= 185.966MB lift_waste=  53.695MB (arr-ct)=    6.566KB | sender_A:RC=19.633Gbps a=0.0798 sender_B:RC=19.698Gbps a=0.0793
t= 40.000ms | q=  0.0002MB p=0.00001 arr= 190.735MB ct= 190.735MB lift_waste=  53.708MB (arr-ct)=    0.248KB | sender_A:RC=20.076Gbps a=0.0798 sender_B:RC=20.015Gbps a=0.0801
t= 41.000ms | q=  0.0090MB p=0.00435 arr= 195.512MB ct= 195.503MB lift_waste=  53.714MB (arr-ct)=    9.245KB | sender_A:RC=19.800Gbps a=0.0820 sender_B:RC=19.912Gbps a=0.0813
t= 42.000ms | q=  0.0000MB p=0.00001 arr= 200.272MB ct= 200.272MB lift_waste=  53.727MB (arr-ct)=    0.012KB | sender_A:RC=20.046Gbps a=0.0829 sender_B:RC=19.977Gbps a=0.0833
t= 43.000ms | q=  0.0095MB p=0.00480 arr= 205.049MB ct= 205.040MB lift_waste=  53.734MB (arr-ct)=    9.677KB | sender_A:RC=19.924Gbps a=0.0839 sender_B:RC=20.030Gbps a=0.0833
t= 44.000ms | q=  0.0000MB p=0.00001 arr= 209.808MB ct= 209.808MB lift_waste=  53.747MB (arr-ct)=    0.000KB | sender_A:RC=20.032Gbps a=0.0854 sender_B:RC=19.956Gbps a=0.0857
t= 45.000ms | q=  0.0094MB p=0.00475 arr= 214.586MB ct= 214.577MB lift_waste=  53.754MB (arr-ct)=    9.636KB | sender_A:RC=19.969Gbps a=0.0858 sender_B:RC=20.066Gbps a=0.0853
t= 46.000ms | q=  0.0000MB p=0.00001 arr= 219.345MB ct= 219.345MB lift_waste=  53.767MB (arr-ct)=    0.000KB | sender_A:RC=20.032Gbps a=0.0873 sender_B:RC=19.952Gbps a=0.0876
t= 47.000ms | q=  0.0094MB p=0.00474 arr= 224.123MB ct= 224.113MB lift_waste=  53.774MB (arr-ct)=    9.621KB | sender_A:RC=19.951Gbps a=0.0876 sender_B:RC=20.049Gbps a=0.0871
t= 48.000ms | q=  0.0000MB p=0.00001 arr= 228.882MB ct= 228.882MB lift_waste=  53.787MB (arr-ct)=    0.000KB | sender_A:RC=20.044Gbps a=0.0887 sender_B:RC=19.960Gbps a=0.0891
t= 49.000ms | q=  0.0093MB p=0.00462 arr= 233.659MB ct= 233.650MB lift_waste=  53.794MB (arr-ct)=    9.509KB | sender_A:RC=19.881Gbps a=0.0893 sender_B:RC=19.986Gbps a=0.0887
t= 50.000ms | q=  0.0000MB p=0.00001 arr= 238.419MB ct= 238.419MB lift_waste=  53.807MB (arr-ct)=    0.043KB | sender_A:RC=20.063Gbps a=0.0898 sender_B:RC=19.977Gbps a=0.0902
t= 51.000ms | q=  0.0087MB p=0.00400 arr= 243.196MB ct= 243.187MB lift_waste=  53.814MB (arr-ct)=    8.900KB | sender_A:RC=19.772Gbps a=0.0909 sender_B:RC=19.876Gbps a=0.0903
t= 52.000ms | q=  0.0002MB p=0.00001 arr= 247.956MB ct= 247.955MB lift_waste=  53.828MB (arr-ct)=    0.232KB | sender_A:RC=20.089Gbps a=0.0906 sender_B:RC=20.002Gbps a=0.0910
t= 53.000ms | q=  0.0071MB p=0.00236 arr= 252.731MB ct= 252.724MB lift_waste=  53.835MB (arr-ct)=    7.297KB | sender_A:RC=19.654Gbps a=0.0924 sender_B:RC=19.728Gbps a=0.0919
t= 54.000ms | q=  0.0006MB p=0.00001 arr= 257.493MB ct= 257.492MB lift_waste=  53.848MB (arr-ct)=    0.653KB | sender_A:RC=20.118Gbps a=0.0912 sender_B:RC=20.029Gbps a=0.0916
t= 55.000ms | q=  0.0044MB p=0.00001 arr= 262.265MB ct= 262.260MB lift_waste=  53.855MB (arr-ct)=    4.474KB | sender_A:RC=19.599Gbps a=0.0936 sender_B:RC=19.586Gbps a=0.0934
t= 56.000ms | q=  0.0013MB p=0.00001 arr= 267.030MB ct= 267.029MB lift_waste=  53.869MB (arr-ct)=    1.376KB | sender_A:RC=20.148Gbps a=0.0917 sender_B:RC=20.059Gbps a=0.0920
t= 57.000ms | q=  0.0009MB p=0.00001 arr= 271.798MB ct= 271.797MB lift_waste=  53.876MB (arr-ct)=    0.927KB | sender_A:RC=19.693Gbps a=0.0940 sender_B:RC=19.540Gbps a=0.0944
t= 58.000ms | q=  0.0024MB p=0.00001 arr= 276.568MB ct= 276.566MB lift_waste=  53.889MB (arr-ct)=    2.454KB | sender_A:RC=20.181Gbps a=0.0920 sender_B:RC=20.091Gbps a=0.0923
t= 59.000ms | q=  0.0000MB p=0.00001 arr= 281.334MB ct= 281.334MB lift_waste=  53.898MB (arr-ct)=    0.000KB | sender_A:RC=19.796Gbps a=0.0942 sender_B:RC=19.652Gbps a=0.0946
t= 60.000ms | q=  0.0038MB p=0.00001 arr= 286.106MB ct= 286.102MB lift_waste=  53.910MB (arr-ct)=    3.925KB | sender_A:RC=20.214Gbps a=0.0921 sender_B:RC=20.123Gbps a=0.0925
t= 61.000ms | q=  0.0000MB p=0.00001 arr= 290.871MB ct= 290.871MB lift_waste=  53.921MB (arr-ct)=    0.000KB | sender_A:RC=19.882Gbps a=0.0944 sender_B:RC=19.753Gbps a=0.0947
t= 62.000ms | q=  0.0057MB p=0.00084 arr= 295.645MB ct= 295.639MB lift_waste=  53.931MB (arr-ct)=    5.817KB | sender_A:RC=20.247Gbps a=0.0922 sender_B:RC=20.155Gbps a=0.0926
t= 63.000ms | q=  0.0000MB p=0.00001 arr= 300.407MB ct= 300.407MB lift_waste=  53.943MB (arr-ct)=    0.000KB | sender_A:RC=19.953Gbps a=0.0944 sender_B:RC=19.836Gbps a=0.0947
t= 64.000ms | q=  0.0078MB p=0.00311 arr= 305.184MB ct= 305.176MB lift_waste=  53.951MB (arr-ct)=    8.031KB | sender_A:RC=20.201Gbps a=0.0925 sender_B:RC=20.183Gbps a=0.0926
t= 65.000ms | q=  0.0000MB p=0.00001 arr= 309.944MB ct= 309.944MB lift_waste=  53.965MB (arr-ct)=    0.000KB | sender_A:RC=20.013Gbps a=0.0943 sender_B:RC=19.903Gbps a=0.0947
t= 66.000ms | q=  0.0093MB p=0.00459 arr= 314.722MB ct= 314.713MB lift_waste=  53.972MB (arr-ct)=    9.475KB | sender_A:RC=20.003Gbps a=0.0936 sender_B:RC=20.076Gbps a=0.0931
t= 67.000ms | q=  0.0000MB p=0.00001 arr= 319.481MB ct= 319.481MB lift_waste=  53.986MB (arr-ct)=    0.015KB | sender_A:RC=20.065Gbps a=0.0942 sender_B:RC=19.960Gbps a=0.0946
t= 68.000ms | q=  0.0084MB p=0.00371 arr= 324.258MB ct= 324.249MB lift_waste=  53.993MB (arr-ct)=    8.619KB | sender_A:RC=19.750Gbps a=0.0950 sender_B:RC=19.840Gbps a=0.0943
t= 69.000ms | q=  0.0004MB p=0.00001 arr= 329.018MB ct= 329.018MB lift_waste=  54.007MB (arr-ct)=    0.429KB | sender_A:RC=20.112Gbps a=0.0941 sender_B:RC=20.010Gbps a=0.0944
t= 70.000ms | q=  0.0049MB p=0.00001 arr= 333.791MB ct= 333.786MB lift_waste=  54.014MB (arr-ct)=    5.009KB | sender_A:RC=19.599Gbps a=0.0960 sender_B:RC=19.598Gbps a=0.0957
t= 71.000ms | q=  0.0014MB p=0.00001 arr= 338.556MB ct= 338.554MB lift_waste=  54.027MB (arr-ct)=    1.392KB | sender_A:RC=20.155Gbps a=0.0939 sender_B:RC=20.055Gbps a=0.0943
t= 72.000ms | q=  0.0002MB p=0.00001 arr= 343.323MB ct= 343.323MB lift_waste=  54.034MB (arr-ct)=    0.217KB | sender_A:RC=19.717Gbps a=0.0960 sender_B:RC=19.546Gbps a=0.0963
t= 73.000ms | q=  0.0028MB p=0.00001 arr= 348.094MB ct= 348.091MB lift_waste=  54.048MB (arr-ct)=    2.874KB | sender_A:RC=20.196Gbps a=0.0937 sender_B:RC=20.096Gbps a=0.0940
t= 74.000ms | q=  0.0000MB p=0.00001 arr= 352.859MB ct= 352.859MB lift_waste=  54.058MB (arr-ct)=    0.000KB | sender_A:RC=19.838Gbps a=0.0958 sender_B:RC=19.693Gbps a=0.0961
t= 75.000ms | q=  0.0047MB p=0.00001 arr= 357.633MB ct= 357.628MB lift_waste=  54.069MB (arr-ct)=    4.858KB | sender_A:RC=20.235Gbps a=0.0935 sender_B:RC=20.136Gbps a=0.0938
t= 76.000ms | q=  0.0000MB p=0.00001 arr= 362.396MB ct= 362.396MB lift_waste=  54.081MB (arr-ct)=    0.000KB | sender_A:RC=19.929Gbps a=0.0955 sender_B:RC=19.801Gbps a=0.0959
t= 77.000ms | q=  0.0071MB p=0.00236 arr= 367.172MB ct= 367.165MB lift_waste=  54.090MB (arr-ct)=    7.301KB | sender_A:RC=20.240Gbps a=0.0934 sender_B:RC=20.175Gbps a=0.0936
t= 78.000ms | q=  0.0000MB p=0.00001 arr= 371.933MB ct= 371.933MB lift_waste=  54.103MB (arr-ct)=    0.000KB | sender_A:RC=20.001Gbps a=0.0952 sender_B:RC=19.883Gbps a=0.0956
t= 79.000ms | q=  0.0091MB p=0.00442 arr= 376.710MB ct= 376.701MB lift_waste=  54.111MB (arr-ct)=    9.306KB | sender_A:RC=20.056Gbps a=0.0941 sender_B:RC=20.111Gbps a=0.0937
t= 80.000ms | q=  0.0000MB p=0.00001 arr= 381.470MB ct= 381.470MB lift_waste=  54.125MB (arr-ct)=    0.001KB | sender_A:RC=20.059Gbps a=0.0950 sender_B:RC=19.949Gbps a=0.0953
t= 81.000ms | q=  0.0087MB p=0.00397 arr= 386.247MB ct= 386.238MB lift_waste=  54.131MB (arr-ct)=    8.875KB | sender_A:RC=19.781Gbps a=0.0954 sender_B:RC=19.871Gbps a=0.0948
t= 82.000ms | q=  0.0004MB p=0.00001 arr= 391.007MB ct= 391.006MB lift_waste=  54.145MB (arr-ct)=    0.370KB | sender_A:RC=20.110Gbps a=0.0947 sender_B:RC=20.004Gbps a=0.0950
t= 83.000ms | q=  0.0051MB p=0.00027 arr= 395.780MB ct= 395.775MB lift_waste=  54.152MB (arr-ct)=    5.263KB | sender_A:RC=19.602Gbps a=0.0965 sender_B:RC=19.606Gbps a=0.0961
t= 84.000ms | q=  0.0013MB p=0.00001 arr= 400.545MB ct= 400.543MB lift_waste=  54.166MB (arr-ct)=    1.356KB | sender_A:RC=20.156Gbps a=0.0944 sender_B:RC=20.052Gbps a=0.0947
t= 85.000ms | q=  0.0002MB p=0.00001 arr= 405.312MB ct= 405.312MB lift_waste=  54.173MB (arr-ct)=    0.216KB | sender_A:RC=19.717Gbps a=0.0964 sender_B:RC=19.543Gbps a=0.0967
t= 86.000ms | q=  0.0028MB p=0.00001 arr= 410.083MB ct= 410.080MB lift_waste=  54.187MB (arr-ct)=    2.905KB | sender_A:RC=20.198Gbps a=0.0941 sender_B:RC=20.096Gbps a=0.0944
t= 87.000ms | q=  0.0000MB p=0.00001 arr= 414.848MB ct= 414.848MB lift_waste=  54.197MB (arr-ct)=    0.000KB | sender_A:RC=19.843Gbps a=0.0961 sender_B:RC=19.697Gbps a=0.0964
t= 88.000ms | q=  0.0049MB p=0.00001 arr= 419.622MB ct= 419.617MB lift_waste=  54.208MB (arr-ct)=    4.982KB | sender_A:RC=20.239Gbps a=0.0938 sender_B:RC=20.137Gbps a=0.0941
t= 89.000ms | q=  0.0000MB p=0.00001 arr= 424.385MB ct= 424.385MB lift_waste=  54.220MB (arr-ct)=    0.000KB | sender_A:RC=19.936Gbps a=0.0958 sender_B:RC=19.807Gbps a=0.0961
t= 90.000ms | q=  0.0073MB p=0.00258 arr= 429.161MB ct= 429.153MB lift_waste=  54.229MB (arr-ct)=    7.514KB | sender_A:RC=20.232Gbps a=0.0936 sender_B:RC=20.177Gbps a=0.0938
t= 91.000ms | q=  0.0000MB p=0.00001 arr= 433.922MB ct= 433.922MB lift_waste=  54.242MB (arr-ct)=    0.000KB | sender_A:RC=20.008Gbps a=0.0954 sender_B:RC=19.890Gbps a=0.0958
t= 92.000ms | q=  0.0092MB p=0.00452 arr= 438.699MB ct= 438.690MB lift_waste=  54.250MB (arr-ct)=    9.407KB | sender_A:RC=20.028Gbps a=0.0944 sender_B:RC=20.090Gbps a=0.0940
t= 93.000ms | q=  0.0000MB p=0.00001 arr= 443.459MB ct= 443.459MB lift_waste=  54.263MB (arr-ct)=    0.010KB | sender_A:RC=20.066Gbps a=0.0951 sender_B:RC=19.955Gbps a=0.0954
t= 94.000ms | q=  0.0084MB p=0.00366 arr= 448.235MB ct= 448.227MB lift_waste=  54.270MB (arr-ct)=    8.569KB | sender_A:RC=19.747Gbps a=0.0957 sender_B:RC=19.833Gbps a=0.0951
t= 95.000ms | q=  0.0005MB p=0.00001 arr= 452.996MB ct= 452.995MB lift_waste=  54.284MB (arr-ct)=    0.474KB | sender_A:RC=20.117Gbps a=0.0948 sender_B:RC=20.010Gbps a=0.0951
t= 96.000ms | q=  0.0044MB p=0.00001 arr= 457.768MB ct= 457.764MB lift_waste=  54.291MB (arr-ct)=    4.517KB | sender_A:RC=19.600Gbps a=0.0967 sender_B:RC=19.577Gbps a=0.0964
t= 97.000ms | q=  0.0015MB p=0.00001 arr= 462.534MB ct= 462.532MB lift_waste=  54.305MB (arr-ct)=    1.561KB | sender_A:RC=20.163Gbps a=0.0944 sender_B:RC=20.059Gbps a=0.0948
t= 98.000ms | q=  0.0000MB p=0.00001 arr= 467.300MB ct= 467.300MB lift_waste=  54.313MB (arr-ct)=    0.000KB | sender_A:RC=19.741Gbps a=0.0964 sender_B:RC=19.571Gbps a=0.0968
t= 99.000ms | q=  0.0031MB p=0.00001 arr= 472.072MB ct= 472.069MB lift_waste=  54.326MB (arr-ct)=    3.215KB | sender_A:RC=20.205Gbps a=0.0941 sender_B:RC=20.103Gbps a=0.0944
t=100.000ms | q=  0.0000MB p=0.00001 arr= 476.837MB ct= 476.837MB lift_waste=  54.337MB (arr-ct)=    0.000KB | sender_A:RC=19.861Gbps a=0.0961 sender_B:RC=19.718Gbps a=0.0964
t=100.002ms | q=  0.0000MB p=0.00001 arr= 476.847MB ct= 476.847MB lift_waste=  54.337MB (arr-ct)=    0.000KB | sender_A:RC=19.865Gbps a=0.0961 sender_B:RC=19.723Gbps a=0.0964
