t=  0.000ms | q=  0.0000MB p=0.00001 arr=   0.000MB ct=   0.000MB (arr-ct)=    0.000KB waste=   0.000MB | sender_A:RC=40.000Gbps a=0.0000 sender_B:RC=40.000Gbps a=0.0000
t=  1.000ms | q=  3.9705MB p=0.99999 arr=   8.739MB ct=   4.768MB (arr-ct)= 4065.772KB waste=   0.000MB | sender_A:RC=29.775Gbps a=0.0665 sender_B:RC=30.316Gbps a=0.0645
t=  2.000ms | q=  4.1847MB p=0.99999 arr=  13.721MB ct=   9.537MB (arr-ct)= 4285.148KB waste=   0.000MB | sender_A:RC=12.121Gbps a=0.1305 sender_B:RC=12.558Gbps a=0.1286
t=  3.000ms | q=  1.0395MB p=0.99999 arr=  15.345MB ct=  14.305MB (arr-ct)= 1064.459KB waste=   0.000MB | sender_A:RC=2.810Gbps a=0.1901 sender_B:RC=2.959Gbps a=0.1884
t=  4.000ms | q=  0.0000MB p=0.00001 arr=  19.073MB ct=  19.073MB (arr-ct)=    0.000KB waste=   3.207MB | sender_A:RC=2.440Gbps a=0.1940 sender_B:RC=2.417Gbps a=0.1945
t=  5.000ms | q=  0.0000MB p=0.00001 arr=  23.842MB ct=  23.842MB (arr-ct)=    0.000KB waste=   7.310MB | sender_A:RC=3.167Gbps a=0.1807 sender_B:RC=3.144Gbps a=0.1811
t=  6.000ms | q=  0.0000MB p=0.00001 arr=  28.610MB ct=  28.610MB (arr-ct)=    0.000KB waste=  11.240MB | sender_A:RC=3.894Gbps a=0.1684 sender_B:RC=3.871Gbps a=0.1687
t=  7.000ms | q=  0.0000MB p=0.00001 arr=  33.379MB ct=  33.379MB (arr-ct)=    0.000KB waste=  14.996MB | sender_A:RC=4.621Gbps a=0.1568 sender_B:RC=4.598Gbps a=0.1572
t=  8.000ms | q=  0.0000MB p=0.00001 arr=  38.147MB ct=  38.147MB (arr-ct)=    0.000KB waste=  18.579MB | sender_A:RC=5.348Gbps a=0.1461 sender_B:RC=5.325Gbps a=0.1464
t=  9.000ms | q=  0.0000MB p=0.00001 arr=  42.915MB ct=  42.915MB (arr-ct)=    0.000KB waste=  21.988MB | sender_A:RC=6.074Gbps a=0.1361 sender_B:RC=6.052Gbps a=0.1364
t= 10.000ms | q=  0.0000MB p=0.00001 arr=  47.684MB ct=  47.684MB (arr-ct)=    0.000KB waste=  25.225MB | sender_A:RC=6.801Gbps a=0.1268 sender_B:RC=6.778Gbps a=0.1271
t= 11.000ms | q=  0.0000MB p=0.00001 arr=  52.452MB ct=  52.452MB (arr-ct)=    0.000KB waste=  28.288MB | sender_A:RC=7.528Gbps a=0.1182 sender_B:RC=7.505Gbps a=0.1184
t= 12.000ms | q=  0.0000MB p=0.00001 arr=  57.220MB ct=  57.220MB (arr-ct)=    0.000KB waste=  31.178MB | sender_A:RC=8.254Gbps a=0.1101 sender_B:RC=8.231Gbps a=0.1103
t= 13.000ms | q=  0.0000MB p=0.00001 arr=  61.989MB ct=  61.989MB (arr-ct)=    0.000KB waste=  33.895MB | sender_A:RC=8.980Gbps a=0.1026 sender_B:RC=8.958Gbps a=0.1028
t= 14.000ms | q=  0.0000MB p=0.00001 arr=  66.757MB ct=  66.757MB (arr-ct)=    0.000KB waste=  36.438MB | sender_A:RC=9.707Gbps a=0.0956 sender_B:RC=9.684Gbps a=0.0958
t= 15.000ms | q=  0.0000MB p=0.00001 arr=  71.526MB ct=  71.526MB (arr-ct)=    0.000KB waste=  38.809MB | sender_A:RC=10.433Gbps a=0.0891 sender_B:RC=10.411Gbps a=0.0893
t= 16.000ms | q=  0.0000MB p=0.00001 arr=  76.294MB ct=  76.294MB (arr-ct)=   -0.000KB waste=  41.006MB | sender_A:RC=11.159Gbps a=0.0830 sender_B:RC=11.137Gbps a=0.0832
t= 17.000ms | q=  0.0000MB p=0.00001 arr=  81.062MB ct=  81.062MB (arr-ct)=    0.000KB waste=  43.030MB | sender_A:RC=11.886Gbps a=0.0774 sender_B:RC=11.863Gbps a=0.0776
t= 18.000ms | q=  0.0000MB p=0.00001 arr=  85.831MB ct=  85.831MB (arr-ct)=    0.000KB waste=  44.881MB | sender_A:RC=12.612Gbps a=0.0721 sender_B:RC=12.589Gbps a=0.0723
t= 19.000ms | q=  0.0000MB p=0.00001 arr=  90.599MB ct=  90.599MB (arr-ct)=   -0.000KB waste=  46.558MB | sender_A:RC=13.338Gbps a=0.0672 sender_B:RC=13.315Gbps a=0.0674
t= 20.000ms | q=  0.0000MB p=0.00001 arr=  95.367MB ct=  95.367MB (arr-ct)=   -0.000KB waste=  48.063MB | sender_A:RC=14.064Gbps a=0.0627 sender_B:RC=14.041Gbps a=0.0628
t= 21.000ms | q=  0.0000MB p=0.00001 arr= 100.136MB ct= 100.136MB (arr-ct)=    0.000KB waste=  49.395MB | sender_A:RC=14.790Gbps a=0.0585 sender_B:RC=14.767Gbps a=0.0586
t= 22.000ms | q=  0.0000MB p=0.00001 arr= 104.904MB ct= 104.904MB (arr-ct)=    0.000KB waste=  50.553MB | sender_A:RC=15.516Gbps a=0.0545 sender_B:RC=15.493Gbps a=0.0546
t= 23.000ms | q=  0.0000MB p=0.00001 arr= 109.673MB ct= 109.673MB (arr-ct)=   -0.000KB waste=  51.539MB | sender_A:RC=16.241Gbps a=0.0509 sender_B:RC=16.219Gbps a=0.0510
t= 24.000ms | q=  0.0000MB p=0.00001 arr= 114.441MB ct= 114.441MB (arr-ct)=   -0.000KB waste=  52.351MB | sender_A:RC=16.967Gbps a=0.0475 sender_B:RC=16.945Gbps a=0.0476
t= 25.000ms | q=  0.0000MB p=0.00001 arr= 119.209MB ct= 119.209MB (arr-ct)=    0.000KB waste=  52.991MB | sender_A:RC=17.693Gbps a=0.0443 sender_B:RC=17.670Gbps a=0.0444
t= 26.000ms | q=  0.0000MB p=0.00001 arr= 123.978MB ct= 123.978MB (arr-ct)=    0.000KB waste=  53.457MB | sender_A:RC=18.418Gbps a=0.0413 sender_B:RC=18.396Gbps a=0.0414
t= 27.000ms | q=  0.0000MB p=0.00001 arr= 128.746MB ct= 128.746MB (arr-ct)=   -0.000KB waste=  53.751MB | sender_A:RC=19.144Gbps a=0.0386 sender_B:RC=19.121Gbps a=0.0387
t= 28.000ms | q=  0.0000MB p=0.00001 arr= 133.514MB ct= 133.514MB (arr-ct)=    0.000KB waste=  53.871MB | sender_A:RC=19.869Gbps a=0.0360 sender_B:RC=19.847Gbps a=0.0361
t= 29.000ms | q=  0.0554MB p=0.11641 arr= 138.338MB ct= 138.283MB (arr-ct)=   56.752KB waste=  53.874MB | sender_A:RC=20.365Gbps a=0.0359 sender_B:RC=20.558Gbps a=0.0339
t= 30.000ms | q=  0.0000MB p=0.00001 arr= 143.051MB ct= 143.051MB (arr-ct)=    0.000KB waste=  53.937MB | sender_A:RC=19.798Gbps a=0.0467 sender_B:RC=19.776Gbps a=0.0468
t= 31.000ms | q=  0.0431MB p=0.00001 arr= 147.863MB ct= 147.820MB (arr-ct)=   44.100KB waste=  53.944MB | sender_A:RC=20.524Gbps a=0.0436 sender_B:RC=20.501Gbps a=0.0437
t= 32.000ms | q=  0.0000MB p=0.00001 arr= 152.588MB ct= 152.588MB (arr-ct)=    0.000KB waste=  54.004MB | sender_A:RC=19.754Gbps a=0.0539 sender_B:RC=19.732Gbps a=0.0541
t= 33.000ms | q=  0.0360MB p=0.00001 arr= 157.392MB ct= 157.356MB (arr-ct)=   36.891KB waste=  54.015MB | sender_A:RC=20.480Gbps a=0.0503 sender_B:RC=20.458Gbps a=0.0504
t= 34.000ms | q=  0.0000MB p=0.00001 arr= 162.125MB ct= 162.125MB (arr-ct)=    0.000KB waste=  54.073MB | sender_A:RC=19.721Gbps a=0.0592 sender_B:RC=19.698Gbps a=0.0593
t= 35.000ms | q=  0.0311MB p=0.00001 arr= 166.924MB ct= 166.893MB (arr-ct)=   31.868KB waste=  54.087MB | sender_A:RC=20.447Gbps a=0.0552 sender_B:RC=20.425Gbps a=0.0553
t= 36.000ms | q=  0.0000MB p=0.00001 arr= 171.661MB ct= 171.661MB (arr-ct)=    0.000KB waste=  54.143MB | sender_A:RC=19.697Gbps a=0.0631 sender_B:RC=19.674Gbps a=0.0632
t= 37.000ms | q=  0.0279MB p=0.00001 arr= 176.458MB ct= 176.430MB (arr-ct)=   28.533KB waste=  54.160MB | sender_A:RC=20.424Gbps a=0.0589 sender_B:RC=20.401Gbps a=0.0590
t= 38.000ms | q=  0.0000MB p=0.00001 arr= 181.198MB ct= 181.198MB (arr-ct)=    0.000KB waste=  54.216MB | sender_A:RC=19.673Gbps a=0.0661 sender_B:RC=19.650Gbps a=0.0663
t= 39.000ms | q=  0.0247MB p=0.00001 arr= 185.991MB ct= 185.966MB (arr-ct)=   25.282KB waste=  54.234MB | sender_A:RC=20.400Gbps a=0.0617 sender_B:RC=20.377Gbps a=0.0618
t= 40.000ms | q=  0.0000MB p=0.00001 arr= 190.735MB ct= 190.735MB (arr-ct)=    0.000KB waste=  54.289MB | sender_A:RC=19.645Gbps a=0.0685 sender_B:RC=19.622Gbps a=0.0686
t= 41.000ms | q=  0.0214MB p=0.00001 arr= 195.525MB ct= 195.503MB (arr-ct)=   21.865KB waste=  54.311MB | sender_A:RC=20.372Gbps a=0.0639 sender_B:RC=20.350Gbps a=0.0640
t= 42.000ms | q=  0.0000MB p=0.00001 arr= 200.272MB ct= 200.272MB (arr-ct)=    0.000KB waste=  54.365MB | sender_A:RC=19.604Gbps a=0.0704 sender_B:RC=19.580Gbps a=0.0706
t= 43.000ms | q=  0.0168MB p=0.00001 arr= 205.057MB ct= 205.040MB (arr-ct)=   17.240KB waste=  54.392MB | sender_A:RC=20.332Gbps a=0.0657 sender_B:RC=20.310Gbps a=0.0658
t= 44.000ms | q=  0.0000MB p=0.00001 arr= 209.808MB ct= 209.808MB (arr-ct)=    0.000KB waste=  54.442MB | sender_A:RC=19.558Gbps a=0.0720 sender_B:RC=19.534Gbps a=0.0722
t= 45.000ms | q=  0.0126MB p=0.00001 arr= 214.589MB ct= 214.577MB (arr-ct)=   12.856KB waste=  54.475MB | sender_A:RC=20.288Gbps a=0.0672 sender_B:RC=20.266Gbps a=0.0673
t= 46.000ms | q=  0.0000MB p=0.00001 arr= 219.345MB ct= 219.345MB (arr-ct)=    0.000KB waste=  54.518MB | sender_A:RC=19.514Gbps a=0.0733 sender_B:RC=19.489Gbps a=0.0735
t= 47.000ms | q=  0.0092MB p=0.00001 arr= 224.123MB ct= 224.113MB (arr-ct)=    9.427KB waste=  54.558MB | sender_A:RC=20.249Gbps a=0.0684 sender_B:RC=20.226Gbps a=0.0685
t= 48.000ms | q=  0.0000MB p=0.00001 arr= 228.882MB ct= 228.882MB (arr-ct)=    0.000KB waste=  54.593MB | sender_A:RC=19.478Gbps a=0.0743 sender_B:RC=19.452Gbps a=0.0745
t= 49.000ms | q=  0.0070MB p=0.00001 arr= 233.657MB ct= 233.650MB (arr-ct)=    7.152KB waste=  54.638MB | sender_A:RC=20.218Gbps a=0.0693 sender_B:RC=20.196Gbps a=0.0695
t= 50.000ms | q=  0.0000MB p=0.00001 arr= 238.419MB ct= 238.419MB (arr-ct)=    0.000KB waste=  54.668MB | sender_A:RC=19.454Gbps a=0.0751 sender_B:RC=19.425Gbps a=0.0753
t= 51.000ms | q=  0.0059MB p=0.00001 arr= 243.193MB ct= 243.187MB (arr-ct)=    5.991KB waste=  54.716MB | sender_A:RC=20.200Gbps a=0.0701 sender_B:RC=20.178Gbps a=0.0702
t= 52.000ms | q=  0.0000MB p=0.00001 arr= 247.955MB ct= 247.955MB (arr-ct)=    0.000KB waste=  54.743MB | sender_A:RC=19.421Gbps a=0.0758 sender_B:RC=19.391Gbps a=0.0760
t= 53.000ms | q=  0.0043MB p=0.00001 arr= 252.728MB ct= 252.724MB (arr-ct)=    4.359KB waste=  54.796MB | sender_A:RC=20.173Gbps a=0.0707 sender_B:RC=20.151Gbps a=0.0709
t= 54.000ms | q=  0.0000MB p=0.00001 arr= 257.492MB ct= 257.492MB (arr-ct)=    0.000KB waste=  54.819MB | sender_A:RC=19.374Gbps a=0.0765 sender_B:RC=19.340Gbps a=0.0766
t= 55.000ms | q=  0.0026MB p=0.00001 arr= 262.263MB ct= 262.260MB (arr-ct)=    2.650KB waste=  54.879MB | sender_A:RC=20.137Gbps a=0.0713 sender_B:RC=20.115Gbps a=0.0715
t= 56.000ms | q=  0.0000MB p=0.00001 arr= 267.029MB ct= 267.029MB (arr-ct)=    0.000KB waste=  54.894MB | sender_A:RC=19.311Gbps a=0.0771 sender_B:RC=19.269Gbps a=0.0772
t= 57.000ms | q=  0.0012MB p=0.00001 arr= 271.798MB ct= 271.797MB (arr-ct)=    1.195KB waste=  54.963MB | sender_A:RC=20.096Gbps a=0.0719 sender_B:RC=20.074Gbps a=0.0720
t= 58.000ms | q=  0.0000MB p=0.00001 arr= 276.566MB ct= 276.566MB (arr-ct)=    0.000KB waste=  54.967MB | sender_A:RC=19.252Gbps a=0.0775 sender_B:RC=19.198Gbps a=0.0776
t= 59.000ms | q=  0.0007MB p=0.00001 arr= 281.335MB ct= 281.334MB (arr-ct)=    0.711KB waste=  55.042MB | sender_A:RC=20.077Gbps a=0.0722 sender_B:RC=20.055Gbps a=0.0724
t= 60.000ms | q=  0.0006MB p=0.00001 arr= 286.103MB ct= 286.102MB (arr-ct)=    0.599KB waste=  55.042MB | sender_A:RC=19.201Gbps a=0.0778 sender_B:RC=19.139Gbps a=0.0780
t= 61.000ms | q=  0.0003MB p=0.00001 arr= 290.871MB ct= 290.871MB (arr-ct)=    0.292KB waste=  55.122MB | sender_A:RC=20.053Gbps a=0.0726 sender_B:RC=20.031Gbps a=0.0727
t= 62.000ms | q=  0.0070MB p=0.00001 arr= 295.646MB ct= 295.639MB (arr-ct)=    7.152KB waste=  55.122MB | sender_A:RC=19.131Gbps a=0.0782 sender_B:RC=19.054Gbps a=0.0784
t= 63.000ms | q=  0.0000MB p=0.00001 arr= 300.407MB ct= 300.407MB (arr-ct)=    0.039KB waste=  55.203MB | sender_A:RC=20.027Gbps a=0.0729 sender_B:RC=20.005Gbps a=0.0731
t= 64.000ms | q=  0.0159MB p=0.00001 arr= 305.192MB ct= 305.176MB (arr-ct)=   16.273KB waste=  55.203MB | sender_A:RC=19.029Gbps a=0.0785 sender_B:RC=18.929Gbps a=0.0787
t= 65.000ms | q=  0.0000MB p=0.00001 arr= 309.944MB ct= 309.944MB (arr-ct)=    0.000KB waste=  55.284MB | sender_A:RC=19.998Gbps a=0.0732 sender_B:RC=19.976Gbps a=0.0734
t= 66.000ms | q=  0.0255MB p=0.00001 arr= 314.738MB ct= 314.713MB (arr-ct)=   26.111KB waste=  55.284MB | sender_A:RC=18.895Gbps a=0.0788 sender_B:RC=18.761Gbps a=0.0790
t= 67.000ms | q=  0.0000MB p=0.00001 arr= 319.481MB ct= 319.481MB (arr-ct)=    0.000KB waste=  55.366MB | sender_A:RC=19.968Gbps a=0.0735 sender_B:RC=19.946Gbps a=0.0737
t= 68.000ms | q=  0.0381MB p=0.00001 arr= 324.287MB ct= 324.249MB (arr-ct)=   39.042KB waste=  55.366MB | sender_A:RC=18.696Gbps a=0.0791 sender_B:RC=18.750Gbps a=0.0785
t= 69.000ms | q=  0.0000MB p=0.00001 arr= 329.018MB ct= 329.018MB (arr-ct)=    0.000KB waste=  55.448MB | sender_A:RC=19.936Gbps a=0.0738 sender_B:RC=19.914Gbps a=0.0740
t= 70.000ms | q=  0.0498MB p=0.10466 arr= 333.836MB ct= 333.786MB (arr-ct)=   51.022KB waste=  55.449MB | sender_A:RC=18.936Gbps a=0.0776 sender_B:RC=19.336Gbps a=0.0756
t= 71.000ms | q=  0.0000MB p=0.00001 arr= 338.554MB ct= 338.554MB (arr-ct)=    0.000KB waste=  55.529MB | sender_A:RC=19.904Gbps a=0.0741 sender_B:RC=19.882Gbps a=0.0742
t= 72.000ms | q=  0.0560MB p=0.11753 arr= 343.379MB ct= 343.323MB (arr-ct)=   57.294KB waste=  55.531MB | sender_A:RC=19.548Gbps a=0.0746 sender_B:RC=19.944Gbps a=0.0726
t= 73.000ms | q=  0.0000MB p=0.00001 arr= 348.091MB ct= 348.091MB (arr-ct)=    0.000KB waste=  55.611MB | sender_A:RC=19.870Gbps a=0.0744 sender_B:RC=19.848Gbps a=0.0745
t= 74.000ms | q=  0.0553MB p=0.11610 arr= 352.915MB ct= 352.859MB (arr-ct)=   56.601KB waste=  55.614MB | sender_A:RC=20.155Gbps a=0.0716 sender_B:RC=20.546Gbps a=0.0696
t= 75.000ms | q=  0.0000MB p=0.00001 arr= 357.628MB ct= 357.628MB (arr-ct)=    0.000KB waste=  55.691MB | sender_A:RC=19.836Gbps a=0.0746 sender_B:RC=19.814Gbps a=0.0748
t= 76.000ms | q=  0.0497MB p=0.10448 arr= 362.446MB ct= 362.396MB (arr-ct)=   50.936KB waste=  55.697MB | sender_A:RC=20.562Gbps a=0.0696 sender_B:RC=20.540Gbps a=0.0697
t= 77.000ms | q=  0.0000MB p=0.00001 arr= 367.165MB ct= 367.165MB (arr-ct)=    0.000KB waste=  55.772MB | sender_A:RC=19.802Gbps a=0.0749 sender_B:RC=19.780Gbps a=0.0751
t= 78.000ms | q=  0.0437MB p=0.00001 arr= 371.977MB ct= 371.933MB (arr-ct)=   44.773KB waste=  55.780MB | sender_A:RC=20.527Gbps a=0.0699 sender_B:RC=20.506Gbps a=0.0700
t= 79.000ms | q=  0.0000MB p=0.00001 arr= 376.701MB ct= 376.701MB (arr-ct)=    0.000KB waste=  55.853MB | sender_A:RC=19.767Gbps a=0.0752 sender_B:RC=19.745Gbps a=0.0753
t= 80.000ms | q=  0.0380MB p=0.00001 arr= 381.508MB ct= 381.470MB (arr-ct)=   38.961KB waste=  55.863MB | sender_A:RC=20.493Gbps a=0.0701 sender_B:RC=20.471Gbps a=0.0702
t= 81.000ms | q=  0.0000MB p=0.00001 arr= 386.238MB ct= 386.238MB (arr-ct)=    0.000KB waste=  55.933MB | sender_A:RC=19.732Gbps a=0.0754 sender_B:RC=19.710Gbps a=0.0756
t= 82.000ms | q=  0.0327MB p=0.00001 arr= 391.039MB ct= 391.006MB (arr-ct)=   33.517KB waste=  55.946MB | sender_A:RC=20.458Gbps a=0.0703 sender_B:RC=20.436Gbps a=0.0705
t= 83.000ms | q=  0.0000MB p=0.00001 arr= 395.775MB ct= 395.775MB (arr-ct)=    0.000KB waste=  56.012MB | sender_A:RC=19.696Gbps a=0.0757 sender_B:RC=19.674Gbps a=0.0758
t= 84.000ms | q=  0.0278MB p=0.00001 arr= 400.571MB ct= 400.543MB (arr-ct)=   28.457KB waste=  56.029MB | sender_A:RC=20.423Gbps a=0.0706 sender_B:RC=20.401Gbps a=0.0707
t= 85.000ms | q=  0.0000MB p=0.00001 arr= 405.312MB ct= 405.312MB (arr-ct)=    0.000KB waste=  56.092MB | sender_A:RC=19.661Gbps a=0.0760 sender_B:RC=19.638Gbps a=0.0761
t= 86.000ms | q=  0.0232MB p=0.00001 arr= 410.103MB ct= 410.080MB (arr-ct)=   23.792KB waste=  56.112MB | sender_A:RC=20.388Gbps a=0.0708 sender_B:RC=20.366Gbps a=0.0710
t= 87.000ms | q=  0.0000MB p=0.00001 arr= 414.848MB ct= 414.848MB (arr-ct)=    0.000KB waste=  56.171MB | sender_A:RC=19.624Gbps a=0.0762 sender_B:RC=19.602Gbps a=0.0764
t= 88.000ms | q=  0.0191MB p=0.00001 arr= 419.636MB ct= 419.617MB (arr-ct)=   19.531KB waste=  56.195MB | sender_A:RC=20.352Gbps a=0.0711 sender_B:RC=20.331Gbps a=0.0712
t= 89.000ms | q=  0.0000MB p=0.00001 arr= 424.385MB ct= 424.385MB (arr-ct)=    0.000KB waste=  56.250MB | sender_A:RC=19.588Gbps a=0.0765 sender_B:RC=19.565Gbps a=0.0766
