t=  0.000ms | q=  0.0000MB p=0.00001 arr=   0.000MB ct=   0.000MB (arr-ct)=    0.000KB waste=   0.000MB | sender_A:RC=40.000Gbps a=0.0000 sender_B:RC=40.000Gbps a=0.0000
t=  1.000ms | q=  3.9725MB p=0.99999 arr=   8.741MB ct=   4.768MB (arr-ct)= 4067.852KB waste=   0.000MB | sender_A:RC=29.790Gbps a=0.0664 sender_B:RC=30.331Gbps a=0.0644
t=  2.000ms | q=  4.1903MB p=0.99999 arr=  13.727MB ct=   9.537MB (arr-ct)= 4290.837KB waste=   0.000MB | sender_A:RC=12.133Gbps a=0.1304 sender_B:RC=12.571Gbps a=0.1286
t=  3.000ms | q=  1.0469MB p=0.52414 arr=  15.352MB ct=  14.305MB (arr-ct)= 1072.067KB waste=   0.000MB | sender_A:RC=2.814Gbps a=0.1900 sender_B:RC=2.963Gbps a=0.1883
t=  4.000ms | q=  0.0000MB p=0.00001 arr=  19.073MB ct=  19.073MB (arr-ct)=    0.000KB waste=   3.177MB | sender_A:RC=2.559Gbps a=0.1922 sender_B:RC=2.531Gbps a=0.1927
t=  5.000ms | q=  0.0000MB p=0.00001 arr=  23.842MB ct=  23.842MB (arr-ct)=    0.000KB waste=   7.253MB | sender_A:RC=3.286Gbps a=0.1791 sender_B:RC=3.258Gbps a=0.1795
t=  6.000ms | q=  0.0000MB p=0.00001 arr=  28.610MB ct=  28.610MB (arr-ct)=    0.000KB waste=  11.154MB | sender_A:RC=4.013Gbps a=0.1668 sender_B:RC=3.985Gbps a=0.1672
t=  7.000ms | q=  0.0000MB p=0.00001 arr=  33.379MB ct=  33.379MB (arr-ct)=    0.000KB waste=  14.883MB | sender_A:RC=4.740Gbps a=0.1554 sender_B:RC=4.712Gbps a=0.1558
t=  8.000ms | q=  0.0000MB p=0.00001 arr=  38.147MB ct=  38.147MB (arr-ct)=    0.000KB waste=  18.438MB | sender_A:RC=5.466Gbps a=0.1448 sender_B:RC=5.439Gbps a=0.1451
t=  9.000ms | q=  0.0000MB p=0.00001 arr=  42.915MB ct=  42.915MB (arr-ct)=    0.000KB waste=  21.820MB | sender_A:RC=6.193Gbps a=0.1349 sender_B:RC=6.166Gbps a=0.1352
t= 10.000ms | q=  0.0000MB p=0.00001 arr=  47.684MB ct=  47.684MB (arr-ct)=    0.000KB waste=  25.028MB | sender_A:RC=6.920Gbps a=0.1257 sender_B:RC=6.892Gbps a=0.1260
t= 11.000ms | q=  0.0000MB p=0.00001 arr=  52.452MB ct=  52.452MB (arr-ct)=    0.000KB waste=  28.064MB | sender_A:RC=7.646Gbps a=0.1171 sender_B:RC=7.619Gbps a=0.1174
t= 12.000ms | q=  0.0000MB p=0.00001 arr=  57.220MB ct=  57.220MB (arr-ct)=    0.000KB waste=  30.926MB | sender_A:RC=8.373Gbps a=0.1091 sender_B:RC=8.345Gbps a=0.1094
t= 13.000ms | q=  0.0000MB p=0.00001 arr=  61.989MB ct=  61.989MB (arr-ct)=    0.000KB waste=  33.615MB | sender_A:RC=9.099Gbps a=0.1016 sender_B:RC=9.072Gbps a=0.1019
t= 14.000ms | q=  0.0000MB p=0.00001 arr=  66.757MB ct=  66.757MB (arr-ct)=    0.000KB waste=  36.131MB | sender_A:RC=9.826Gbps a=0.0947 sender_B:RC=9.798Gbps a=0.0950
t= 15.000ms | q=  0.0000MB p=0.00001 arr=  71.526MB ct=  71.526MB (arr-ct)=    0.000KB waste=  38.473MB | sender_A:RC=10.552Gbps a=0.0883 sender_B:RC=10.525Gbps a=0.0885
t= 16.000ms | q=  0.0000MB p=0.00001 arr=  76.294MB ct=  76.294MB (arr-ct)=   -0.000KB waste=  40.643MB | sender_A:RC=11.278Gbps a=0.0823 sender_B:RC=11.251Gbps a=0.0825
t= 17.000ms | q=  0.0000MB p=0.00001 arr=  81.062MB ct=  81.062MB (arr-ct)=    0.000KB waste=  42.639MB | sender_A:RC=12.004Gbps a=0.0767 sender_B:RC=11.977Gbps a=0.0769
t= 18.000ms | q=  0.0000MB p=0.00001 arr=  85.831MB ct=  85.831MB (arr-ct)=    0.000KB waste=  44.462MB | sender_A:RC=12.730Gbps a=0.0715 sender_B:RC=12.703Gbps a=0.0717
t= 19.000ms | q=  0.0000MB p=0.00001 arr=  90.599MB ct=  90.599MB (arr-ct)=   -0.000KB waste=  46.112MB | sender_A:RC=13.456Gbps a=0.0666 sender_B:RC=13.429Gbps a=0.0668
t= 20.000ms | q=  0.0000MB p=0.00001 arr=  95.367MB ct=  95.367MB (arr-ct)=   -0.000KB waste=  47.589MB | sender_A:RC=14.182Gbps a=0.0621 sender_B:RC=14.155Gbps a=0.0623
t= 21.000ms | q=  0.0000MB p=0.00001 arr= 100.136MB ct= 100.136MB (arr-ct)=    0.000KB waste=  48.893MB | sender_A:RC=14.908Gbps a=0.0579 sender_B:RC=14.881Gbps a=0.0581
t= 22.000ms | q=  0.0000MB p=0.00001 arr= 104.904MB ct= 104.904MB (arr-ct)=    0.000KB waste=  50.024MB | sender_A:RC=15.634Gbps a=0.0540 sender_B:RC=15.607Gbps a=0.0542
t= 23.000ms | q=  0.0000MB p=0.00001 arr= 109.673MB ct= 109.673MB (arr-ct)=   -0.000KB waste=  50.982MB | sender_A:RC=16.360Gbps a=0.0504 sender_B:RC=16.333Gbps a=0.0505
t= 24.000ms | q=  0.0000MB p=0.00001 arr= 114.441MB ct= 114.441MB (arr-ct)=   -0.000KB waste=  51.767MB | sender_A:RC=17.086Gbps a=0.0470 sender_B:RC=17.058Gbps a=0.0471
t= 25.000ms | q=  0.0000MB p=0.00001 arr= 119.209MB ct= 119.209MB (arr-ct)=    0.000KB waste=  52.378MB | sender_A:RC=17.811Gbps a=0.0439 sender_B:RC=17.784Gbps a=0.0440
t= 26.000ms | q=  0.0000MB p=0.00001 arr= 123.978MB ct= 123.978MB (arr-ct)=    0.000KB waste=  52.817MB | sender_A:RC=18.537Gbps a=0.0410 sender_B:RC=18.510Gbps a=0.0411
t= 27.000ms | q=  0.0000MB p=0.00001 arr= 128.746MB ct= 128.746MB (arr-ct)=   -0.000KB waste=  53.083MB | sender_A:RC=19.263Gbps a=0.0382 sender_B:RC=19.235Gbps a=0.0383
t= 28.000ms | q=  0.0000MB p=0.00001 arr= 133.514MB ct= 133.514MB (arr-ct)=    0.000KB waste=  53.176MB | sender_A:RC=19.988Gbps a=0.0357 sender_B:RC=19.961Gbps a=0.0358
t= 29.000ms | q=  0.0711MB p=0.01167 arr= 138.354MB ct= 138.283MB (arr-ct)=   72.761KB waste=  53.176MB | sender_A:RC=20.045Gbps a=0.0405 sender_B:RC=20.175Gbps a=0.0390
t= 30.000ms | q=  0.0000MB p=0.00001 arr= 143.051MB ct= 143.051MB (arr-ct)=    0.000KB waste=  53.206MB | sender_A:RC=19.902Gbps a=0.0481 sender_B:RC=19.868Gbps a=0.0483
t= 31.000ms | q=  0.0606MB p=0.00618 arr= 147.880MB ct= 147.820MB (arr-ct)=   62.057KB waste=  53.209MB | sender_A:RC=20.477Gbps a=0.0462 sender_B:RC=20.542Gbps a=0.0455
t= 32.000ms | q=  0.0000MB p=0.00001 arr= 152.588MB ct= 152.588MB (arr-ct)=    0.000KB waste=  53.228MB | sender_A:RC=19.911Gbps a=0.0560 sender_B:RC=19.870Gbps a=0.0562
t= 33.000ms | q=  0.0615MB p=0.00663 arr= 157.418MB ct= 157.356MB (arr-ct)=   62.932KB waste=  53.230MB | sender_A:RC=20.428Gbps a=0.0538 sender_B:RC=20.511Gbps a=0.0531
t= 34.000ms | q=  0.0000MB p=0.00001 arr= 162.125MB ct= 162.125MB (arr-ct)=    0.000KB waste=  53.246MB | sender_A:RC=19.970Gbps a=0.0614 sender_B:RC=19.922Gbps a=0.0616
t= 35.000ms | q=  0.0665MB p=0.00929 arr= 166.960MB ct= 166.893MB (arr-ct)=   68.119KB waste=  53.247MB | sender_A:RC=19.990Gbps a=0.0623 sender_B:RC=20.145Gbps a=0.0610
t= 36.000ms | q=  0.0002MB p=0.00001 arr= 171.662MB ct= 171.661MB (arr-ct)=    0.177KB waste=  53.260MB | sender_A:RC=20.060Gbps a=0.0651 sender_B:RC=20.006Gbps a=0.0654
t= 37.000ms | q=  0.0563MB p=0.00394 arr= 176.486MB ct= 176.430MB (arr-ct)=   57.690KB waste=  53.260MB | sender_A:RC=19.258Gbps a=0.0712 sender_B:RC=19.355Gbps a=0.0703
t= 38.000ms | q=  0.0033MB p=0.00001 arr= 181.201MB ct= 181.198MB (arr-ct)=    3.358KB waste=  53.271MB | sender_A:RC=20.173Gbps a=0.0677 sender_B:RC=20.111Gbps a=0.0680
t= 39.000ms | q=  0.0284MB p=0.00001 arr= 185.995MB ct= 185.966MB (arr-ct)=   29.103KB waste=  53.271MB | sender_A:RC=19.456Gbps a=0.0744 sender_B:RC=19.349Gbps a=0.0747
t= 40.000ms | q=  0.0116MB p=0.00001 arr= 190.746MB ct= 190.735MB (arr-ct)=   11.909KB waste=  53.281MB | sender_A:RC=20.301Gbps a=0.0694 sender_B:RC=20.233Gbps a=0.0697
t= 41.000ms | q=  0.0090MB p=0.00001 arr= 195.512MB ct= 195.503MB (arr-ct)=    9.262KB waste=  53.281MB | sender_A:RC=19.692Gbps a=0.0756 sender_B:RC=19.610Gbps a=0.0759
t= 42.000ms | q=  0.0267MB p=0.00001 arr= 200.298MB ct= 200.272MB (arr-ct)=   27.303KB waste=  53.290MB | sender_A:RC=20.441Gbps a=0.0705 sender_B:RC=20.367Gbps a=0.0708
t= 43.000ms | q=  0.0000MB p=0.00001 arr= 205.040MB ct= 205.040MB (arr-ct)=    0.000KB waste=  53.293MB | sender_A:RC=19.860Gbps a=0.0762 sender_B:RC=19.779Gbps a=0.0765
t= 44.000ms | q=  0.0495MB p=0.00034 arr= 209.858MB ct= 209.808MB (arr-ct)=   50.664KB waste=  53.298MB | sender_A:RC=20.589Gbps a=0.0710 sender_B:RC=20.510Gbps a=0.0714
t= 45.000ms | q=  0.0000MB p=0.00001 arr= 214.577MB ct= 214.577MB (arr-ct)=    0.000KB waste=  53.305MB | sender_A:RC=20.019Gbps a=0.0764 sender_B:RC=19.934Gbps a=0.0768
t= 46.000ms | q=  0.0630MB p=0.00744 arr= 219.408MB ct= 219.345MB (arr-ct)=   64.502KB waste=  53.305MB | sender_A:RC=19.576Gbps a=0.0782 sender_B:RC=19.721Gbps a=0.0771
t= 47.000ms | q=  0.0030MB p=0.00001 arr= 224.116MB ct= 224.113MB (arr-ct)=    3.067KB waste=  53.312MB | sender_A:RC=20.181Gbps a=0.0763 sender_B:RC=20.091Gbps a=0.0767
t= 48.000ms | q=  0.0271MB p=0.00001 arr= 228.909MB ct= 228.882MB (arr-ct)=   27.732KB waste=  53.312MB | sender_A:RC=19.500Gbps a=0.0815 sender_B:RC=19.367Gbps a=0.0818
t= 49.000ms | q=  0.0146MB p=0.00001 arr= 233.665MB ct= 233.650MB (arr-ct)=   14.999KB waste=  53.319MB | sender_A:RC=20.346Gbps a=0.0760 sender_B:RC=20.252Gbps a=0.0763
t= 50.000ms | q=  0.0053MB p=0.00001 arr= 238.424MB ct= 238.419MB (arr-ct)=    5.467KB waste=  53.319MB | sender_A:RC=19.775Gbps a=0.0809 sender_B:RC=19.672Gbps a=0.0813
t= 51.000ms | q=  0.0356MB p=0.00001 arr= 243.223MB ct= 243.187MB (arr-ct)=   36.475KB waste=  53.325MB | sender_A:RC=20.515Gbps a=0.0754 sender_B:RC=20.417Gbps a=0.0758
t= 52.000ms | q=  0.0000MB p=0.00001 arr= 247.955MB ct= 247.955MB (arr-ct)=    0.000KB waste=  53.329MB | sender_A:RC=19.960Gbps a=0.0802 sender_B:RC=19.858Gbps a=0.0805
t= 53.000ms | q=  0.0634MB p=0.00766 arr= 252.787MB ct= 252.724MB (arr-ct)=   64.936KB waste=  53.331MB | sender_A:RC=20.206Gbps a=0.0774 sender_B:RC=20.314Gbps a=0.0766
t= 54.000ms | q=  0.0011MB p=0.00001 arr= 257.493MB ct= 257.492MB (arr-ct)=    1.139KB waste=  53.336MB | sender_A:RC=20.136Gbps a=0.0793 sender_B:RC=20.031Gbps a=0.0797
t= 55.000ms | q=  0.0375MB p=0.00001 arr= 262.298MB ct= 262.260MB (arr-ct)=   38.400KB waste=  53.336MB | sender_A:RC=19.352Gbps a=0.0841 sender_B:RC=19.169Gbps a=0.0845
t= 56.000ms | q=  0.0108MB p=0.00001 arr= 267.040MB ct= 267.029MB (arr-ct)=   11.097KB waste=  53.342MB | sender_A:RC=20.312Gbps a=0.0784 sender_B:RC=20.204Gbps a=0.0788
t= 57.000ms | q=  0.0094MB p=0.00001 arr= 271.807MB ct= 271.797MB (arr-ct)=    9.584KB waste=  53.342MB | sender_A:RC=19.739Gbps a=0.0830 sender_B:RC=19.620Gbps a=0.0834
t= 58.000ms | q=  0.0308MB p=0.00001 arr= 276.596MB ct= 276.566MB (arr-ct)=   31.525KB waste=  53.347MB | sender_A:RC=20.489Gbps a=0.0774 sender_B:RC=20.378Gbps a=0.0777
t= 59.000ms | q=  0.0000MB p=0.00001 arr= 281.334MB ct= 281.334MB (arr-ct)=    0.000KB waste=  53.350MB | sender_A:RC=19.939Gbps a=0.0818 sender_B:RC=19.826Gbps a=0.0822
t= 60.000ms | q=  0.0604MB p=0.00605 arr= 286.163MB ct= 286.102MB (arr-ct)=   61.802KB waste=  53.353MB | sender_A:RC=20.422Gbps a=0.0776 sender_B:RC=20.467Gbps a=0.0771
t= 61.000ms | q=  0.0006MB p=0.00001 arr= 290.871MB ct= 290.871MB (arr-ct)=    0.661KB waste=  53.358MB | sender_A:RC=20.121Gbps a=0.0807 sender_B:RC=20.006Gbps a=0.0810
t= 62.000ms | q=  0.0421MB p=0.00001 arr= 295.681MB ct= 295.639MB (arr-ct)=   43.113KB waste=  53.358MB | sender_A:RC=19.277Gbps a=0.0852 sender_B:RC=19.097Gbps a=0.0855
t= 63.000ms | q=  0.0096MB p=0.00001 arr= 300.417MB ct= 300.407MB (arr-ct)=    9.870KB waste=  53.363MB | sender_A:RC=20.301Gbps a=0.0795 sender_B:RC=20.185Gbps a=0.0798
t= 64.000ms | q=  0.0109MB p=0.00001 arr= 305.187MB ct= 305.176MB (arr-ct)=   11.130KB waste=  53.363MB | sender_A:RC=19.727Gbps a=0.0839 sender_B:RC=19.599Gbps a=0.0843
t= 65.000ms | q=  0.0293MB p=0.00001 arr= 309.973MB ct= 309.944MB (arr-ct)=   29.995KB waste=  53.368MB | sender_A:RC=20.482Gbps a=0.0782 sender_B:RC=20.364Gbps a=0.0786
t= 66.000ms | q=  0.0000MB p=0.00001 arr= 314.713MB ct= 314.713MB (arr-ct)=    0.000KB waste=  53.371MB | sender_A:RC=19.935Gbps a=0.0826 sender_B:RC=19.814Gbps a=0.0829
t= 67.000ms | q=  0.0592MB p=0.00545 arr= 319.540MB ct= 319.481MB (arr-ct)=   60.637KB waste=  53.373MB | sender_A:RC=20.476Gbps a=0.0780 sender_B:RC=20.494Gbps a=0.0776
t= 68.000ms | q=  0.0006MB p=0.00001 arr= 324.250MB ct= 324.249MB (arr-ct)=    0.566KB waste=  53.378MB | sender_A:RC=20.119Gbps a=0.0813 sender_B:RC=19.998Gbps a=0.0816
t= 69.000ms | q=  0.0432MB p=0.00001 arr= 329.061MB ct= 329.018MB (arr-ct)=   44.196KB waste=  53.378MB | sender_A:RC=19.260Gbps a=0.0857 sender_B:RC=19.092Gbps a=0.0859
t= 70.000ms | q=  0.0094MB p=0.00001 arr= 333.795MB ct= 333.786MB (arr-ct)=    9.670KB waste=  53.383MB | sender_A:RC=20.302Gbps a=0.0799 sender_B:RC=20.180Gbps a=0.0803
t= 71.000ms | q=  0.0111MB p=0.00001 arr= 338.565MB ct= 338.554MB (arr-ct)=   11.376KB waste=  53.383MB | sender_A:RC=19.728Gbps a=0.0843 sender_B:RC=19.595Gbps a=0.0847
t= 72.000ms | q=  0.0292MB p=0.00001 arr= 343.352MB ct= 343.323MB (arr-ct)=   29.909KB waste=  53.388MB | sender_A:RC=20.484Gbps a=0.0786 sender_B:RC=20.361Gbps a=0.0790
t= 73.000ms | q=  0.0000MB p=0.00001 arr= 348.091MB ct= 348.091MB (arr-ct)=    0.000KB waste=  53.391MB | sender_A:RC=19.938Gbps a=0.0829 sender_B:RC=19.813Gbps a=0.0832
t= 74.000ms | q=  0.0594MB p=0.00553 arr= 352.919MB ct= 352.859MB (arr-ct)=   60.781KB waste=  53.393MB | sender_A:RC=20.471Gbps a=0.0783 sender_B:RC=20.489Gbps a=0.0779
t= 75.000ms | q=  0.0006MB p=0.00001 arr= 357.628MB ct= 357.628MB (arr-ct)=    0.609KB waste=  53.398MB | sender_A:RC=20.123Gbps a=0.0815 sender_B:RC=19.999Gbps a=0.0818
t= 76.000ms | q=  0.0425MB p=0.00001 arr= 362.439MB ct= 362.396MB (arr-ct)=   43.506KB waste=  53.398MB | sender_A:RC=19.274Gbps a=0.0859 sender_B:RC=19.091Gbps a=0.0861
t= 77.000ms | q=  0.0097MB p=0.00001 arr= 367.174MB ct= 367.165MB (arr-ct)=    9.929KB waste=  53.403MB | sender_A:RC=20.306Gbps a=0.0801 sender_B:RC=20.181Gbps a=0.0805
t= 78.000ms | q=  0.0107MB p=0.00001 arr= 371.944MB ct= 371.933MB (arr-ct)=   11.000KB waste=  53.403MB | sender_A:RC=19.734Gbps a=0.0845 sender_B:RC=19.599Gbps a=0.0848
t= 79.000ms | q=  0.0298MB p=0.00001 arr= 376.731MB ct= 376.701MB (arr-ct)=   30.486KB waste=  53.408MB | sender_A:RC=20.489Gbps a=0.0788 sender_B:RC=20.364Gbps a=0.0791
t= 80.000ms | q=  0.0000MB p=0.00001 arr= 381.470MB ct= 381.470MB (arr-ct)=    0.000KB waste=  53.410MB | sender_A:RC=19.944Gbps a=0.0830 sender_B:RC=19.817Gbps a=0.0833
t= 81.000ms | q=  0.0601MB p=0.00592 arr= 386.298MB ct= 386.238MB (arr-ct)=   61.536KB waste=  53.413MB | sender_A:RC=20.438Gbps a=0.0786 sender_B:RC=20.468Gbps a=0.0781
t= 82.000ms | q=  0.0007MB p=0.00001 arr= 391.007MB ct= 391.006MB (arr-ct)=    0.722KB waste=  53.418MB | sender_A:RC=20.129Gbps a=0.0816 sender_B:RC=20.003Gbps a=0.0819
t= 83.000ms | q=  0.0410MB p=0.00001 arr= 395.816MB ct= 395.775MB (arr-ct)=   42.000KB waste=  53.418MB | sender_A:RC=19.301Gbps a=0.0860 sender_B:RC=19.098Gbps a=0.0863
t= 84.000ms | q=  0.0102MB p=0.00001 arr= 400.553MB ct= 400.543MB (arr-ct)=   10.413KB waste=  53.422MB | sender_A:RC=20.313Gbps a=0.0802 sender_B:RC=20.187Gbps a=0.0805
t= 85.000ms | q=  0.0101MB p=0.00001 arr= 405.322MB ct= 405.312MB (arr-ct)=   10.347KB waste=  53.422MB | sender_A:RC=19.743Gbps a=0.0845 sender_B:RC=19.608Gbps a=0.0848
t= 86.000ms | q=  0.0307MB p=0.00001 arr= 410.111MB ct= 410.080MB (arr-ct)=   31.390KB waste=  53.427MB | sender_A:RC=20.496Gbps a=0.0788 sender_B:RC=20.370Gbps a=0.0791
t= 87.000ms | q=  0.0000MB p=0.00001 arr= 414.848MB ct= 414.848MB (arr-ct)=    0.000KB waste=  53.430MB | sender_A:RC=19.951Gbps a=0.0830 sender_B:RC=19.824Gbps a=0.0834
t= 88.000ms | q=  0.0610MB p=0.00641 arr= 419.678MB ct= 419.617MB (arr-ct)=   62.506KB waste=  53.432MB | sender_A:RC=20.387Gbps a=0.0790 sender_B:RC=20.434Gbps a=0.0783
t= 89.000ms | q=  0.0009MB p=0.00001 arr= 424.386MB ct= 424.385MB (arr-ct)=    0.881KB waste=  53.437MB | sender_A:RC=20.137Gbps a=0.0816 sender_B:RC=20.010Gbps a=0.0819
t= 90.000ms | q=  0.0392MB p=0.00001 arr= 429.193MB ct= 429.153MB (arr-ct)=   40.159KB waste=  53.437MB | sender_A:RC=19.332Gbps a=0.0860 sender_B:RC=19.122Gbps a=0.0863
t= 91.000ms | q=  0.0108MB p=0.00001 arr= 433.933MB ct= 433.922MB (arr-ct)=   11.013KB waste=  53.442MB | sender_A:RC=20.320Gbps a=0.0802 sender_B:RC=20.193Gbps a=0.0805
t= 92.000ms | q=  0.0094MB p=0.00001 arr= 438.700MB ct= 438.690MB (arr-ct)=    9.583KB waste=  53.442MB | sender_A:RC=19.753Gbps a=0.0845 sender_B:RC=19.618Gbps a=0.0848
t= 93.000ms | q=  0.0317MB p=0.00001 arr= 443.490MB ct= 443.459MB (arr-ct)=   32.452KB waste=  53.447MB | sender_A:RC=20.503Gbps a=0.0788 sender_B:RC=20.377Gbps a=0.0791
t= 94.000ms | q=  0.0000MB p=0.00001 arr= 448.227MB ct= 448.227MB (arr-ct)=    0.000KB waste=  53.450MB | sender_A:RC=19.959Gbps a=0.0830 sender_B:RC=19.831Gbps a=0.0833
t= 95.000ms | q=  0.0620MB p=0.00691 arr= 453.057MB ct= 452.995MB (arr-ct)=   63.474KB waste=  53.451MB | sender_A:RC=20.324Gbps a=0.0793 sender_B:RC=20.389Gbps a=0.0786
t= 96.000ms | q=  0.0010MB p=0.00001 arr= 457.765MB ct= 457.764MB (arr-ct)=    1.075KB waste=  53.456MB | sender_A:RC=20.144Gbps a=0.0816 sender_B:RC=20.017Gbps a=0.0819
t= 97.000ms | q=  0.0373MB p=0.00001 arr= 462.569MB ct= 462.532MB (arr-ct)=   38.230KB waste=  53.456MB | sender_A:RC=19.364Gbps a=0.0859 sender_B:RC=19.161Gbps a=0.0863
t= 98.000ms | q=  0.0114MB p=0.00001 arr= 467.312MB ct= 467.300MB (arr-ct)=   11.682KB waste=  53.461MB | sender_A:RC=20.328Gbps a=0.0801 sender_B:RC=20.201Gbps a=0.0804
t= 99.000ms | q=  0.0086MB p=0.00001 arr= 472.077MB ct= 472.069MB (arr-ct)=    8.782KB waste=  53.461MB | sender_A:RC=19.763Gbps a=0.0844 sender_B:RC=19.629Gbps a=0.0848
t=100.000ms | q=  0.0328MB p=0.00001 arr= 476.870MB ct= 476.837MB (arr-ct)=   33.606KB waste=  53.466MB | sender_A:RC=20.511Gbps a=0.0787 sender_B:RC=20.384Gbps a=0.0790
t=100.002ms | q=  0.0330MB p=0.00001 arr= 476.880MB ct= 476.847MB (arr-ct)=   33.824KB waste=  53.466MB | sender_A:RC=20.513Gbps a=0.0787 sender_B:RC=20.386Gbps a=0.0790
