t=  0.000ms | q=  0.0000MB p=0.00001 arr=   0.000MB ct=   0.000MB (arr-ct)=    0.000KB waste=   0.000MB | sender_A:RC=40.000Gbps a=0.0000 sender_B:RC=40.000Gbps a=0.0000
t=  1.000ms | q=  3.9705MB p=0.99999 arr=   8.739MB ct=   4.768MB (arr-ct)= 4065.772KB waste=   0.000MB | sender_A:RC=29.775Gbps a=0.0665 sender_B:RC=30.316Gbps a=0.0645
t=  2.000ms | q=  4.1847MB p=0.99999 arr=  13.721MB ct=   9.537MB (arr-ct)= 4285.148KB waste=   0.000MB | sender_A:RC=12.121Gbps a=0.1305 sender_B:RC=12.558Gbps a=0.1286
t=  3.000ms | q=  1.0395MB p=0.99999 arr=  15.345MB ct=  14.305MB (arr-ct)= 1064.459KB waste=   0.000MB | sender_A:RC=2.810Gbps a=0.1901 sender_B:RC=2.959Gbps a=0.1884
t=  4.000ms | q=  0.0000MB p=0.00001 arr=  19.073MB ct=  19.073MB (arr-ct)=    0.000KB waste=   3.203MB | sender_A:RC=2.464Gbps a=0.1936 sender_B:RC=2.440Gbps a=0.1941
t=  5.000ms | q=  0.0000MB p=0.00001 arr=  23.842MB ct=  23.842MB (arr-ct)=    0.000KB waste=   7.300MB | sender_A:RC=3.191Gbps a=0.1804 sender_B:RC=3.167Gbps a=0.1808
t=  6.000ms | q=  0.0000MB p=0.00001 arr=  28.610MB ct=  28.610MB (arr-ct)=    0.000KB waste=  11.224MB | sender_A:RC=3.918Gbps a=0.1680 sender_B:RC=3.894Gbps a=0.1684
t=  7.000ms | q=  0.0000MB p=0.00001 arr=  33.379MB ct=  33.379MB (arr-ct)=    0.000KB waste=  14.975MB | sender_A:RC=4.645Gbps a=0.1565 sender_B:RC=4.621Gbps a=0.1569
t=  8.000ms | q=  0.0000MB p=0.00001 arr=  38.147MB ct=  38.147MB (arr-ct)=    0.000KB waste=  18.552MB | sender_A:RC=5.372Gbps a=0.1458 sender_B:RC=5.348Gbps a=0.1462
t=  9.000ms | q=  0.0000MB p=0.00001 arr=  42.915MB ct=  42.915MB (arr-ct)=    0.000KB waste=  21.956MB | sender_A:RC=6.099Gbps a=0.1359 sender_B:RC=6.074Gbps a=0.1362
t= 10.000ms | q=  0.0000MB p=0.00001 arr=  47.684MB ct=  47.684MB (arr-ct)=    0.000KB waste=  25.187MB | sender_A:RC=6.825Gbps a=0.1266 sender_B:RC=6.801Gbps a=0.1269
t= 11.000ms | q=  0.0000MB p=0.00001 arr=  52.452MB ct=  52.452MB (arr-ct)=    0.000KB waste=  28.244MB | sender_A:RC=7.552Gbps a=0.1179 sender_B:RC=7.528Gbps a=0.1182
t= 12.000ms | q=  0.0000MB p=0.00001 arr=  57.220MB ct=  57.220MB (arr-ct)=    0.000KB waste=  31.129MB | sender_A:RC=8.278Gbps a=0.1099 sender_B:RC=8.254Gbps a=0.1101
t= 13.000ms | q=  0.0000MB p=0.00001 arr=  61.989MB ct=  61.989MB (arr-ct)=    0.000KB waste=  33.840MB | sender_A:RC=9.005Gbps a=0.1024 sender_B:RC=8.981Gbps a=0.1026
t= 14.000ms | q=  0.0000MB p=0.00001 arr=  66.757MB ct=  66.757MB (arr-ct)=    0.000KB waste=  36.378MB | sender_A:RC=9.731Gbps a=0.0954 sender_B:RC=9.707Gbps a=0.0956
t= 15.000ms | q=  0.0000MB p=0.00001 arr=  71.526MB ct=  71.526MB (arr-ct)=    0.000KB waste=  38.742MB | sender_A:RC=10.458Gbps a=0.0889 sender_B:RC=10.433Gbps a=0.0891
t= 16.000ms | q=  0.0000MB p=0.00001 arr=  76.294MB ct=  76.294MB (arr-ct)=   -0.000KB waste=  40.934MB | sender_A:RC=11.184Gbps a=0.0829 sender_B:RC=11.159Gbps a=0.0831
t= 17.000ms | q=  0.0000MB p=0.00001 arr=  81.062MB ct=  81.062MB (arr-ct)=    0.000KB waste=  42.952MB | sender_A:RC=11.910Gbps a=0.0772 sender_B:RC=11.886Gbps a=0.0774
t= 18.000ms | q=  0.0000MB p=0.00001 arr=  85.831MB ct=  85.831MB (arr-ct)=    0.000KB waste=  44.798MB | sender_A:RC=12.636Gbps a=0.0720 sender_B:RC=12.612Gbps a=0.0722
t= 19.000ms | q=  0.0000MB p=0.00001 arr=  90.599MB ct=  90.599MB (arr-ct)=   -0.000KB waste=  46.470MB | sender_A:RC=13.362Gbps a=0.0671 sender_B:RC=13.338Gbps a=0.0673
t= 20.000ms | q=  0.0000MB p=0.00001 arr=  95.367MB ct=  95.367MB (arr-ct)=   -0.000KB waste=  47.969MB | sender_A:RC=14.088Gbps a=0.0626 sender_B:RC=14.064Gbps a=0.0627
t= 21.000ms | q=  0.0000MB p=0.00001 arr= 100.136MB ct= 100.136MB (arr-ct)=    0.000KB waste=  49.295MB | sender_A:RC=14.814Gbps a=0.0584 sender_B:RC=14.790Gbps a=0.0585
t= 22.000ms | q=  0.0000MB p=0.00001 arr= 104.904MB ct= 104.904MB (arr-ct)=    0.000KB waste=  50.448MB | sender_A:RC=15.540Gbps a=0.0544 sender_B:RC=15.516Gbps a=0.0545
t= 23.000ms | q=  0.0000MB p=0.00001 arr= 109.673MB ct= 109.673MB (arr-ct)=   -0.000KB waste=  51.428MB | sender_A:RC=16.266Gbps a=0.0508 sender_B:RC=16.241Gbps a=0.0509
t= 24.000ms | q=  0.0000MB p=0.00001 arr= 114.441MB ct= 114.441MB (arr-ct)=   -0.000KB waste=  52.235MB | sender_A:RC=16.991Gbps a=0.0474 sender_B:RC=16.967Gbps a=0.0475
t= 25.000ms | q=  0.0000MB p=0.00001 arr= 119.209MB ct= 119.209MB (arr-ct)=    0.000KB waste=  52.869MB | sender_A:RC=17.717Gbps a=0.0442 sender_B:RC=17.693Gbps a=0.0443
t= 26.000ms | q=  0.0000MB p=0.00001 arr= 123.978MB ct= 123.978MB (arr-ct)=    0.000KB waste=  53.330MB | sender_A:RC=18.443Gbps a=0.0412 sender_B:RC=18.418Gbps a=0.0413
t= 27.000ms | q=  0.0000MB p=0.00001 arr= 128.746MB ct= 128.746MB (arr-ct)=   -0.000KB waste=  53.617MB | sender_A:RC=19.168Gbps a=0.0385 sender_B:RC=19.144Gbps a=0.0386
t= 28.000ms | q=  0.0000MB p=0.00001 arr= 133.514MB ct= 133.514MB (arr-ct)=    0.000KB waste=  53.732MB | sender_A:RC=19.894Gbps a=0.0360 sender_B:RC=19.870Gbps a=0.0360
t= 29.000ms | q=  0.0582MB p=0.06116 arr= 138.341MB ct= 138.283MB (arr-ct)=   59.635KB waste=  53.735MB | sender_A:RC=20.148Gbps a=0.0381 sender_B:RC=20.350Gbps a=0.0361
t= 30.000ms | q=  0.0000MB p=0.00001 arr= 143.051MB ct= 143.051MB (arr-ct)=    0.000KB waste=  53.798MB | sender_A:RC=19.824Gbps a=0.0466 sender_B:RC=19.800Gbps a=0.0467
t= 31.000ms | q=  0.0473MB p=0.00001 arr= 147.867MB ct= 147.820MB (arr-ct)=   48.462KB waste=  53.804MB | sender_A:RC=20.550Gbps a=0.0435 sender_B:RC=20.525Gbps a=0.0436
t= 32.000ms | q=  0.0000MB p=0.00001 arr= 152.588MB ct= 152.588MB (arr-ct)=    0.000KB waste=  53.865MB | sender_A:RC=19.782Gbps a=0.0538 sender_B:RC=19.757Gbps a=0.0539
t= 33.000ms | q=  0.0402MB p=0.00001 arr= 157.396MB ct= 157.356MB (arr-ct)=   41.137KB waste=  53.874MB | sender_A:RC=20.507Gbps a=0.0502 sender_B:RC=20.483Gbps a=0.0503
t= 34.000ms | q=  0.0000MB p=0.00001 arr= 162.125MB ct= 162.125MB (arr-ct)=    0.000KB waste=  53.935MB | sender_A:RC=19.750Gbps a=0.0590 sender_B:RC=19.725Gbps a=0.0592
t= 35.000ms | q=  0.0352MB p=0.00001 arr= 166.928MB ct= 166.893MB (arr-ct)=   36.066KB waste=  53.946MB | sender_A:RC=20.476Gbps a=0.0551 sender_B:RC=20.451Gbps a=0.0552
t= 36.000ms | q=  0.0000MB p=0.00001 arr= 171.661MB ct= 171.661MB (arr-ct)=    0.000KB waste=  54.004MB | sender_A:RC=19.728Gbps a=0.0629 sender_B:RC=19.703Gbps a=0.0631
t= 37.000ms | q=  0.0320MB p=0.00001 arr= 176.462MB ct= 176.430MB (arr-ct)=   32.743KB waste=  54.018MB | sender_A:RC=20.454Gbps a=0.0587 sender_B:RC=20.430Gbps a=0.0588
t= 38.000ms | q=  0.0000MB p=0.00001 arr= 181.198MB ct= 181.198MB (arr-ct)=    0.000KB waste=  54.076MB | sender_A:RC=19.705Gbps a=0.0659 sender_B:RC=19.680Gbps a=0.0661
t= 39.000ms | q=  0.0288MB p=0.00001 arr= 185.995MB ct= 185.966MB (arr-ct)=   29.473KB waste=  54.092MB | sender_A:RC=20.432Gbps a=0.0615 sender_B:RC=20.407Gbps a=0.0616
t= 40.000ms | q=  0.0000MB p=0.00001 arr= 190.735MB ct= 190.735MB (arr-ct)=    0.000KB waste=  54.150MB | sender_A:RC=19.679Gbps a=0.0683 sender_B:RC=19.654Gbps a=0.0684
t= 41.000ms | q=  0.0254MB p=0.00001 arr= 195.529MB ct= 195.503MB (arr-ct)=   25.975KB waste=  54.168MB | sender_A:RC=20.406Gbps a=0.0637 sender_B:RC=20.381Gbps a=0.0638
t= 42.000ms | q=  0.0000MB p=0.00001 arr= 200.272MB ct= 200.272MB (arr-ct)=    0.000KB waste=  54.223MB | sender_A:RC=19.665Gbps a=0.0701 sender_B:RC=19.639Gbps a=0.0702
t= 43.000ms | q=  0.0236MB p=0.00001 arr= 205.064MB ct= 205.040MB (arr-ct)=   24.137KB waste=  54.243MB | sender_A:RC=20.392Gbps a=0.0654 sender_B:RC=20.367Gbps a=0.0655
t= 44.000ms | q=  0.0000MB p=0.00001 arr= 209.808MB ct= 209.808MB (arr-ct)=    0.000KB waste=  54.297MB | sender_A:RC=19.647Gbps a=0.0715 sender_B:RC=19.621Gbps a=0.0717
t= 45.000ms | q=  0.0214MB p=0.00001 arr= 214.598MB ct= 214.577MB (arr-ct)=   21.952KB waste=  54.319MB | sender_A:RC=20.374Gbps a=0.0667 sender_B:RC=20.349Gbps a=0.0669
t= 46.000ms | q=  0.0000MB p=0.00001 arr= 219.345MB ct= 219.345MB (arr-ct)=    0.000KB waste=  54.371MB | sender_A:RC=19.632Gbps a=0.0727 sender_B:RC=19.607Gbps a=0.0728
t= 47.000ms | q=  0.0198MB p=0.00001 arr= 224.133MB ct= 224.113MB (arr-ct)=   20.310KB waste=  54.394MB | sender_A:RC=20.361Gbps a=0.0678 sender_B:RC=20.336Gbps a=0.0679
t= 48.000ms | q=  0.0000MB p=0.00001 arr= 228.882MB ct= 228.882MB (arr-ct)=    0.000KB waste=  54.447MB | sender_A:RC=19.601Gbps a=0.0737 sender_B:RC=19.575Gbps a=0.0738
t= 49.000ms | q=  0.0165MB p=0.00001 arr= 233.667MB ct= 233.650MB (arr-ct)=   16.909KB waste=  54.475MB | sender_A:RC=20.330Gbps a=0.0687 sender_B:RC=20.305Gbps a=0.0688
t= 50.000ms | q=  0.0000MB p=0.00001 arr= 238.419MB ct= 238.419MB (arr-ct)=    0.000KB waste=  54.525MB | sender_A:RC=19.557Gbps a=0.0746 sender_B:RC=19.530Gbps a=0.0747
t= 51.000ms | q=  0.0123MB p=0.00001 arr= 243.199MB ct= 243.187MB (arr-ct)=   12.637KB waste=  54.559MB | sender_A:RC=20.287Gbps a=0.0695 sender_B:RC=20.262Gbps a=0.0697
t= 52.000ms | q=  0.0000MB p=0.00001 arr= 247.955MB ct= 247.955MB (arr-ct)=    0.000KB waste=  54.601MB | sender_A:RC=19.527Gbps a=0.0752 sender_B:RC=19.499Gbps a=0.0754
t= 53.000ms | q=  0.0101MB p=0.00001 arr= 252.734MB ct= 252.724MB (arr-ct)=   10.326KB waste=  54.639MB | sender_A:RC=20.261Gbps a=0.0702 sender_B:RC=20.236Gbps a=0.0703
t= 54.000ms | q=  0.0000MB p=0.00001 arr= 257.492MB ct= 257.492MB (arr-ct)=    0.000KB waste=  54.678MB | sender_A:RC=19.489Gbps a=0.0759 sender_B:RC=19.460Gbps a=0.0760
t= 55.000ms | q=  0.0075MB p=0.00001 arr= 262.268MB ct= 262.260MB (arr-ct)=    7.685KB waste=  54.721MB | sender_A:RC=20.227Gbps a=0.0707 sender_B:RC=20.202Gbps a=0.0709
t= 56.000ms | q=  0.0000MB p=0.00001 arr= 267.029MB ct= 267.029MB (arr-ct)=    0.000KB waste=  54.755MB | sender_A:RC=19.443Gbps a=0.0764 sender_B:RC=19.411Gbps a=0.0766
t= 57.000ms | q=  0.0050MB p=0.00001 arr= 271.802MB ct= 271.797MB (arr-ct)=    5.088KB waste=  54.805MB | sender_A:RC=20.187Gbps a=0.0713 sender_B:RC=20.162Gbps a=0.0714
t= 58.000ms | q=  0.0000MB p=0.00001 arr= 276.566MB ct= 276.566MB (arr-ct)=    0.000KB waste=  54.830MB | sender_A:RC=19.413Gbps a=0.0768 sender_B:RC=19.377Gbps a=0.0770
t= 59.000ms | q=  0.0040MB p=0.00001 arr= 281.338MB ct= 281.334MB (arr-ct)=    4.096KB waste=  54.884MB | sender_A:RC=20.169Gbps a=0.0716 sender_B:RC=20.144Gbps a=0.0718
t= 60.000ms | q=  0.0000MB p=0.00001 arr= 286.102MB ct= 286.102MB (arr-ct)=    0.000KB waste=  54.906MB | sender_A:RC=19.355Gbps a=0.0773 sender_B:RC=19.317Gbps a=0.0775
t= 61.000ms | q=  0.0019MB p=0.00001 arr= 290.873MB ct= 290.871MB (arr-ct)=    1.954KB waste=  54.970MB | sender_A:RC=20.121Gbps a=0.0721 sender_B:RC=20.096Gbps a=0.0723
t= 62.000ms | q=  0.0000MB p=0.00001 arr= 295.639MB ct= 295.639MB (arr-ct)=    0.000KB waste=  54.980MB | sender_A:RC=19.298Gbps a=0.0777 sender_B:RC=19.249Gbps a=0.0778
t= 63.000ms | q=  0.0011MB p=0.00001 arr= 300.409MB ct= 300.407MB (arr-ct)=    1.177KB waste=  55.050MB | sender_A:RC=20.097Gbps a=0.0724 sender_B:RC=20.072Gbps a=0.0726
t= 64.000ms | q=  0.0000MB p=0.00001 arr= 305.176MB ct= 305.176MB (arr-ct)=    0.000KB waste=  55.054MB | sender_A:RC=19.243Gbps a=0.0780 sender_B:RC=19.185Gbps a=0.0782
t= 65.000ms | q=  0.0005MB p=0.00001 arr= 309.945MB ct= 309.944MB (arr-ct)=    0.547KB waste=  55.131MB | sender_A:RC=20.070Gbps a=0.0727 sender_B:RC=20.045Gbps a=0.0729
t= 66.000ms | q=  0.0028MB p=0.00001 arr= 314.715MB ct= 314.713MB (arr-ct)=    2.876KB waste=  55.131MB | sender_A:RC=19.174Gbps a=0.0783 sender_B:RC=19.103Gbps a=0.0785
t= 67.000ms | q=  0.0001MB p=0.00001 arr= 319.481MB ct= 319.481MB (arr-ct)=    0.136KB waste=  55.212MB | sender_A:RC=20.042Gbps a=0.0730 sender_B:RC=20.017Gbps a=0.0732
t= 68.000ms | q=  0.0116MB p=0.00001 arr= 324.261MB ct= 324.249MB (arr-ct)=   11.833KB waste=  55.212MB | sender_A:RC=19.080Gbps a=0.0786 sender_B:RC=18.988Gbps a=0.0788
t= 69.000ms | q=  0.0000MB p=0.00001 arr= 329.018MB ct= 329.018MB (arr-ct)=    0.000KB waste=  55.293MB | sender_A:RC=20.012Gbps a=0.0733 sender_B:RC=19.987Gbps a=0.0735
t= 70.000ms | q=  0.0211MB p=0.00001 arr= 333.807MB ct= 333.786MB (arr-ct)=   21.656KB waste=  55.293MB | sender_A:RC=18.956Gbps a=0.0789 sender_B:RC=18.834Gbps a=0.0791
t= 71.000ms | q=  0.0000MB p=0.00001 arr= 338.554MB ct= 338.554MB (arr-ct)=    0.000KB waste=  55.375MB | sender_A:RC=19.981Gbps a=0.0736 sender_B:RC=19.956Gbps a=0.0737
t= 72.000ms | q=  0.0340MB p=0.00001 arr= 343.357MB ct= 343.323MB (arr-ct)=   34.815KB waste=  55.376MB | sender_A:RC=18.772Gbps a=0.0792 sender_B:RC=18.601Gbps a=0.0793
t= 73.000ms | q=  0.0000MB p=0.00001 arr= 348.091MB ct= 348.091MB (arr-ct)=    0.000KB waste=  55.457MB | sender_A:RC=19.949Gbps a=0.0738 sender_B:RC=19.924Gbps a=0.0740
t= 74.000ms | q=  0.0469MB p=0.00001 arr= 352.906MB ct= 352.859MB (arr-ct)=   47.982KB waste=  55.458MB | sender_A:RC=18.751Gbps a=0.0786 sender_B:RC=19.148Gbps a=0.0766
t= 75.000ms | q=  0.0000MB p=0.00001 arr= 357.628MB ct= 357.628MB (arr-ct)=    0.000KB waste=  55.538MB | sender_A:RC=19.917Gbps a=0.0741 sender_B:RC=19.891Gbps a=0.0743
t= 76.000ms | q=  0.0546MB p=0.05729 arr= 362.451MB ct= 362.396MB (arr-ct)=   55.862KB waste=  55.540MB | sender_A:RC=19.337Gbps a=0.0758 sender_B:RC=19.731Gbps a=0.0738
t= 77.000ms | q=  0.0000MB p=0.00001 arr= 367.165MB ct= 367.165MB (arr-ct)=    0.000KB waste=  55.620MB | sender_A:RC=19.884Gbps a=0.0744 sender_B:RC=19.858Gbps a=0.0745
t= 78.000ms | q=  0.0563MB p=0.05911 arr= 371.989MB ct= 371.933MB (arr-ct)=   57.629KB waste=  55.622MB | sender_A:RC=19.946Gbps a=0.0727 sender_B:RC=20.336Gbps a=0.0708
t= 79.000ms | q=  0.0000MB p=0.00001 arr= 376.701MB ct= 376.701MB (arr-ct)=    0.000KB waste=  55.701MB | sender_A:RC=19.850Gbps a=0.0746 sender_B:RC=19.825Gbps a=0.0748
t= 80.000ms | q=  0.0520MB p=0.05461 arr= 381.522MB ct= 381.470MB (arr-ct)=   53.244KB waste=  55.705MB | sender_A:RC=20.521Gbps a=0.0699 sender_B:RC=20.551Gbps a=0.0697
t= 81.000ms | q=  0.0000MB p=0.00001 arr= 386.238MB ct= 386.238MB (arr-ct)=    0.000KB waste=  55.782MB | sender_A:RC=19.817Gbps a=0.0749 sender_B:RC=19.791Gbps a=0.0750
t= 82.000ms | q=  0.0460MB p=0.00001 arr= 391.052MB ct= 391.006MB (arr-ct)=   47.100KB waste=  55.788MB | sender_A:RC=20.542Gbps a=0.0698 sender_B:RC=20.517Gbps a=0.0700
t= 83.000ms | q=  0.0000MB p=0.00001 arr= 395.775MB ct= 395.775MB (arr-ct)=    0.000KB waste=  55.862MB | sender_A:RC=19.783Gbps a=0.0751 sender_B:RC=19.758Gbps a=0.0753
t= 84.000ms | q=  0.0403MB p=0.00001 arr= 400.584MB ct= 400.543MB (arr-ct)=   41.296KB waste=  55.871MB | sender_A:RC=20.509Gbps a=0.0701 sender_B:RC=20.483Gbps a=0.0702
t= 85.000ms | q=  0.0000MB p=0.00001 arr= 405.312MB ct= 405.312MB (arr-ct)=    0.000KB waste=  55.942MB | sender_A:RC=19.749Gbps a=0.0754 sender_B:RC=19.724Gbps a=0.0755
t= 86.000ms | q=  0.0350MB p=0.00001 arr= 410.115MB ct= 410.080MB (arr-ct)=   35.850KB waste=  55.953MB | sender_A:RC=20.475Gbps a=0.0703 sender_B:RC=20.450Gbps a=0.0704
t= 87.000ms | q=  0.0000MB p=0.00001 arr= 414.848MB ct= 414.848MB (arr-ct)=    0.000KB waste=  56.022MB | sender_A:RC=19.715Gbps a=0.0756 sender_B:RC=19.689Gbps a=0.0758
t= 88.000ms | q=  0.0301MB p=0.00001 arr= 419.647MB ct= 419.617MB (arr-ct)=   30.773KB waste=  56.036MB | sender_A:RC=20.441Gbps a=0.0705 sender_B:RC=20.416Gbps a=0.0707
t= 89.000ms | q=  0.0000MB p=0.00001 arr= 424.385MB ct= 424.385MB (arr-ct)=    0.000KB waste=  56.102MB | sender_A:RC=19.680Gbps a=0.0759 sender_B:RC=19.655Gbps a=0.0760
t= 90.000ms | q=  0.0255MB p=0.00001 arr= 429.179MB ct= 429.153MB (arr-ct)=   26.074KB waste=  56.120MB | sender_A:RC=20.407Gbps a=0.0708 sender_B:RC=20.382Gbps a=0.0709
t= 91.000ms | q=  0.0000MB p=0.00001 arr= 433.922MB ct= 433.922MB (arr-ct)=    0.000KB waste=  56.181MB | sender_A:RC=19.646Gbps a=0.0761 sender_B:RC=19.620Gbps a=0.0763
t= 92.000ms | q=  0.0212MB p=0.00001 arr= 438.711MB ct= 438.690MB (arr-ct)=   21.758KB waste=  56.203MB | sender_A:RC=20.373Gbps a=0.0710 sender_B:RC=20.348Gbps a=0.0711
t= 93.000ms | q=  0.0000MB p=0.00001 arr= 443.459MB ct= 443.459MB (arr-ct)=    0.000KB waste=  56.260MB | sender_A:RC=19.611Gbps a=0.0764 sender_B:RC=19.584Gbps a=0.0765
t= 94.000ms | q=  0.0174MB p=0.00001 arr= 448.244MB ct= 448.227MB (arr-ct)=   17.827KB waste=  56.286MB | sender_A:RC=20.339Gbps a=0.0712 sender_B:RC=20.313Gbps a=0.0714
t= 95.000ms | q=  0.0000MB p=0.00001 arr= 452.995MB ct= 452.995MB (arr-ct)=    0.000KB waste=  56.338MB | sender_A:RC=19.575Gbps a=0.0766 sender_B:RC=19.548Gbps a=0.0768
t= 96.000ms | q=  0.0139MB p=0.00001 arr= 457.778MB ct= 457.764MB (arr-ct)=   14.285KB waste=  56.369MB | sender_A:RC=20.305Gbps a=0.0715 sender_B:RC=20.279Gbps a=0.0716
t= 97.000ms | q=  0.0000MB p=0.00001 arr= 462.532MB ct= 462.532MB (arr-ct)=    0.000KB waste=  56.416MB | sender_A:RC=19.538Gbps a=0.0769 sender_B:RC=19.511Gbps a=0.0770
t= 98.000ms | q=  0.0109MB p=0.00001 arr= 467.311MB ct= 467.300MB (arr-ct)=   11.132KB waste=  56.452MB | sender_A:RC=20.271Gbps a=0.0717 sender_B:RC=20.245Gbps a=0.0718
t= 99.000ms | q=  0.0000MB p=0.00001 arr= 472.069MB ct= 472.069MB (arr-ct)=    0.000KB waste=  56.493MB | sender_A:RC=19.500Gbps a=0.0771 sender_B:RC=19.471Gbps a=0.0773
t=100.000ms | q=  0.0082MB p=0.00001 arr= 476.845MB ct= 476.837MB (arr-ct)=    8.371KB waste=  56.535MB | sender_A:RC=20.236Gbps a=0.0719 sender_B:RC=20.211Gbps a=0.0721
t=100.002ms | q=  0.0083MB p=0.00001 arr= 476.855MB ct= 476.847MB (arr-ct)=    8.480KB waste=  56.535MB | sender_A:RC=20.238Gbps a=0.0719 sender_B:RC=20.212Gbps a=0.0721
