t=  0.000ms | q=  0.0000MB p=0.00001 arr=   0.000MB ct=   0.000MB (arr-ct)=    0.000KB waste=   0.000MB | sender_A:RC=40.000Gbps a=0.0000 sender_B:RC=40.000Gbps a=0.0000
t=  1.000ms | q=  3.9462MB p=0.99999 arr=   8.715MB ct=   4.768MB (arr-ct)= 4040.887KB waste=   0.000MB | sender_A:RC=29.595Gbps a=0.0671 sender_B:RC=30.136Gbps a=0.0651
t=  2.000ms | q=  4.1181MB p=0.99999 arr=  13.655MB ct=   9.537MB (arr-ct)= 4216.935KB waste=   0.000MB | sender_A:RC=11.978Gbps a=0.1311 sender_B:RC=12.412Gbps a=0.1292
t=  3.000ms | q=  0.9504MB p=0.99999 arr=  15.256MB ct=  14.305MB (arr-ct)=  973.243KB waste=   0.000MB | sender_A:RC=2.762Gbps a=0.1907 sender_B:RC=2.909Gbps a=0.1889
t=  4.000ms | q=  0.0000MB p=0.00001 arr=  19.073MB ct=  19.073MB (arr-ct)=    0.000KB waste=   3.293MB | sender_A:RC=2.469Gbps a=0.1935 sender_B:RC=2.446Gbps a=0.1940
t=  5.000ms | q=  0.0000MB p=0.00001 arr=  23.842MB ct=  23.842MB (arr-ct)=    0.000KB waste=   7.389MB | sender_A:RC=3.196Gbps a=0.1803 sender_B:RC=3.173Gbps a=0.1807
t=  6.000ms | q=  0.0000MB p=0.00001 arr=  28.610MB ct=  28.610MB (arr-ct)=    0.000KB waste=  11.312MB | sender_A:RC=3.923Gbps a=0.1679 sender_B:RC=3.900Gbps a=0.1683
t=  7.000ms | q=  0.0000MB p=0.00001 arr=  33.379MB ct=  33.379MB (arr-ct)=    0.000KB waste=  15.061MB | sender_A:RC=4.650Gbps a=0.1564 sender_B:RC=4.627Gbps a=0.1568
t=  8.000ms | q=  0.0000MB p=0.00001 arr=  38.147MB ct=  38.147MB (arr-ct)=    0.000KB waste=  18.637MB | sender_A:RC=5.377Gbps a=0.1457 sender_B:RC=5.353Gbps a=0.1461
t=  9.000ms | q=  0.0000MB p=0.00001 arr=  42.915MB ct=  42.915MB (arr-ct)=    0.000KB waste=  22.040MB | sender_A:RC=6.104Gbps a=0.1358 sender_B:RC=6.080Gbps a=0.1361
t= 10.000ms | q=  0.0000MB p=0.00001 arr=  47.684MB ct=  47.684MB (arr-ct)=    0.000KB waste=  25.270MB | sender_A:RC=6.830Gbps a=0.1265 sender_B:RC=6.807Gbps a=0.1268
t= 11.000ms | q=  0.0000MB p=0.00001 arr=  52.452MB ct=  52.452MB (arr-ct)=    0.000KB waste=  28.326MB | sender_A:RC=7.557Gbps a=0.1178 sender_B:RC=7.533Gbps a=0.1181
t= 12.000ms | q=  0.0000MB p=0.00001 arr=  57.220MB ct=  57.220MB (arr-ct)=    0.000KB waste=  31.209MB | sender_A:RC=8.283Gbps a=0.1098 sender_B:RC=8.260Gbps a=0.1100
t= 13.000ms | q=  0.0000MB p=0.00001 arr=  61.989MB ct=  61.989MB (arr-ct)=    0.000KB waste=  33.919MB | sender_A:RC=9.010Gbps a=0.1023 sender_B:RC=8.986Gbps a=0.1025
t= 14.000ms | q=  0.0000MB p=0.00001 arr=  66.757MB ct=  66.757MB (arr-ct)=    0.000KB waste=  36.455MB | sender_A:RC=9.736Gbps a=0.0953 sender_B:RC=9.713Gbps a=0.0956
t= 15.000ms | q=  0.0000MB p=0.00001 arr=  71.526MB ct=  71.526MB (arr-ct)=    0.000KB waste=  38.819MB | sender_A:RC=10.462Gbps a=0.0888 sender_B:RC=10.439Gbps a=0.0890
t= 16.000ms | q=  0.0000MB p=0.00001 arr=  76.294MB ct=  76.294MB (arr-ct)=   -0.000KB waste=  41.009MB | sender_A:RC=11.189Gbps a=0.0828 sender_B:RC=11.165Gbps a=0.0830
t= 17.000ms | q=  0.0000MB p=0.00001 arr=  81.062MB ct=  81.062MB (arr-ct)=    0.000KB waste=  43.026MB | sender_A:RC=11.915Gbps a=0.0772 sender_B:RC=11.892Gbps a=0.0774
t= 18.000ms | q=  0.0000MB p=0.00001 arr=  85.831MB ct=  85.831MB (arr-ct)=    0.000KB waste=  44.870MB | sender_A:RC=12.641Gbps a=0.0719 sender_B:RC=12.618Gbps a=0.0721
t= 19.000ms | q=  0.0000MB p=0.00001 arr=  90.599MB ct=  90.599MB (arr-ct)=   -0.000KB waste=  46.541MB | sender_A:RC=13.367Gbps a=0.0671 sender_B:RC=13.344Gbps a=0.0672
t= 20.000ms | q=  0.0000MB p=0.00001 arr=  95.367MB ct=  95.367MB (arr-ct)=   -0.000KB waste=  48.039MB | sender_A:RC=14.093Gbps a=0.0625 sender_B:RC=14.070Gbps a=0.0627
t= 21.000ms | q=  0.0000MB p=0.00001 arr= 100.136MB ct= 100.136MB (arr-ct)=    0.000KB waste=  49.364MB | sender_A:RC=14.819Gbps a=0.0583 sender_B:RC=14.796Gbps a=0.0584
t= 22.000ms | q=  0.0000MB p=0.00001 arr= 104.904MB ct= 104.904MB (arr-ct)=    0.000KB waste=  50.516MB | sender_A:RC=15.545Gbps a=0.0544 sender_B:RC=15.521Gbps a=0.0545
t= 23.000ms | q=  0.0000MB p=0.00001 arr= 109.673MB ct= 109.673MB (arr-ct)=   -0.000KB waste=  51.494MB | sender_A:RC=16.271Gbps a=0.0507 sender_B:RC=16.247Gbps a=0.0508
t= 24.000ms | q=  0.0000MB p=0.00001 arr= 114.441MB ct= 114.441MB (arr-ct)=   -0.000KB waste=  52.300MB | sender_A:RC=16.996Gbps a=0.0473 sender_B:RC=16.973Gbps a=0.0474
t= 25.000ms | q=  0.0000MB p=0.00001 arr= 119.209MB ct= 119.209MB (arr-ct)=    0.000KB waste=  52.932MB | sender_A:RC=17.722Gbps a=0.0442 sender_B:RC=17.699Gbps a=0.0443
t= 26.000ms | q=  0.0000MB p=0.00001 arr= 123.978MB ct= 123.978MB (arr-ct)=    0.000KB waste=  53.392MB | sender_A:RC=18.448Gbps a=0.0412 sender_B:RC=18.424Gbps a=0.0413
t= 27.000ms | q=  0.0000MB p=0.00001 arr= 128.746MB ct= 128.746MB (arr-ct)=   -0.000KB waste=  53.679MB | sender_A:RC=19.173Gbps a=0.0385 sender_B:RC=19.150Gbps a=0.0386
t= 28.000ms | q=  0.0000MB p=0.00001 arr= 133.514MB ct= 133.514MB (arr-ct)=    0.000KB waste=  53.792MB | sender_A:RC=19.899Gbps a=0.0359 sender_B:RC=19.875Gbps a=0.0360
t= 29.000ms | q=  0.0000MB p=0.00001 arr= 138.283MB ct= 138.283MB (arr-ct)=    0.029KB waste=  53.813MB | sender_A:RC=20.027Gbps a=0.0416 sender_B:RC=20.001Gbps a=0.0417
t= 30.000ms | q=  0.0035MB p=0.00001 arr= 143.055MB ct= 143.051MB (arr-ct)=    3.536KB waste=  53.833MB | sender_A:RC=20.161Gbps a=0.0461 sender_B:RC=20.134Gbps a=0.0463
t= 31.000ms | q=  0.0007MB p=0.00001 arr= 147.820MB ct= 147.820MB (arr-ct)=    0.733KB waste=  53.854MB | sender_A:RC=19.447Gbps a=0.0565 sender_B:RC=19.469Gbps a=0.0559
t= 32.000ms | q=  0.0000MB p=0.00001 arr= 152.588MB ct= 152.588MB (arr-ct)=    0.000KB waste=  53.893MB | sender_A:RC=19.818Gbps a=0.0592 sender_B:RC=19.769Gbps a=0.0594
t= 33.000ms | q=  0.0000MB p=0.00001 arr= 157.356MB ct= 157.356MB (arr-ct)=    0.000KB waste=  53.921MB | sender_A:RC=20.003Gbps a=0.0613 sender_B:RC=19.965Gbps a=0.0615
t= 34.000ms | q=  0.0028MB p=0.00001 arr= 162.127MB ct= 162.125MB (arr-ct)=    2.891KB waste=  53.945MB | sender_A:RC=20.154Gbps a=0.0631 sender_B:RC=20.114Gbps a=0.0633
t= 35.000ms | q=  0.0008MB p=0.00001 arr= 166.894MB ct= 166.893MB (arr-ct)=    0.809KB waste=  53.970MB | sender_A:RC=19.358Gbps a=0.0704 sender_B:RC=19.428Gbps a=0.0697
t= 36.000ms | q=  0.0000MB p=0.00001 arr= 171.661MB ct= 171.661MB (arr-ct)=    0.000KB waste=  54.015MB | sender_A:RC=19.797Gbps a=0.0714 sender_B:RC=19.731Gbps a=0.0717
t= 37.000ms | q=  0.0000MB p=0.00001 arr= 176.430MB ct= 176.430MB (arr-ct)=    0.000KB waste=  54.046MB | sender_A:RC=19.999Gbps a=0.0721 sender_B:RC=19.946Gbps a=0.0724
t= 38.000ms | q=  0.0022MB p=0.00001 arr= 181.200MB ct= 181.198MB (arr-ct)=    2.296KB waste=  54.073MB | sender_A:RC=20.146Gbps a=0.0727 sender_B:RC=20.093Gbps a=0.0730
t= 39.000ms | q=  0.0006MB p=0.00001 arr= 185.967MB ct= 185.966MB (arr-ct)=    0.585KB waste=  54.099MB | sender_A:RC=19.320Gbps a=0.0786 sender_B:RC=19.389Gbps a=0.0779
t= 40.000ms | q=  0.0000MB p=0.00001 arr= 190.735MB ct= 190.735MB (arr-ct)=    0.000KB waste=  54.147MB | sender_A:RC=19.784Gbps a=0.0787 sender_B:RC=19.702Gbps a=0.0791
t= 41.000ms | q=  0.0000MB p=0.00001 arr= 195.503MB ct= 195.503MB (arr-ct)=    0.000KB waste=  54.181MB | sender_A:RC=19.985Gbps a=0.0787 sender_B:RC=19.918Gbps a=0.0790
t= 42.000ms | q=  0.0016MB p=0.00001 arr= 200.273MB ct= 200.272MB (arr-ct)=    1.674KB waste=  54.210MB | sender_A:RC=20.135Gbps a=0.0786 sender_B:RC=20.070Gbps a=0.0789
t= 43.000ms | q=  0.0055MB p=0.01165 arr= 205.046MB ct= 205.040MB (arr-ct)=    5.680KB waste=  54.238MB | sender_A:RC=19.527Gbps a=0.0821 sender_B:RC=19.812Gbps a=0.0807
t= 44.000ms | q=  0.0000MB p=0.00001 arr= 209.808MB ct= 209.808MB (arr-ct)=    0.000KB waste=  54.285MB | sender_A:RC=19.744Gbps a=0.0833 sender_B:RC=19.641Gbps a=0.0837
t= 45.000ms | q=  0.0000MB p=0.00001 arr= 214.577MB ct= 214.577MB (arr-ct)=    0.000KB waste=  54.322MB | sender_A:RC=19.963Gbps a=0.0828 sender_B:RC=19.884Gbps a=0.0832
t= 46.000ms | q=  0.0008MB p=0.00001 arr= 219.346MB ct= 219.345MB (arr-ct)=    0.814KB waste=  54.352MB | sender_A:RC=20.111Gbps a=0.0824 sender_B:RC=20.033Gbps a=0.0827
t= 47.000ms | q=  0.0066MB p=0.01379 arr= 224.120MB ct= 224.113MB (arr-ct)=    6.721KB waste=  54.382MB | sender_A:RC=19.962Gbps a=0.0832 sender_B:RC=20.169Gbps a=0.0822
t= 48.000ms | q=  0.0000MB p=0.00001 arr= 228.882MB ct= 228.882MB (arr-ct)=    0.000KB waste=  54.426MB | sender_A:RC=19.633Gbps a=0.0864 sender_B:RC=19.496Gbps a=0.0868
t= 49.000ms | q=  0.0000MB p=0.00001 arr= 233.650MB ct= 233.650MB (arr-ct)=    0.000KB waste=  54.466MB | sender_A:RC=19.919Gbps a=0.0856 sender_B:RC=19.825Gbps a=0.0860
t= 50.000ms | q=  0.0002MB p=0.00001 arr= 238.419MB ct= 238.419MB (arr-ct)=    0.239KB waste=  54.497MB | sender_A:RC=20.084Gbps a=0.0848 sender_B:RC=19.996Gbps a=0.0852
t= 51.000ms | q=  0.0054MB p=0.01137 arr= 243.192MB ct= 243.187MB (arr-ct)=    5.545KB waste=  54.527MB | sender_A:RC=20.229Gbps a=0.0840 sender_B:RC=20.140Gbps a=0.0844
t= 52.000ms | q=  0.0000MB p=0.00001 arr= 247.955MB ct= 247.955MB (arr-ct)=    0.000KB waste=  54.568MB | sender_A:RC=19.577Gbps a=0.0884 sender_B:RC=19.418Gbps a=0.0887
t= 53.000ms | q=  0.0000MB p=0.00001 arr= 252.724MB ct= 252.724MB (arr-ct)=    0.000KB waste=  54.612MB | sender_A:RC=19.884Gbps a=0.0875 sender_B:RC=19.779Gbps a=0.0878
