t=  0.000ms | q=  0.0000MB p=0.00001 arr=   0.000MB ct=   0.000MB (arr-ct)=    0.000KB waste=   0.000MB | sender_A:RC=40.000Gbps a=0.0000 sender_B:RC=40.000Gbps a=0.0000
t=  1.000ms | q=  3.9465MB p=0.99999 arr=   8.715MB ct=   4.768MB (arr-ct)= 4041.235KB waste=   0.000MB | sender_A:RC=29.597Gbps a=0.0671 sender_B:RC=30.139Gbps a=0.0651
t=  2.000ms | q=  4.1190MB p=0.99999 arr=  13.656MB ct=   9.537MB (arr-ct)= 4217.874KB waste=   0.000MB | sender_A:RC=11.980Gbps a=0.1311 sender_B:RC=12.414Gbps a=0.1292
t=  3.000ms | q=  0.9517MB p=0.99948 arr=  15.257MB ct=  14.305MB (arr-ct)=  974.493KB waste=   0.000MB | sender_A:RC=2.762Gbps a=0.1906 sender_B:RC=2.909Gbps a=0.1889
t=  4.000ms | q=  0.0000MB p=0.00001 arr=  19.073MB ct=  19.073MB (arr-ct)=    0.000KB waste=   3.286MB | sender_A:RC=2.502Gbps a=0.1930 sender_B:RC=2.477Gbps a=0.1935
t=  5.000ms | q=  0.0000MB p=0.00001 arr=  23.842MB ct=  23.842MB (arr-ct)=    0.000KB waste=   7.374MB | sender_A:RC=3.229Gbps a=0.1798 sender_B:RC=3.204Gbps a=0.1802
t=  6.000ms | q=  0.0000MB p=0.00001 arr=  28.610MB ct=  28.610MB (arr-ct)=    0.000KB waste=  11.289MB | sender_A:RC=3.956Gbps a=0.1675 sender_B:RC=3.931Gbps a=0.1679
t=  7.000ms | q=  0.0000MB p=0.00001 arr=  33.379MB ct=  33.379MB (arr-ct)=    0.000KB waste=  15.031MB | sender_A:RC=4.683Gbps a=0.1560 sender_B:RC=4.658Gbps a=0.1564
t=  8.000ms | q=  0.0000MB p=0.00001 arr=  38.147MB ct=  38.147MB (arr-ct)=    0.000KB waste=  18.599MB | sender_A:RC=5.410Gbps a=0.1453 sender_B:RC=5.385Gbps a=0.1457
t=  9.000ms | q=  0.0000MB p=0.00001 arr=  42.915MB ct=  42.915MB (arr-ct)=    0.000KB waste=  21.994MB | sender_A:RC=6.136Gbps a=0.1354 sender_B:RC=6.111Gbps a=0.1357
t= 10.000ms | q=  0.0000MB p=0.00001 arr=  47.684MB ct=  47.684MB (arr-ct)=    0.000KB waste=  25.216MB | sender_A:RC=6.863Gbps a=0.1261 sender_B:RC=6.838Gbps a=0.1264
t= 11.000ms | q=  0.0000MB p=0.00001 arr=  52.452MB ct=  52.452MB (arr-ct)=    0.000KB waste=  28.265MB | sender_A:RC=7.590Gbps a=0.1175 sender_B:RC=7.565Gbps a=0.1178
t= 12.000ms | q=  0.0000MB p=0.00001 arr=  57.220MB ct=  57.220MB (arr-ct)=    0.000KB waste=  31.140MB | sender_A:RC=8.316Gbps a=0.1095 sender_B:RC=8.291Gbps a=0.1098
t= 13.000ms | q=  0.0000MB p=0.00001 arr=  61.989MB ct=  61.989MB (arr-ct)=    0.000KB waste=  33.843MB | sender_A:RC=9.043Gbps a=0.1020 sender_B:RC=9.018Gbps a=0.1023
t= 14.000ms | q=  0.0000MB p=0.00001 arr=  66.757MB ct=  66.757MB (arr-ct)=    0.000KB waste=  36.372MB | sender_A:RC=9.769Gbps a=0.0951 sender_B:RC=9.744Gbps a=0.0953
t= 15.000ms | q=  0.0000MB p=0.00001 arr=  71.526MB ct=  71.526MB (arr-ct)=    0.000KB waste=  38.727MB | sender_A:RC=10.495Gbps a=0.0886 sender_B:RC=10.470Gbps a=0.0888
t= 16.000ms | q=  0.0000MB p=0.00001 arr=  76.294MB ct=  76.294MB (arr-ct)=   -0.000KB waste=  40.910MB | sender_A:RC=11.221Gbps a=0.0826 sender_B:RC=11.197Gbps a=0.0828
t= 17.000ms | q=  0.0000MB p=0.00001 arr=  81.062MB ct=  81.062MB (arr-ct)=    0.000KB waste=  42.920MB | sender_A:RC=11.948Gbps a=0.0770 sender_B:RC=11.923Gbps a=0.0772
t= 18.000ms | q=  0.0000MB p=0.00001 arr=  85.831MB ct=  85.831MB (arr-ct)=    0.000KB waste=  44.756MB | sender_A:RC=12.674Gbps a=0.0718 sender_B:RC=12.649Gbps a=0.0719
t= 19.000ms | q=  0.0000MB p=0.00001 arr=  90.599MB ct=  90.599MB (arr-ct)=   -0.000KB waste=  46.419MB | sender_A:RC=13.400Gbps a=0.0669 sender_B:RC=13.375Gbps a=0.0671
t= 20.000ms | q=  0.0000MB p=0.00001 arr=  95.367MB ct=  95.367MB (arr-ct)=   -0.000KB waste=  47.910MB | sender_A:RC=14.126Gbps a=0.0624 sender_B:RC=14.101Gbps a=0.0625
t= 21.000ms | q=  0.0000MB p=0.00001 arr= 100.136MB ct= 100.136MB (arr-ct)=    0.000KB waste=  49.227MB | sender_A:RC=14.852Gbps a=0.0582 sender_B:RC=14.827Gbps a=0.0583
t= 22.000ms | q=  0.0000MB p=0.00001 arr= 104.904MB ct= 104.904MB (arr-ct)=    0.000KB waste=  50.371MB | sender_A:RC=15.578Gbps a=0.0542 sender_B:RC=15.553Gbps a=0.0544
t= 23.000ms | q=  0.0000MB p=0.00001 arr= 109.673MB ct= 109.673MB (arr-ct)=   -0.000KB waste=  51.342MB | sender_A:RC=16.303Gbps a=0.0506 sender_B:RC=16.279Gbps a=0.0507
t= 24.000ms | q=  0.0000MB p=0.00001 arr= 114.441MB ct= 114.441MB (arr-ct)=   -0.000KB waste=  52.140MB | sender_A:RC=17.029Gbps a=0.0472 sender_B:RC=17.004Gbps a=0.0473
t= 25.000ms | q=  0.0000MB p=0.00001 arr= 119.209MB ct= 119.209MB (arr-ct)=    0.000KB waste=  52.765MB | sender_A:RC=17.755Gbps a=0.0441 sender_B:RC=17.730Gbps a=0.0442
t= 26.000ms | q=  0.0000MB p=0.00001 arr= 123.978MB ct= 123.978MB (arr-ct)=    0.000KB waste=  53.217MB | sender_A:RC=18.480Gbps a=0.0411 sender_B:RC=18.456Gbps a=0.0412
t= 27.000ms | q=  0.0000MB p=0.00001 arr= 128.746MB ct= 128.746MB (arr-ct)=   -0.000KB waste=  53.496MB | sender_A:RC=19.206Gbps a=0.0384 sender_B:RC=19.181Gbps a=0.0385
t= 28.000ms | q=  0.0000MB p=0.00001 arr= 133.514MB ct= 133.514MB (arr-ct)=    0.000KB waste=  53.602MB | sender_A:RC=19.931Gbps a=0.0358 sender_B:RC=19.907Gbps a=0.0359
t= 29.000ms | q=  0.0009MB p=0.00001 arr= 138.284MB ct= 138.283MB (arr-ct)=    0.947KB waste=  53.614MB | sender_A:RC=20.092Gbps a=0.0413 sender_B:RC=20.064Gbps a=0.0414
t= 30.000ms | q=  0.0072MB p=0.00761 arr= 143.058MB ct= 143.051MB (arr-ct)=    7.416KB waste=  53.625MB | sender_A:RC=19.805Gbps a=0.0496 sender_B:RC=19.934Gbps a=0.0484
t= 31.000ms | q=  0.0000MB p=0.00001 arr= 147.820MB ct= 147.820MB (arr-ct)=   -0.000KB waste=  53.647MB | sender_A:RC=19.906Gbps a=0.0552 sender_B:RC=19.861Gbps a=0.0554
t= 32.000ms | q=  0.0023MB p=0.00001 arr= 152.590MB ct= 152.588MB (arr-ct)=    2.353KB waste=  53.661MB | sender_A:RC=20.141Gbps a=0.0575 sender_B:RC=20.105Gbps a=0.0577
t= 33.000ms | q=  0.0000MB p=0.00001 arr= 157.356MB ct= 157.356MB (arr-ct)=    0.000KB waste=  53.677MB | sender_A:RC=19.674Gbps a=0.0649 sender_B:RC=19.578Gbps a=0.0651
t= 34.000ms | q=  0.0001MB p=0.00001 arr= 162.125MB ct= 162.125MB (arr-ct)=    0.066KB waste=  53.700MB | sender_A:RC=20.045Gbps a=0.0660 sender_B:RC=19.999Gbps a=0.0663
t= 35.000ms | q=  0.0064MB p=0.00676 arr= 166.899MB ct= 166.893MB (arr-ct)=    6.593KB waste=  53.713MB | sender_A:RC=19.702Gbps a=0.0703 sender_B:RC=19.867Gbps a=0.0692
t= 36.000ms | q=  0.0000MB p=0.00001 arr= 171.661MB ct= 171.661MB (arr-ct)=    0.000KB waste=  53.741MB | sender_A:RC=19.967Gbps a=0.0724 sender_B:RC=19.908Gbps a=0.0727
t= 37.000ms | q=  0.0056MB p=0.00592 arr= 176.435MB ct= 176.430MB (arr-ct)=    5.776KB waste=  53.755MB | sender_A:RC=20.219Gbps a=0.0725 sender_B:RC=20.166Gbps a=0.0728
t= 38.000ms | q=  0.0000MB p=0.00001 arr= 181.198MB ct= 181.198MB (arr-ct)=    0.000KB waste=  53.782MB | sender_A:RC=19.881Gbps a=0.0774 sender_B:RC=19.803Gbps a=0.0778
t= 39.000ms | q=  0.0030MB p=0.00001 arr= 185.969MB ct= 185.966MB (arr-ct)=    3.056KB waste=  53.799MB | sender_A:RC=20.173Gbps a=0.0770 sender_B:RC=20.112Gbps a=0.0773
t= 40.000ms | q=  0.0000MB p=0.00001 arr= 190.735MB ct= 190.735MB (arr-ct)=    0.000KB waste=  53.823MB | sender_A:RC=19.788Gbps a=0.0813 sender_B:RC=19.685Gbps a=0.0817
t= 41.000ms | q=  0.0012MB p=0.00001 arr= 195.504MB ct= 195.503MB (arr-ct)=    1.224KB waste=  53.844MB | sender_A:RC=20.126Gbps a=0.0806 sender_B:RC=20.057Gbps a=0.0809
t= 42.000ms | q=  0.0000MB p=0.00001 arr= 200.272MB ct= 200.272MB (arr-ct)=    0.000KB waste=  53.864MB | sender_A:RC=19.654Gbps a=0.0845 sender_B:RC=19.513Gbps a=0.0849
t= 43.000ms | q=  0.0002MB p=0.00001 arr= 205.040MB ct= 205.040MB (arr-ct)=    0.222KB waste=  53.891MB | sender_A:RC=20.079Gbps a=0.0834 sender_B:RC=20.002Gbps a=0.0838
t= 44.000ms | q=  0.0017MB p=0.00001 arr= 209.810MB ct= 209.808MB (arr-ct)=    1.760KB waste=  53.906MB | sender_A:RC=19.465Gbps a=0.0870 sender_B:RC=19.498Gbps a=0.0865
t= 45.000ms | q=  0.0000MB p=0.00001 arr= 214.577MB ct= 214.577MB (arr-ct)=    0.000KB waste=  53.937MB | sender_A:RC=20.043Gbps a=0.0857 sender_B:RC=19.957Gbps a=0.0861
t= 46.000ms | q=  0.0066MB p=0.00691 arr= 219.352MB ct= 219.345MB (arr-ct)=    6.737KB waste=  53.954MB | sender_A:RC=19.728Gbps a=0.0872 sender_B:RC=19.904Gbps a=0.0862
t= 47.000ms | q=  0.0000MB p=0.00001 arr= 224.113MB ct= 224.113MB (arr-ct)=    0.000KB waste=  53.985MB | sender_A:RC=19.998Gbps a=0.0876 sender_B:RC=19.902Gbps a=0.0880
t= 48.000ms | q=  0.0068MB p=0.00719 arr= 228.889MB ct= 228.882MB (arr-ct)=    7.005KB waste=  54.001MB | sender_A:RC=20.010Gbps a=0.0873 sender_B:RC=20.174Gbps a=0.0865
t= 49.000ms | q=  0.0000MB p=0.00001 arr= 233.650MB ct= 233.650MB (arr-ct)=    0.000KB waste=  54.032MB | sender_A:RC=19.955Gbps a=0.0891 sender_B:RC=19.850Gbps a=0.0896
t= 50.000ms | q=  0.0048MB p=0.00001 arr= 238.423MB ct= 238.419MB (arr-ct)=    4.880KB waste=  54.050MB | sender_A:RC=20.224Gbps a=0.0876 sender_B:RC=20.132Gbps a=0.0880
t= 51.000ms | q=  0.0000MB p=0.00001 arr= 243.187MB ct= 243.187MB (arr-ct)=    0.000KB waste=  54.080MB | sender_A:RC=19.873Gbps a=0.0905 sender_B:RC=19.751Gbps a=0.0910
t= 52.000ms | q=  0.0027MB p=0.00001 arr= 247.958MB ct= 247.955MB (arr-ct)=    2.800KB waste=  54.099MB | sender_A:RC=20.186Gbps a=0.0888 sender_B:RC=20.088Gbps a=0.0892
t= 53.000ms | q=  0.0000MB p=0.00001 arr= 252.724MB ct= 252.724MB (arr-ct)=    0.000KB waste=  54.126MB | sender_A:RC=19.810Gbps a=0.0916 sender_B:RC=19.672Gbps a=0.0920
t= 54.000ms | q=  0.0017MB p=0.00001 arr= 257.494MB ct= 257.492MB (arr-ct)=    1.769KB waste=  54.148MB | sender_A:RC=20.162Gbps a=0.0898 sender_B:RC=20.059Gbps a=0.0902
t= 55.000ms | q=  0.0000MB p=0.00001 arr= 262.260MB ct= 262.260MB (arr-ct)=    0.000KB waste=  54.173MB | sender_A:RC=19.745Gbps a=0.0925 sender_B:RC=19.588Gbps a=0.0929
t= 56.000ms | q=  0.0009MB p=0.00001 arr= 267.030MB ct= 267.029MB (arr-ct)=    0.894KB waste=  54.197MB | sender_A:RC=20.133Gbps a=0.0906 sender_B:RC=20.026Gbps a=0.0910
t= 57.000ms | q=  0.0000MB p=0.00001 arr= 271.797MB ct= 271.797MB (arr-ct)=    0.000KB waste=  54.218MB | sender_A:RC=19.638Gbps a=0.0933 sender_B:RC=19.453Gbps a=0.0937
t= 58.000ms | q=  0.0003MB p=0.00001 arr= 276.566MB ct= 276.566MB (arr-ct)=    0.283KB waste=  54.247MB | sender_A:RC=20.102Gbps a=0.0913 sender_B:RC=19.991Gbps a=0.0918
t= 59.000ms | q=  0.0002MB p=0.00001 arr= 281.334MB ct= 281.334MB (arr-ct)=    0.154KB waste=  54.263MB | sender_A:RC=19.488Gbps a=0.0940 sender_B:RC=19.389Gbps a=0.0939
t= 60.000ms | q=  0.0000MB p=0.00001 arr= 286.102MB ct= 286.102MB (arr-ct)=    0.000KB waste=  54.297MB | sender_A:RC=20.059Gbps a=0.0920 sender_B:RC=19.943Gbps a=0.0924
t= 61.000ms | q=  0.0045MB p=0.00001 arr= 290.875MB ct= 290.871MB (arr-ct)=    4.609KB waste=  54.313MB | sender_A:RC=19.516Gbps a=0.0939 sender_B:RC=19.657Gbps a=0.0930
t= 62.000ms | q=  0.0000MB p=0.00001 arr= 295.639MB ct= 295.639MB (arr-ct)=    0.000KB waste=  54.346MB | sender_A:RC=20.037Gbps a=0.0925 sender_B:RC=19.917Gbps a=0.0929
t= 63.000ms | q=  0.0066MB p=0.00693 arr= 300.414MB ct= 300.407MB (arr-ct)=    6.761KB waste=  54.362MB | sender_A:RC=19.741Gbps a=0.0931 sender_B:RC=19.904Gbps a=0.0922
t= 64.000ms | q=  0.0000MB p=0.00001 arr= 305.176MB ct= 305.176MB (arr-ct)=    0.000KB waste=  54.395MB | sender_A:RC=20.001Gbps a=0.0930 sender_B:RC=19.875Gbps a=0.0934
t= 65.000ms | q=  0.0067MB p=0.00706 arr= 309.951MB ct= 309.944MB (arr-ct)=    6.880KB waste=  54.412MB | sender_A:RC=20.060Gbps a=0.0919 sender_B:RC=20.157Gbps a=0.0914
t= 66.000ms | q=  0.0000MB p=0.00001 arr= 314.713MB ct= 314.713MB (arr-ct)=    0.000KB waste=  54.444MB | sender_A:RC=19.976Gbps a=0.0934 sender_B:RC=19.845Gbps a=0.0938
t= 67.000ms | q=  0.0060MB p=0.00631 arr= 319.487MB ct= 319.481MB (arr-ct)=    6.155KB waste=  54.461MB | sender_A:RC=20.224Gbps a=0.0914 sender_B:RC=20.141Gbps a=0.0917
t= 68.000ms | q=  0.0000MB p=0.00001 arr= 324.249MB ct= 324.249MB (arr-ct)=    0.000KB waste=  54.492MB | sender_A:RC=19.955Gbps a=0.0937 sender_B:RC=19.820Gbps a=0.0941
t= 69.000ms | q=  0.0052MB p=0.00541 arr= 329.023MB ct= 329.018MB (arr-ct)=    5.279KB waste=  54.509MB | sender_A:RC=20.245Gbps a=0.0916 sender_B:RC=20.126Gbps a=0.0920
t= 70.000ms | q=  0.0000MB p=0.00001 arr= 333.786MB ct= 333.786MB (arr-ct)=    0.000KB waste=  54.540MB | sender_A:RC=19.935Gbps a=0.0939 sender_B:RC=19.796Gbps a=0.0943
t= 71.000ms | q=  0.0044MB p=0.00001 arr= 338.559MB ct= 338.554MB (arr-ct)=    4.540KB waste=  54.558MB | sender_A:RC=20.233Gbps a=0.0918 sender_B:RC=20.113Gbps a=0.0922
t= 72.000ms | q=  0.0000MB p=0.00001 arr= 343.323MB ct= 343.323MB (arr-ct)=    0.000KB waste=  54.589MB | sender_A:RC=19.904Gbps a=0.0942 sender_B:RC=19.759Gbps a=0.0946
t= 73.000ms | q=  0.0034MB p=0.00001 arr= 348.095MB ct= 348.091MB (arr-ct)=    3.486KB waste=  54.608MB | sender_A:RC=20.213Gbps a=0.0921 sender_B:RC=20.091Gbps a=0.0925
t= 74.000ms | q=  0.0000MB p=0.00001 arr= 352.859MB ct= 352.859MB (arr-ct)=    0.000KB waste=  54.637MB | sender_A:RC=19.868Gbps a=0.0944 sender_B:RC=19.716Gbps a=0.0948
t= 75.000ms | q=  0.0025MB p=0.00001 arr= 357.630MB ct= 357.628MB (arr-ct)=    2.591KB waste=  54.657MB | sender_A:RC=20.194Gbps a=0.0924 sender_B:RC=20.071Gbps a=0.0927
t= 76.000ms | q=  0.0000MB p=0.00001 arr= 362.396MB ct= 362.396MB (arr-ct)=    0.000KB waste=  54.685MB | sender_A:RC=19.815Gbps a=0.0947 sender_B:RC=19.652Gbps a=0.0951
t= 77.000ms | q=  0.0017MB p=0.00001 arr= 367.166MB ct= 367.165MB (arr-ct)=    1.712KB waste=  54.707MB | sender_A:RC=20.171Gbps a=0.0926 sender_B:RC=20.047Gbps a=0.0930
t= 78.000ms | q=  0.0000MB p=0.00001 arr= 371.933MB ct= 371.933MB (arr-ct)=    0.000KB waste=  54.732MB | sender_A:RC=19.753Gbps a=0.0950 sender_B:RC=19.576Gbps a=0.0953
t= 79.000ms | q=  0.0010MB p=0.00001 arr= 376.702MB ct= 376.701MB (arr-ct)=    0.986KB waste=  54.757MB | sender_A:RC=20.147Gbps a=0.0928 sender_B:RC=20.021Gbps a=0.0932
t= 80.000ms | q=  0.0000MB p=0.00001 arr= 381.470MB ct= 381.470MB (arr-ct)=    0.000KB waste=  54.779MB | sender_A:RC=19.668Gbps a=0.0952 sender_B:RC=19.471Gbps a=0.0956
t= 81.000ms | q=  0.0004MB p=0.00001 arr= 386.239MB ct= 386.238MB (arr-ct)=    0.428KB waste=  54.807MB | sender_A:RC=20.120Gbps a=0.0931 sender_B:RC=19.993Gbps a=0.0935
t= 82.000ms | q=  0.0000MB p=0.00001 arr= 391.006MB ct= 391.006MB (arr-ct)=    0.000KB waste=  54.826MB | sender_A:RC=19.568Gbps a=0.0955 sender_B:RC=19.346Gbps a=0.0958
t= 83.000ms | q=  0.0001MB p=0.00001 arr= 395.775MB ct= 395.775MB (arr-ct)=    0.086KB waste=  54.857MB | sender_A:RC=20.091Gbps a=0.0933 sender_B:RC=19.962Gbps a=0.0937
t= 84.000ms | q=  0.0029MB p=0.00001 arr= 400.546MB ct= 400.543MB (arr-ct)=    2.938KB waste=  54.873MB | sender_A:RC=19.423Gbps a=0.0957 sender_B:RC=19.525Gbps a=0.0948
t= 85.000ms | q=  0.0000MB p=0.00001 arr= 405.312MB ct= 405.312MB (arr-ct)=    0.000KB waste=  54.907MB | sender_A:RC=20.059Gbps a=0.0936 sender_B:RC=19.927Gbps a=0.0940
t= 86.000ms | q=  0.0056MB p=0.00589 arr= 410.086MB ct= 410.080MB (arr-ct)=    5.743KB waste=  54.923MB | sender_A:RC=19.615Gbps a=0.0947 sender_B:RC=19.761Gbps a=0.0938
t= 87.000ms | q=  0.0000MB p=0.00001 arr= 414.848MB ct= 414.848MB (arr-ct)=    0.000KB waste=  54.956MB | sender_A:RC=20.036Gbps a=0.0938 sender_B:RC=19.902Gbps a=0.0942
t= 88.000ms | q=  0.0068MB p=0.00712 arr= 419.623MB ct= 419.617MB (arr-ct)=    6.942KB waste=  54.973MB | sender_A:RC=19.811Gbps a=0.0939 sender_B:RC=19.962Gbps a=0.0929
t= 89.000ms | q=  0.0000MB p=0.00001 arr= 424.385MB ct= 424.385MB (arr-ct)=    0.000KB waste=  55.005MB | sender_A:RC=20.012Gbps a=0.0940 sender_B:RC=19.876Gbps a=0.0943
t= 90.000ms | q=  0.0068MB p=0.00717 arr= 429.160MB ct= 429.153MB (arr-ct)=    6.989KB waste=  55.022MB | sender_A:RC=20.013Gbps a=0.0930 sender_B:RC=20.156Gbps a=0.0922
t= 91.000ms | q=  0.0000MB p=0.00001 arr= 433.922MB ct= 433.922MB (arr-ct)=    0.000KB waste=  55.054MB | sender_A:RC=19.988Gbps a=0.0941 sender_B:RC=19.849Gbps a=0.0945
t= 92.000ms | q=  0.0061MB p=0.00638 arr= 438.696MB ct= 438.690MB (arr-ct)=    6.219KB waste=  55.072MB | sender_A:RC=20.211Gbps a=0.0922 sender_B:RC=20.138Gbps a=0.0924
t= 93.000ms | q=  0.0000MB p=0.00001 arr= 443.459MB ct= 443.459MB (arr-ct)=    0.000KB waste=  55.104MB | sender_A:RC=19.954Gbps a=0.0943 sender_B:RC=19.811Gbps a=0.0947
t= 94.000ms | q=  0.0047MB p=0.00001 arr= 448.232MB ct= 448.227MB (arr-ct)=    4.767KB waste=  55.122MB | sender_A:RC=20.240Gbps a=0.0922 sender_B:RC=20.114Gbps a=0.0926
t= 95.000ms | q=  0.0000MB p=0.00001 arr= 452.995MB ct= 452.995MB (arr-ct)=    0.000KB waste=  55.152MB | sender_A:RC=19.913Gbps a=0.0945 sender_B:RC=19.764Gbps a=0.0949
t= 96.000ms | q=  0.0036MB p=0.00001 arr= 457.767MB ct= 457.764MB (arr-ct)=    3.692KB waste=  55.171MB | sender_A:RC=20.220Gbps a=0.0924 sender_B:RC=20.093Gbps a=0.0928
t= 97.000ms | q=  0.0000MB p=0.00001 arr= 462.532MB ct= 462.532MB (arr-ct)=    0.000KB waste=  55.201MB | sender_A:RC=19.878Gbps a=0.0947 sender_B:RC=19.723Gbps a=0.0951
t= 98.000ms | q=  0.0027MB p=0.00001 arr= 467.303MB ct= 467.300MB (arr-ct)=    2.718KB waste=  55.221MB | sender_A:RC=20.199Gbps a=0.0926 sender_B:RC=20.072Gbps a=0.0930
t= 99.000ms | q=  0.0000MB p=0.00001 arr= 472.069MB ct= 472.069MB (arr-ct)=    0.000KB waste=  55.249MB | sender_A:RC=19.825Gbps a=0.0949 sender_B:RC=19.660Gbps a=0.0953
t=100.000ms | q=  0.0017MB p=0.00001 arr= 476.839MB ct= 476.837MB (arr-ct)=    1.720KB waste=  55.271MB | sender_A:RC=20.173Gbps a=0.0928 sender_B:RC=20.045Gbps a=0.0932
t=100.002ms | q=  0.0017MB p=0.00001 arr= 476.848MB ct= 476.847MB (arr-ct)=    1.773KB waste=  55.271MB | sender_A:RC=20.174Gbps a=0.0928 sender_B:RC=20.047Gbps a=0.0932
