t=  0.000ms | q=  0.0000MB p=0.00001 arr=   0.000MB ct=   0.000MB (arr-ct)=    0.000KB waste=   0.000MB | sender_A:RC=40.000Gbps a=0.0000 sender_B:RC=40.000Gbps a=0.0000
t=  1.000ms | q=  3.9479MB p=0.99999 arr=   8.716MB ct=   4.768MB (arr-ct)= 4042.653KB waste=   0.000MB | sender_A:RC=29.607Gbps a=0.0671 sender_B:RC=30.149Gbps a=0.0651
t=  2.000ms | q=  4.1228MB p=0.99999 arr=  13.660MB ct=   9.537MB (arr-ct)= 4221.717KB waste=   0.000MB | sender_A:RC=11.988Gbps a=0.1310 sender_B:RC=12.422Gbps a=0.1292
t=  3.000ms | q=  0.9567MB p=0.50237 arr=  15.262MB ct=  14.305MB (arr-ct)=  979.617KB waste=   0.000MB | sender_A:RC=2.765Gbps a=0.1906 sender_B:RC=2.912Gbps a=0.1889
t=  4.000ms | q=  0.0000MB p=0.00001 arr=  19.073MB ct=  19.073MB (arr-ct)=    0.000KB waste=   3.269MB | sender_A:RC=2.566Gbps a=0.1921 sender_B:RC=2.539Gbps a=0.1926
t=  5.000ms | q=  0.0000MB p=0.00001 arr=  23.842MB ct=  23.842MB (arr-ct)=    0.000KB waste=   7.342MB | sender_A:RC=3.293Gbps a=0.1789 sender_B:RC=3.266Gbps a=0.1794
t=  6.000ms | q=  0.0000MB p=0.00001 arr=  28.610MB ct=  28.610MB (arr-ct)=    0.000KB waste=  11.242MB | sender_A:RC=4.020Gbps a=0.1667 sender_B:RC=3.993Gbps a=0.1671
t=  7.000ms | q=  0.0000MB p=0.00001 arr=  33.379MB ct=  33.379MB (arr-ct)=    0.000KB waste=  14.968MB | sender_A:RC=4.747Gbps a=0.1553 sender_B:RC=4.720Gbps a=0.1557
t=  8.000ms | q=  0.0000MB p=0.00001 arr=  38.147MB ct=  38.147MB (arr-ct)=    0.000KB waste=  18.522MB | sender_A:RC=5.474Gbps a=0.1447 sender_B:RC=5.446Gbps a=0.1450
t=  9.000ms | q=  0.0000MB p=0.00001 arr=  42.915MB ct=  42.915MB (arr-ct)=    0.000KB waste=  21.902MB | sender_A:RC=6.201Gbps a=0.1348 sender_B:RC=6.173Gbps a=0.1351
t= 10.000ms | q=  0.0000MB p=0.00001 arr=  47.684MB ct=  47.684MB (arr-ct)=    0.000KB waste=  25.109MB | sender_A:RC=6.927Gbps a=0.1256 sender_B:RC=6.900Gbps a=0.1259
t= 11.000ms | q=  0.0000MB p=0.00001 arr=  52.452MB ct=  52.452MB (arr-ct)=    0.000KB waste=  28.142MB | sender_A:RC=7.654Gbps a=0.1170 sender_B:RC=7.626Gbps a=0.1173
t= 12.000ms | q=  0.0000MB p=0.00001 arr=  57.220MB ct=  57.220MB (arr-ct)=    0.000KB waste=  31.003MB | sender_A:RC=8.380Gbps a=0.1090 sender_B:RC=8.353Gbps a=0.1093
t= 13.000ms | q=  0.0000MB p=0.00001 arr=  61.989MB ct=  61.989MB (arr-ct)=    0.000KB waste=  33.690MB | sender_A:RC=9.107Gbps a=0.1016 sender_B:RC=9.079Gbps a=0.1018
t= 14.000ms | q=  0.0000MB p=0.00001 arr=  66.757MB ct=  66.757MB (arr-ct)=    0.000KB waste=  36.204MB | sender_A:RC=9.833Gbps a=0.0946 sender_B:RC=9.806Gbps a=0.0949
t= 15.000ms | q=  0.0000MB p=0.00001 arr=  71.526MB ct=  71.526MB (arr-ct)=    0.000KB waste=  38.545MB | sender_A:RC=10.559Gbps a=0.0882 sender_B:RC=10.532Gbps a=0.0884
t= 16.000ms | q=  0.0000MB p=0.00001 arr=  76.294MB ct=  76.294MB (arr-ct)=   -0.000KB waste=  40.713MB | sender_A:RC=11.286Gbps a=0.0822 sender_B:RC=11.258Gbps a=0.0824
t= 17.000ms | q=  0.0000MB p=0.00001 arr=  81.062MB ct=  81.062MB (arr-ct)=    0.000KB waste=  42.707MB | sender_A:RC=12.012Gbps a=0.0766 sender_B:RC=11.984Gbps a=0.0768
t= 18.000ms | q=  0.0000MB p=0.00001 arr=  85.831MB ct=  85.831MB (arr-ct)=    0.000KB waste=  44.529MB | sender_A:RC=12.738Gbps a=0.0714 sender_B:RC=12.711Gbps a=0.0716
t= 19.000ms | q=  0.0000MB p=0.00001 arr=  90.599MB ct=  90.599MB (arr-ct)=   -0.000KB waste=  46.177MB | sender_A:RC=13.464Gbps a=0.0666 sender_B:RC=13.437Gbps a=0.0668
t= 20.000ms | q=  0.0000MB p=0.00001 arr=  95.367MB ct=  95.367MB (arr-ct)=   -0.000KB waste=  47.652MB | sender_A:RC=14.190Gbps a=0.0621 sender_B:RC=14.163Gbps a=0.0622
t= 21.000ms | q=  0.0000MB p=0.00001 arr= 100.136MB ct= 100.136MB (arr-ct)=    0.000KB waste=  48.954MB | sender_A:RC=14.916Gbps a=0.0579 sender_B:RC=14.888Gbps a=0.0580
t= 22.000ms | q=  0.0000MB p=0.00001 arr= 104.904MB ct= 104.904MB (arr-ct)=    0.000KB waste=  50.083MB | sender_A:RC=15.642Gbps a=0.0540 sender_B:RC=15.614Gbps a=0.0541
t= 23.000ms | q=  0.0000MB p=0.00001 arr= 109.673MB ct= 109.673MB (arr-ct)=   -0.000KB waste=  51.039MB | sender_A:RC=16.367Gbps a=0.0504 sender_B:RC=16.340Gbps a=0.0505
t= 24.000ms | q=  0.0000MB p=0.00001 arr= 114.441MB ct= 114.441MB (arr-ct)=   -0.000KB waste=  51.822MB | sender_A:RC=17.093Gbps a=0.0470 sender_B:RC=17.066Gbps a=0.0471
t= 25.000ms | q=  0.0000MB p=0.00001 arr= 119.209MB ct= 119.209MB (arr-ct)=    0.000KB waste=  52.432MB | sender_A:RC=17.819Gbps a=0.0439 sender_B:RC=17.792Gbps a=0.0440
t= 26.000ms | q=  0.0000MB p=0.00001 arr= 123.978MB ct= 123.978MB (arr-ct)=    0.000KB waste=  52.869MB | sender_A:RC=18.544Gbps a=0.0409 sender_B:RC=18.517Gbps a=0.0410
t= 27.000ms | q=  0.0000MB p=0.00001 arr= 128.746MB ct= 128.746MB (arr-ct)=   -0.000KB waste=  53.133MB | sender_A:RC=19.270Gbps a=0.0382 sender_B:RC=19.243Gbps a=0.0383
t= 28.000ms | q=  0.0000MB p=0.00001 arr= 133.514MB ct= 133.514MB (arr-ct)=    0.000KB waste=  53.224MB | sender_A:RC=19.995Gbps a=0.0357 sender_B:RC=19.968Gbps a=0.0358
t= 29.000ms | q=  0.0024MB p=0.00001 arr= 138.285MB ct= 138.283MB (arr-ct)=    2.507KB waste=  53.230MB | sender_A:RC=20.141Gbps a=0.0414 sender_B:RC=20.112Gbps a=0.0415
t= 30.000ms | q=  0.0082MB p=0.00432 arr= 143.059MB ct= 143.051MB (arr-ct)=    8.426KB waste=  53.235MB | sender_A:RC=19.850Gbps a=0.0500 sender_B:RC=19.919Gbps a=0.0492
t= 31.000ms | q=  0.0000MB p=0.00001 arr= 147.820MB ct= 147.820MB (arr-ct)=   -0.000KB waste=  53.245MB | sender_A:RC=19.965Gbps a=0.0553 sender_B:RC=19.922Gbps a=0.0555
t= 32.000ms | q=  0.0062MB p=0.00325 arr= 152.594MB ct= 152.588MB (arr-ct)=    6.342KB waste=  53.250MB | sender_A:RC=20.194Gbps a=0.0576 sender_B:RC=20.186Gbps a=0.0576
t= 33.000ms | q=  0.0000MB p=0.00001 arr= 157.356MB ct= 157.356MB (arr-ct)=    0.000KB waste=  53.259MB | sender_A:RC=19.898Gbps a=0.0645 sender_B:RC=19.838Gbps a=0.0648
t= 34.000ms | q=  0.0053MB p=0.00277 arr= 162.130MB ct= 162.125MB (arr-ct)=    5.394KB waste=  53.267MB | sender_A:RC=20.210Gbps a=0.0654 sender_B:RC=20.170Gbps a=0.0657
t= 35.000ms | q=  0.0000MB p=0.00001 arr= 166.893MB ct= 166.893MB (arr-ct)=    0.000KB waste=  53.277MB | sender_A:RC=19.930Gbps a=0.0710 sender_B:RC=19.867Gbps a=0.0713
t= 36.000ms | q=  0.0075MB p=0.00393 arr= 171.669MB ct= 171.661MB (arr-ct)=    7.673KB waste=  53.283MB | sender_A:RC=20.093Gbps a=0.0720 sender_B:RC=20.176Gbps a=0.0715
t= 37.000ms | q=  0.0000MB p=0.00001 arr= 176.430MB ct= 176.430MB (arr-ct)=    0.000KB waste=  53.295MB | sender_A:RC=20.015Gbps a=0.0757 sender_B:RC=19.956Gbps a=0.0760
t= 38.000ms | q=  0.0071MB p=0.00373 arr= 181.205MB ct= 181.198MB (arr-ct)=    7.273KB waste=  53.302MB | sender_A:RC=19.776Gbps a=0.0784 sender_B:RC=19.865Gbps a=0.0778
t= 39.000ms | q=  0.0007MB p=0.00001 arr= 185.967MB ct= 185.966MB (arr-ct)=    0.766KB waste=  53.314MB | sender_A:RC=20.107Gbps a=0.0792 sender_B:RC=20.050Gbps a=0.0795
t= 40.000ms | q=  0.0000MB p=0.00001 arr= 190.735MB ct= 190.735MB (arr-ct)=    0.000KB waste=  53.322MB | sender_A:RC=19.762Gbps a=0.0828 sender_B:RC=19.648Gbps a=0.0831
t= 41.000ms | q=  0.0049MB p=0.00258 arr= 195.508MB ct= 195.503MB (arr-ct)=    5.030KB waste=  53.333MB | sender_A:RC=20.217Gbps a=0.0816 sender_B:RC=20.160Gbps a=0.0819
t= 42.000ms | q=  0.0000MB p=0.00001 arr= 200.272MB ct= 200.272MB (arr-ct)=    0.000KB waste=  53.346MB | sender_A:RC=20.004Gbps a=0.0847 sender_B:RC=19.929Gbps a=0.0850
t= 43.000ms | q=  0.0061MB p=0.00318 arr= 205.046MB ct= 205.040MB (arr-ct)=    6.196KB waste=  53.352MB | sender_A:RC=19.707Gbps a=0.0866 sender_B:RC=19.784Gbps a=0.0861
t= 44.000ms | q=  0.0019MB p=0.00001 arr= 209.810MB ct= 209.808MB (arr-ct)=    1.960KB waste=  53.365MB | sender_A:RC=20.156Gbps a=0.0859 sender_B:RC=20.090Gbps a=0.0863
t= 45.000ms | q=  0.0000MB p=0.00001 arr= 214.577MB ct= 214.577MB (arr-ct)=    0.000KB waste=  53.377MB | sender_A:RC=19.899Gbps a=0.0886 sender_B:RC=19.800Gbps a=0.0889
t= 46.000ms | q=  0.0078MB p=0.00412 arr= 219.353MB ct= 219.345MB (arr-ct)=    8.031KB waste=  53.386MB | sender_A:RC=19.983Gbps a=0.0882 sender_B:RC=20.076Gbps a=0.0877
t= 47.000ms | q=  0.0004MB p=0.00001 arr= 224.114MB ct= 224.113MB (arr-ct)=    0.446KB waste=  53.399MB | sender_A:RC=20.101Gbps a=0.0891 sender_B:RC=20.024Gbps a=0.0895
t= 48.000ms | q=  0.0000MB p=0.00001 arr= 228.882MB ct= 228.882MB (arr-ct)=    0.000KB waste=  53.408MB | sender_A:RC=19.783Gbps a=0.0914 sender_B:RC=19.653Gbps a=0.0917
t= 49.000ms | q=  0.0060MB p=0.00317 arr= 233.656MB ct= 233.650MB (arr-ct)=    6.186KB waste=  53.420MB | sender_A:RC=20.226Gbps a=0.0894 sender_B:RC=20.172Gbps a=0.0896
t= 50.000ms | q=  0.0001MB p=0.00001 arr= 238.419MB ct= 238.419MB (arr-ct)=    0.052KB waste=  53.434MB | sender_A:RC=20.066Gbps a=0.0913 sender_B:RC=19.980Gbps a=0.0917
t= 51.000ms | q=  0.0004MB p=0.00001 arr= 243.187MB ct= 243.187MB (arr-ct)=    0.428KB waste=  53.441MB | sender_A:RC=19.690Gbps a=0.0934 sender_B:RC=19.543Gbps a=0.0937
t= 52.000ms | q=  0.0048MB p=0.00001 arr= 247.960MB ct= 247.955MB (arr-ct)=    4.911KB waste=  53.454MB | sender_A:RC=20.228Gbps a=0.0911 sender_B:RC=20.149Gbps a=0.0914
t= 53.000ms | q=  0.0000MB p=0.00001 arr= 252.724MB ct= 252.724MB (arr-ct)=    0.000KB waste=  53.468MB | sender_A:RC=20.046Gbps a=0.0929 sender_B:RC=19.954Gbps a=0.0933
t= 54.000ms | q=  0.0018MB p=0.00001 arr= 257.494MB ct= 257.492MB (arr-ct)=    1.807KB waste=  53.475MB | sender_A:RC=19.646Gbps a=0.0947 sender_B:RC=19.572Gbps a=0.0947
t= 55.000ms | q=  0.0043MB p=0.00001 arr= 262.265MB ct= 262.260MB (arr-ct)=    4.438KB waste=  53.489MB | sender_A:RC=20.222Gbps a=0.0923 sender_B:RC=20.138Gbps a=0.0927
t= 56.000ms | q=  0.0000MB p=0.00001 arr= 267.029MB ct= 267.029MB (arr-ct)=    0.000KB waste=  53.503MB | sender_A:RC=20.024Gbps a=0.0941 sender_B:RC=19.926Gbps a=0.0944
t= 57.000ms | q=  0.0035MB p=0.00001 arr= 271.801MB ct= 271.797MB (arr-ct)=    3.615KB waste=  53.510MB | sender_A:RC=19.604Gbps a=0.0957 sender_B:RC=19.630Gbps a=0.0953
t= 58.000ms | q=  0.0034MB p=0.00001 arr= 276.569MB ct= 276.566MB (arr-ct)=    3.455KB waste=  53.525MB | sender_A:RC=20.205Gbps a=0.0933 sender_B:RC=20.117Gbps a=0.0937
t= 59.000ms | q=  0.0000MB p=0.00001 arr= 281.334MB ct= 281.334MB (arr-ct)=    0.000KB waste=  53.538MB | sender_A:RC=20.013Gbps a=0.0949 sender_B:RC=19.908Gbps a=0.0953
t= 60.000ms | q=  0.0037MB p=0.00001 arr= 286.106MB ct= 286.102MB (arr-ct)=    3.754KB waste=  53.545MB | sender_A:RC=19.603Gbps a=0.0963 sender_B:RC=19.631Gbps a=0.0960
t= 61.000ms | q=  0.0034MB p=0.00001 arr= 290.874MB ct= 290.871MB (arr-ct)=    3.532KB waste=  53.560MB | sender_A:RC=20.208Gbps a=0.0939 sender_B:RC=20.117Gbps a=0.0943
t= 62.000ms | q=  0.0000MB p=0.00001 arr= 295.639MB ct= 295.639MB (arr-ct)=    0.000KB waste=  53.574MB | sender_A:RC=20.011Gbps a=0.0955 sender_B:RC=19.903Gbps a=0.0958
t= 63.000ms | q=  0.0041MB p=0.00001 arr= 300.412MB ct= 300.407MB (arr-ct)=    4.237KB waste=  53.581MB | sender_A:RC=19.618Gbps a=0.0967 sender_B:RC=19.652Gbps a=0.0963
t= 64.000ms | q=  0.0032MB p=0.00001 arr= 305.179MB ct= 305.176MB (arr-ct)=    3.270KB waste=  53.595MB | sender_A:RC=20.203Gbps a=0.0944 sender_B:RC=20.110Gbps a=0.0948
t= 65.000ms | q=  0.0000MB p=0.00001 arr= 309.944MB ct= 309.944MB (arr-ct)=    0.000KB waste=  53.610MB | sender_A:RC=20.008Gbps a=0.0959 sender_B:RC=19.898Gbps a=0.0962
t= 66.000ms | q=  0.0043MB p=0.00001 arr= 314.717MB ct= 314.713MB (arr-ct)=    4.387KB waste=  53.617MB | sender_A:RC=19.620Gbps a=0.0971 sender_B:RC=19.655Gbps a=0.0966
t= 67.000ms | q=  0.0030MB p=0.00001 arr= 319.484MB ct= 319.481MB (arr-ct)=    3.113KB waste=  53.632MB | sender_A:RC=20.201Gbps a=0.0948 sender_B:RC=20.106Gbps a=0.0951
t= 68.000ms | q=  0.0000MB p=0.00001 arr= 324.249MB ct= 324.249MB (arr-ct)=    0.000KB waste=  53.646MB | sender_A:RC=19.996Gbps a=0.0962 sender_B:RC=19.883Gbps a=0.0966
t= 69.000ms | q=  0.0053MB p=0.00281 arr= 329.023MB ct= 329.018MB (arr-ct)=    5.474KB waste=  53.654MB | sender_A:RC=19.666Gbps a=0.0970 sender_B:RC=19.718Gbps a=0.0966
t= 70.000ms | q=  0.0026MB p=0.00001 arr= 333.789MB ct= 333.786MB (arr-ct)=    2.653KB waste=  53.668MB | sender_A:RC=20.191Gbps a=0.0951 sender_B:RC=20.094Gbps a=0.0954
t= 71.000ms | q=  0.0000MB p=0.00001 arr= 338.554MB ct= 338.554MB (arr-ct)=    0.000KB waste=  53.682MB | sender_A:RC=19.991Gbps a=0.0965 sender_B:RC=19.875Gbps a=0.0968
t= 72.000ms | q=  0.0050MB p=0.00265 arr= 343.328MB ct= 343.323MB (arr-ct)=    5.169KB waste=  53.689MB | sender_A:RC=19.654Gbps a=0.0973 sender_B:RC=19.699Gbps a=0.0968
t= 73.000ms | q=  0.0031MB p=0.00001 arr= 348.094MB ct= 348.091MB (arr-ct)=    3.179KB waste=  53.704MB | sender_A:RC=20.205Gbps a=0.0952 sender_B:RC=20.107Gbps a=0.0955
t= 74.000ms | q=  0.0000MB p=0.00001 arr= 352.859MB ct= 352.859MB (arr-ct)=    0.000KB waste=  53.718MB | sender_A:RC=20.007Gbps a=0.0966 sender_B:RC=19.892Gbps a=0.0969
t= 75.000ms | q=  0.0039MB p=0.00001 arr= 357.632MB ct= 357.628MB (arr-ct)=    3.974KB waste=  53.725MB | sender_A:RC=19.614Gbps a=0.0977 sender_B:RC=19.639Gbps a=0.0973
t= 76.000ms | q=  0.0036MB p=0.00001 arr= 362.400MB ct= 362.396MB (arr-ct)=    3.681KB waste=  53.739MB | sender_A:RC=20.215Gbps a=0.0952 sender_B:RC=20.117Gbps a=0.0956
t= 77.000ms | q=  0.0000MB p=0.00001 arr= 367.165MB ct= 367.165MB (arr-ct)=    0.000KB waste=  53.754MB | sender_A:RC=20.020Gbps a=0.0966 sender_B:RC=19.907Gbps a=0.0970
t= 78.000ms | q=  0.0033MB p=0.00001 arr= 371.936MB ct= 371.933MB (arr-ct)=    3.405KB waste=  53.761MB | sender_A:RC=19.597Gbps a=0.0979 sender_B:RC=19.611Gbps a=0.0976
t= 79.000ms | q=  0.0036MB p=0.00001 arr= 376.705MB ct= 376.701MB (arr-ct)=    3.729KB waste=  53.775MB | sender_A:RC=20.217Gbps a=0.0953 sender_B:RC=20.118Gbps a=0.0956
t= 80.000ms | q=  0.0000MB p=0.00001 arr= 381.470MB ct= 381.470MB (arr-ct)=    0.000KB waste=  53.789MB | sender_A:RC=20.033Gbps a=0.0966 sender_B:RC=19.920Gbps a=0.0970
t= 81.000ms | q=  0.0025MB p=0.00001 arr= 386.241MB ct= 386.238MB (arr-ct)=    2.609KB waste=  53.797MB | sender_A:RC=19.619Gbps a=0.0980 sender_B:RC=19.585Gbps a=0.0978
t= 82.000ms | q=  0.0040MB p=0.00001 arr= 391.010MB ct= 391.006MB (arr-ct)=    4.045KB waste=  53.811MB | sender_A:RC=20.222Gbps a=0.0953 sender_B:RC=20.123Gbps a=0.0957
t= 83.000ms | q=  0.0000MB p=0.00001 arr= 395.775MB ct= 395.775MB (arr-ct)=    0.000KB waste=  53.825MB | sender_A:RC=20.047Gbps a=0.0966 sender_B:RC=19.935Gbps a=0.0970
t= 84.000ms | q=  0.0009MB p=0.00001 arr= 400.544MB ct= 400.543MB (arr-ct)=    0.880KB waste=  53.832MB | sender_A:RC=19.683Gbps a=0.0979 sender_B:RC=19.534Gbps a=0.0981
t= 85.000ms | q=  0.0053MB p=0.00276 arr= 405.317MB ct= 405.312MB (arr-ct)=    5.377KB waste=  53.846MB | sender_A:RC=20.247Gbps a=0.0952 sender_B:RC=20.148Gbps a=0.0955
t= 86.000ms | q=  0.0000MB p=0.00001 arr= 410.080MB ct= 410.080MB (arr-ct)=    0.037KB waste=  53.860MB | sender_A:RC=20.075Gbps a=0.0965 sender_B:RC=19.965Gbps a=0.0969
t= 87.000ms | q=  0.0000MB p=0.00001 arr= 414.848MB ct= 414.848MB (arr-ct)=    0.000KB waste=  53.868MB | sender_A:RC=19.746Gbps a=0.0979 sender_B:RC=19.576Gbps a=0.0982
t= 88.000ms | q=  0.0061MB p=0.00320 arr= 419.623MB ct= 419.617MB (arr-ct)=    6.246KB waste=  53.881MB | sender_A:RC=20.239Gbps a=0.0952 sender_B:RC=20.162Gbps a=0.0955
t= 89.000ms | q=  0.0001MB p=0.00001 arr= 424.385MB ct= 424.385MB (arr-ct)=    0.144KB waste=  53.895MB | sender_A:RC=20.091Gbps a=0.0965 sender_B:RC=19.983Gbps a=0.0968
t= 90.000ms | q=  0.0000MB p=0.00001 arr= 429.153MB ct= 429.153MB (arr-ct)=    0.000KB waste=  53.905MB | sender_A:RC=19.783Gbps a=0.0978 sender_B:RC=19.622Gbps a=0.0981
t= 91.000ms | q=  0.0068MB p=0.00358 arr= 433.929MB ct= 433.922MB (arr-ct)=    6.980KB waste=  53.917MB | sender_A:RC=20.164Gbps a=0.0955 sender_B:RC=20.174Gbps a=0.0954
t= 92.000ms | q=  0.0003MB p=0.00001 arr= 438.691MB ct= 438.690MB (arr-ct)=    0.325KB waste=  53.931MB | sender_A:RC=20.108Gbps a=0.0964 sender_B:RC=20.001Gbps a=0.0967
t= 93.000ms | q=  0.0000MB p=0.00001 arr= 443.459MB ct= 443.459MB (arr-ct)=    0.000KB waste=  53.941MB | sender_A:RC=19.827Gbps a=0.0977 sender_B:RC=19.676Gbps a=0.0980
t= 94.000ms | q=  0.0074MB p=0.00390 arr= 448.234MB ct= 448.227MB (arr-ct)=    7.597KB waste=  53.952MB | sender_A:RC=20.086Gbps a=0.0958 sender_B:RC=20.155Gbps a=0.0954
t= 95.000ms | q=  0.0006MB p=0.00001 arr= 452.996MB ct= 452.995MB (arr-ct)=    0.600KB waste=  53.966MB | sender_A:RC=20.126Gbps a=0.0963 sender_B:RC=20.020Gbps a=0.0966
t= 96.000ms | q=  0.0000MB p=0.00001 arr= 457.764MB ct= 457.764MB (arr-ct)=    0.000KB waste=  53.978MB | sender_A:RC=19.867Gbps a=0.0976 sender_B:RC=19.724Gbps a=0.0979
t= 97.000ms | q=  0.0077MB p=0.00405 arr= 462.540MB ct= 462.532MB (arr-ct)=    7.891KB waste=  53.988MB | sender_A:RC=20.005Gbps a=0.0962 sender_B:RC=20.079Gbps a=0.0957
t= 98.000ms | q=  0.0008MB p=0.00001 arr= 467.301MB ct= 467.300MB (arr-ct)=    0.835KB waste=  54.002MB | sender_A:RC=20.137Gbps a=0.0962 sender_B:RC=20.032Gbps a=0.0965
t= 99.000ms | q=  0.0000MB p=0.00001 arr= 472.069MB ct= 472.069MB (arr-ct)=    0.000KB waste=  54.014MB | sender_A:RC=19.891Gbps a=0.0975 sender_B:RC=19.752Gbps a=0.0978
t=100.000ms | q=  0.0078MB p=0.00408 arr= 476.845MB ct= 476.837MB (arr-ct)=    7.948KB waste=  54.023MB | sender_A:RC=19.944Gbps a=0.0965 sender_B:RC=20.021Gbps a=0.0959
t=100.002ms | q=  0.0078MB p=0.00407 arr= 476.854MB ct= 476.847MB (arr-ct)=    7.940KB waste=  54.023MB | sender_A:RC=19.934Gbps a=0.0965 sender_B:RC=20.011Gbps a=0.0960
