t=  0.000ms | q=  0.0000MB p=0.00001 arr=   0.000MB ct=   0.000MB (arr-ct)=    0.000KB waste=   0.000MB | sender_A:RC=40.000Gbps a=0.0000 sender_B:RC=40.000Gbps a=0.0000
t=  1.000ms | q=  3.9496MB p=0.99999 arr=   8.718MB ct=   4.768MB (arr-ct)= 4044.410KB waste=   0.000MB | sender_A:RC=29.620Gbps a=0.0670 sender_B:RC=30.161Gbps a=0.0650
t=  2.000ms | q=  4.1274MB p=0.99999 arr=  13.664MB ct=   9.537MB (arr-ct)= 4226.509KB waste=   0.000MB | sender_A:RC=11.998Gbps a=0.1310 sender_B:RC=12.432Gbps a=0.1291
t=  3.000ms | q=  0.9629MB p=0.50308 arr=  15.268MB ct=  14.305MB (arr-ct)=  986.014KB waste=   0.000MB | sender_A:RC=2.768Gbps a=0.1906 sender_B:RC=2.916Gbps a=0.1888
t=  4.000ms | q=  0.0000MB p=0.00001 arr=  19.073MB ct=  19.073MB (arr-ct)=    0.000KB waste=   3.262MB | sender_A:RC=2.567Gbps a=0.1921 sender_B:RC=2.540Gbps a=0.1926
t=  5.000ms | q=  0.0000MB p=0.00001 arr=  23.842MB ct=  23.842MB (arr-ct)=    0.000KB waste=   7.335MB | sender_A:RC=3.294Gbps a=0.1789 sender_B:RC=3.267Gbps a=0.1794
t=  6.000ms | q=  0.0000MB p=0.00001 arr=  28.610MB ct=  28.610MB (arr-ct)=    0.000KB waste=  11.235MB | sender_A:RC=4.021Gbps a=0.1667 sender_B:RC=3.994Gbps a=0.1671
t=  7.000ms | q=  0.0000MB p=0.00001 arr=  33.379MB ct=  33.379MB (arr-ct)=    0.000KB waste=  14.961MB | sender_A:RC=4.748Gbps a=0.1553 sender_B:RC=4.721Gbps a=0.1557
t=  8.000ms | q=  0.0000MB p=0.00001 arr=  38.147MB ct=  38.147MB (arr-ct)=    0.000KB waste=  18.514MB | sender_A:RC=5.475Gbps a=0.1447 sender_B:RC=5.447Gbps a=0.1450
t=  9.000ms | q=  0.0000MB p=0.00001 arr=  42.915MB ct=  42.915MB (arr-ct)=    0.000KB waste=  21.894MB | sender_A:RC=6.202Gbps a=0.1348 sender_B:RC=6.174Gbps a=0.1351
t= 10.000ms | q=  0.0000MB p=0.00001 arr=  47.684MB ct=  47.684MB (arr-ct)=    0.000KB waste=  25.101MB | sender_A:RC=6.928Gbps a=0.1256 sender_B:RC=6.901Gbps a=0.1259
t= 11.000ms | q=  0.0000MB p=0.00001 arr=  52.452MB ct=  52.452MB (arr-ct)=    0.000KB waste=  28.134MB | sender_A:RC=7.655Gbps a=0.1170 sender_B:RC=7.627Gbps a=0.1173
t= 12.000ms | q=  0.0000MB p=0.00001 arr=  57.220MB ct=  57.220MB (arr-ct)=    0.000KB waste=  30.994MB | sender_A:RC=8.381Gbps a=0.1090 sender_B:RC=8.354Gbps a=0.1093
t= 13.000ms | q=  0.0000MB p=0.00001 arr=  61.989MB ct=  61.989MB (arr-ct)=    0.000KB waste=  33.681MB | sender_A:RC=9.108Gbps a=0.1016 sender_B:RC=9.080Gbps a=0.1018
t= 14.000ms | q=  0.0000MB p=0.00001 arr=  66.757MB ct=  66.757MB (arr-ct)=    0.000KB waste=  36.195MB | sender_A:RC=9.834Gbps a=0.0946 sender_B:RC=9.807Gbps a=0.0949
t= 15.000ms | q=  0.0000MB p=0.00001 arr=  71.526MB ct=  71.526MB (arr-ct)=    0.000KB waste=  38.536MB | sender_A:RC=10.560Gbps a=0.0882 sender_B:RC=10.533Gbps a=0.0884
t= 16.000ms | q=  0.0000MB p=0.00001 arr=  76.294MB ct=  76.294MB (arr-ct)=   -0.000KB waste=  40.703MB | sender_A:RC=11.287Gbps a=0.0822 sender_B:RC=11.259Gbps a=0.0824
t= 17.000ms | q=  0.0000MB p=0.00001 arr=  81.062MB ct=  81.062MB (arr-ct)=    0.000KB waste=  42.697MB | sender_A:RC=12.013Gbps a=0.0766 sender_B:RC=11.985Gbps a=0.0768
t= 18.000ms | q=  0.0000MB p=0.00001 arr=  85.831MB ct=  85.831MB (arr-ct)=    0.000KB waste=  44.518MB | sender_A:RC=12.739Gbps a=0.0714 sender_B:RC=12.712Gbps a=0.0716
t= 19.000ms | q=  0.0000MB p=0.00001 arr=  90.599MB ct=  90.599MB (arr-ct)=   -0.000KB waste=  46.167MB | sender_A:RC=13.465Gbps a=0.0666 sender_B:RC=13.438Gbps a=0.0668
t= 20.000ms | q=  0.0000MB p=0.00001 arr=  95.367MB ct=  95.367MB (arr-ct)=   -0.000KB waste=  47.642MB | sender_A:RC=14.191Gbps a=0.0621 sender_B:RC=14.164Gbps a=0.0622
t= 21.000ms | q=  0.0000MB p=0.00001 arr= 100.136MB ct= 100.136MB (arr-ct)=    0.000KB waste=  48.943MB | sender_A:RC=14.917Gbps a=0.0579 sender_B:RC=14.890Gbps a=0.0580
t= 22.000ms | q=  0.0000MB p=0.00001 arr= 104.904MB ct= 104.904MB (arr-ct)=    0.000KB waste=  50.072MB | sender_A:RC=15.643Gbps a=0.0540 sender_B:RC=15.615Gbps a=0.0541
t= 23.000ms | q=  0.0000MB p=0.00001 arr= 109.673MB ct= 109.673MB (arr-ct)=   -0.000KB waste=  51.028MB | sender_A:RC=16.369Gbps a=0.0504 sender_B:RC=16.341Gbps a=0.0505
t= 24.000ms | q=  0.0000MB p=0.00001 arr= 114.441MB ct= 114.441MB (arr-ct)=   -0.000KB waste=  51.811MB | sender_A:RC=17.094Gbps a=0.0470 sender_B:RC=17.067Gbps a=0.0471
t= 25.000ms | q=  0.0000MB p=0.00001 arr= 119.209MB ct= 119.209MB (arr-ct)=    0.000KB waste=  52.420MB | sender_A:RC=17.820Gbps a=0.0438 sender_B:RC=17.793Gbps a=0.0440
t= 26.000ms | q=  0.0000MB p=0.00001 arr= 123.978MB ct= 123.978MB (arr-ct)=    0.000KB waste=  52.857MB | sender_A:RC=18.545Gbps a=0.0409 sender_B:RC=18.518Gbps a=0.0410
t= 27.000ms | q=  0.0000MB p=0.00001 arr= 128.746MB ct= 128.746MB (arr-ct)=   -0.000KB waste=  53.121MB | sender_A:RC=19.271Gbps a=0.0382 sender_B:RC=19.244Gbps a=0.0383
t= 28.000ms | q=  0.0000MB p=0.00001 arr= 133.514MB ct= 133.514MB (arr-ct)=    0.000KB waste=  53.212MB | sender_A:RC=19.996Gbps a=0.0357 sender_B:RC=19.969Gbps a=0.0358
t= 29.000ms | q=  0.0000MB p=0.00001 arr= 138.283MB ct= 138.283MB (arr-ct)=    0.000KB waste=  53.216MB | sender_A:RC=20.014Gbps a=0.0429 sender_B:RC=19.983Gbps a=0.0430
t= 30.000ms | q=  0.0007MB p=0.00001 arr= 143.052MB ct= 143.051MB (arr-ct)=    0.741KB waste=  53.220MB | sender_A:RC=20.086Gbps a=0.0482 sender_B:RC=20.055Gbps a=0.0484
t= 31.000ms | q=  0.0047MB p=0.00001 arr= 147.824MB ct= 147.820MB (arr-ct)=    4.772KB waste=  53.223MB | sender_A:RC=20.190Gbps a=0.0524 sender_B:RC=20.158Gbps a=0.0526
t= 32.000ms | q=  0.0118MB p=0.00364 arr= 152.600MB ct= 152.588MB (arr-ct)=   12.089KB waste=  53.225MB | sender_A:RC=20.054Gbps a=0.0577 sender_B:RC=20.110Gbps a=0.0572
t= 33.000ms | q=  0.0050MB p=0.00005 arr= 157.361MB ct= 157.356MB (arr-ct)=    5.092KB waste=  53.227MB | sender_A:RC=19.726Gbps a=0.0646 sender_B:RC=19.702Gbps a=0.0645
t= 34.000ms | q=  0.0000MB p=0.00001 arr= 162.125MB ct= 162.125MB (arr-ct)=    0.003KB waste=  53.232MB | sender_A:RC=20.028Gbps a=0.0664 sender_B:RC=19.984Gbps a=0.0666
t= 35.000ms | q=  0.0061MB p=0.00066 arr= 166.899MB ct= 166.893MB (arr-ct)=    6.286KB waste=  53.234MB | sender_A:RC=20.223Gbps a=0.0677 sender_B:RC=20.185Gbps a=0.0679
t= 36.000ms | q=  0.0084MB p=0.00186 arr= 171.670MB ct= 171.661MB (arr-ct)=    8.619KB waste=  53.236MB | sender_A:RC=19.728Gbps a=0.0735 sender_B:RC=19.762Gbps a=0.0730
t= 37.000ms | q=  0.0000MB p=0.00001 arr= 176.430MB ct= 176.430MB (arr-ct)=    0.011KB waste=  53.239MB | sender_A:RC=20.036Gbps a=0.0747 sender_B:RC=19.985Gbps a=0.0749
t= 38.000ms | q=  0.0084MB p=0.00185 arr= 181.207MB ct= 181.198MB (arr-ct)=    8.605KB waste=  53.241MB | sender_A:RC=20.210Gbps a=0.0751 sender_B:RC=20.210Gbps a=0.0752
t= 39.000ms | q=  0.0024MB p=0.00001 arr= 185.969MB ct= 185.966MB (arr-ct)=    2.479KB waste=  53.243MB | sender_A:RC=19.789Gbps a=0.0800 sender_B:RC=19.700Gbps a=0.0803
t= 40.000ms | q=  0.0020MB p=0.00001 arr= 190.737MB ct= 190.735MB (arr-ct)=    2.011KB waste=  53.247MB | sender_A:RC=20.149Gbps a=0.0797 sender_B:RC=20.099Gbps a=0.0800
t= 41.000ms | q=  0.0104MB p=0.00291 arr= 195.514MB ct= 195.503MB (arr-ct)=   10.677KB waste=  53.249MB | sender_A:RC=19.817Gbps a=0.0825 sender_B:RC=19.880Gbps a=0.0821
t= 42.000ms | q=  0.0000MB p=0.00001 arr= 200.272MB ct= 200.272MB (arr-ct)=    0.026KB waste=  53.253MB | sender_A:RC=20.047Gbps a=0.0835 sender_B:RC=19.986Gbps a=0.0838
t= 43.000ms | q=  0.0102MB p=0.00280 arr= 205.050MB ct= 205.040MB (arr-ct)=   10.464KB waste=  53.255MB | sender_A:RC=20.126Gbps a=0.0835 sender_B:RC=20.166Gbps a=0.0833
t= 44.000ms | q=  0.0000MB p=0.00001 arr= 209.808MB ct= 209.808MB (arr-ct)=    0.000KB waste=  53.258MB | sender_A:RC=19.941Gbps a=0.0865 sender_B:RC=19.861Gbps a=0.0868
t= 45.000ms | q=  0.0065MB p=0.00087 arr= 214.583MB ct= 214.577MB (arr-ct)=    6.706KB waste=  53.261MB | sender_A:RC=20.241Gbps a=0.0853 sender_B:RC=20.190Gbps a=0.0856
t= 46.000ms | q=  0.0014MB p=0.00001 arr= 219.347MB ct= 219.345MB (arr-ct)=    1.453KB waste=  53.262MB | sender_A:RC=19.822Gbps a=0.0888 sender_B:RC=19.715Gbps a=0.0892
t= 47.000ms | q=  0.0038MB p=0.00001 arr= 224.117MB ct= 224.113MB (arr-ct)=    3.941KB waste=  53.266MB | sender_A:RC=20.201Gbps a=0.0875 sender_B:RC=20.142Gbps a=0.0878
t= 48.000ms | q=  0.0048MB p=0.00001 arr= 228.887MB ct= 228.882MB (arr-ct)=    4.916KB waste=  53.268MB | sender_A:RC=19.708Gbps a=0.0907 sender_B:RC=19.663Gbps a=0.0907
t= 49.000ms | q=  0.0022MB p=0.00001 arr= 233.652MB ct= 233.650MB (arr-ct)=    2.294KB waste=  53.272MB | sender_A:RC=20.167Gbps a=0.0892 sender_B:RC=20.103Gbps a=0.0895
t= 50.000ms | q=  0.0076MB p=0.00141 arr= 238.426MB ct= 238.419MB (arr-ct)=    7.745KB waste=  53.274MB | sender_A:RC=19.706Gbps a=0.0917 sender_B:RC=19.721Gbps a=0.0914
t= 51.000ms | q=  0.0013MB p=0.00001 arr= 243.188MB ct= 243.187MB (arr-ct)=    1.327KB waste=  53.278MB | sender_A:RC=20.139Gbps a=0.0906 sender_B:RC=20.072Gbps a=0.0909
t= 52.000ms | q=  0.0093MB p=0.00230 arr= 247.965MB ct= 247.955MB (arr-ct)=    9.489KB waste=  53.280MB | sender_A:RC=19.756Gbps a=0.0924 sender_B:RC=19.800Gbps a=0.0920
t= 53.000ms | q=  0.0008MB p=0.00001 arr= 252.724MB ct= 252.724MB (arr-ct)=    0.772KB waste=  53.284MB | sender_A:RC=20.118Gbps a=0.0916 sender_B:RC=20.047Gbps a=0.0920
t= 54.000ms | q=  0.0102MB p=0.00278 arr= 257.502MB ct= 257.492MB (arr-ct)=   10.421KB waste=  53.286MB | sender_A:RC=19.812Gbps a=0.0929 sender_B:RC=19.870Gbps a=0.0924
t= 55.000ms | q=  0.0005MB p=0.00001 arr= 262.261MB ct= 262.260MB (arr-ct)=    0.461KB waste=  53.290MB | sender_A:RC=20.103Gbps a=0.0925 sender_B:RC=20.028Gbps a=0.0928
t= 56.000ms | q=  0.0106MB p=0.00301 arr= 267.039MB ct= 267.029MB (arr-ct)=   10.872KB waste=  53.293MB | sender_A:RC=19.859Gbps a=0.0933 sender_B:RC=19.921Gbps a=0.0929
t= 57.000ms | q=  0.0003MB p=0.00001 arr= 271.797MB ct= 271.797MB (arr-ct)=    0.292KB waste=  53.297MB | sender_A:RC=20.092Gbps a=0.0932 sender_B:RC=20.014Gbps a=0.0935
t= 58.000ms | q=  0.0108MB p=0.00311 arr= 276.576MB ct= 276.566MB (arr-ct)=   11.071KB waste=  53.299MB | sender_A:RC=19.892Gbps a=0.0937 sender_B:RC=19.955Gbps a=0.0933
t= 59.000ms | q=  0.0002MB p=0.00001 arr= 281.334MB ct= 281.334MB (arr-ct)=    0.205KB waste=  53.303MB | sender_A:RC=20.085Gbps a=0.0938 sender_B:RC=20.005Gbps a=0.0941
t= 60.000ms | q=  0.0109MB p=0.00315 arr= 286.113MB ct= 286.102MB (arr-ct)=   11.147KB waste=  53.305MB | sender_A:RC=19.912Gbps a=0.0940 sender_B:RC=19.974Gbps a=0.0936
t= 61.000ms | q=  0.0002MB p=0.00001 arr= 290.871MB ct= 290.871MB (arr-ct)=    0.166KB waste=  53.309MB | sender_A:RC=20.081Gbps a=0.0942 sender_B:RC=20.000Gbps a=0.0945
t= 62.000ms | q=  0.0109MB p=0.00316 arr= 295.650MB ct= 295.639MB (arr-ct)=   11.167KB waste=  53.311MB | sender_A:RC=19.921Gbps a=0.0943 sender_B:RC=19.982Gbps a=0.0939
t= 63.000ms | q=  0.0002MB p=0.00001 arr= 300.408MB ct= 300.407MB (arr-ct)=    0.157KB waste=  53.315MB | sender_A:RC=20.081Gbps a=0.0945 sender_B:RC=19.999Gbps a=0.0949
t= 64.000ms | q=  0.0109MB p=0.00316 arr= 305.187MB ct= 305.176MB (arr-ct)=   11.158KB waste=  53.317MB | sender_A:RC=19.920Gbps a=0.0947 sender_B:RC=19.980Gbps a=0.0942
t= 65.000ms | q=  0.0002MB p=0.00001 arr= 309.944MB ct= 309.944MB (arr-ct)=    0.171KB waste=  53.321MB | sender_A:RC=20.083Gbps a=0.0948 sender_B:RC=20.000Gbps a=0.0951
t= 66.000ms | q=  0.0109MB p=0.00314 arr= 314.723MB ct= 314.713MB (arr-ct)=   11.122KB waste=  53.323MB | sender_A:RC=19.911Gbps a=0.0949 sender_B:RC=19.971Gbps a=0.0945
t= 67.000ms | q=  0.0002MB p=0.00001 arr= 319.481MB ct= 319.481MB (arr-ct)=    0.206KB waste=  53.328MB | sender_A:RC=20.087Gbps a=0.0950 sender_B:RC=20.003Gbps a=0.0953
t= 68.000ms | q=  0.0108MB p=0.00310 arr= 324.260MB ct= 324.249MB (arr-ct)=   11.054KB waste=  53.330MB | sender_A:RC=19.897Gbps a=0.0952 sender_B:RC=19.956Gbps a=0.0948
t= 69.000ms | q=  0.0003MB p=0.00001 arr= 329.018MB ct= 329.018MB (arr-ct)=    0.262KB waste=  53.334MB | sender_A:RC=20.093Gbps a=0.0951 sender_B:RC=20.009Gbps a=0.0955
t= 70.000ms | q=  0.0107MB p=0.00305 arr= 333.797MB ct= 333.786MB (arr-ct)=   10.942KB waste=  53.336MB | sender_A:RC=19.877Gbps a=0.0955 sender_B:RC=19.935Gbps a=0.0951
t= 71.000ms | q=  0.0003MB p=0.00001 arr= 338.555MB ct= 338.554MB (arr-ct)=    0.342KB waste=  53.340MB | sender_A:RC=20.099Gbps a=0.0953 sender_B:RC=20.015Gbps a=0.0956
t= 72.000ms | q=  0.0105MB p=0.00296 arr= 343.333MB ct= 343.323MB (arr-ct)=   10.772KB waste=  53.342MB | sender_A:RC=19.854Gbps a=0.0957 sender_B:RC=19.910Gbps a=0.0953
t= 73.000ms | q=  0.0004MB p=0.00001 arr= 348.092MB ct= 348.091MB (arr-ct)=    0.447KB waste=  53.346MB | sender_A:RC=20.107Gbps a=0.0953 sender_B:RC=20.023Gbps a=0.0956
t= 74.000ms | q=  0.0103MB p=0.00284 arr= 352.870MB ct= 352.859MB (arr-ct)=   10.531KB waste=  53.348MB | sender_A:RC=19.829Gbps a=0.0960 sender_B:RC=19.882Gbps a=0.0955
t= 75.000ms | q=  0.0006MB p=0.00001 arr= 357.628MB ct= 357.628MB (arr-ct)=    0.581KB waste=  53.353MB | sender_A:RC=20.115Gbps a=0.0954 sender_B:RC=20.032Gbps a=0.0957
t= 76.000ms | q=  0.0100MB p=0.00267 arr= 362.406MB ct= 362.396MB (arr-ct)=   10.211KB waste=  53.355MB | sender_A:RC=19.803Gbps a=0.0962 sender_B:RC=19.851Gbps a=0.0958
t= 77.000ms | q=  0.0007MB p=0.00001 arr= 367.165MB ct= 367.165MB (arr-ct)=    0.744KB waste=  53.359MB | sender_A:RC=20.124Gbps a=0.0954 sender_B:RC=20.041Gbps a=0.0957
t= 78.000ms | q=  0.0096MB p=0.00246 arr= 371.943MB ct= 371.933MB (arr-ct)=    9.805KB waste=  53.361MB | sender_A:RC=19.777Gbps a=0.0964 sender_B:RC=19.819Gbps a=0.0960
t= 79.000ms | q=  0.0009MB p=0.00001 arr= 376.702MB ct= 376.701MB (arr-ct)=    0.938KB waste=  53.365MB | sender_A:RC=20.133Gbps a=0.0954 sender_B:RC=20.050Gbps a=0.0957
t= 80.000ms | q=  0.0091MB p=0.00221 arr= 381.479MB ct= 381.470MB (arr-ct)=    9.307KB waste=  53.367MB | sender_A:RC=19.752Gbps a=0.0966 sender_B:RC=19.786Gbps a=0.0962
t= 81.000ms | q=  0.0011MB p=0.00001 arr= 386.239MB ct= 386.238MB (arr-ct)=    1.164KB waste=  53.371MB | sender_A:RC=20.142Gbps a=0.0954 sender_B:RC=20.060Gbps a=0.0957
t= 82.000ms | q=  0.0085MB p=0.00191 arr= 391.015MB ct= 391.006MB (arr-ct)=    8.720KB waste=  53.374MB | sender_A:RC=19.731Gbps a=0.0968 sender_B:RC=19.754Gbps a=0.0965
t= 83.000ms | q=  0.0014MB p=0.00001 arr= 395.776MB ct= 395.775MB (arr-ct)=    1.422KB waste=  53.378MB | sender_A:RC=20.151Gbps a=0.0954 sender_B:RC=20.069Gbps a=0.0957
t= 84.000ms | q=  0.0079MB p=0.00156 arr= 400.551MB ct= 400.543MB (arr-ct)=    8.050KB waste=  53.380MB | sender_A:RC=19.713Gbps a=0.0970 sender_B:RC=19.724Gbps a=0.0967
t= 85.000ms | q=  0.0017MB p=0.00001 arr= 405.313MB ct= 405.312MB (arr-ct)=    1.712KB waste=  53.384MB | sender_A:RC=20.161Gbps a=0.0953 sender_B:RC=20.079Gbps a=0.0956
t= 86.000ms | q=  0.0071MB p=0.00118 arr= 410.087MB ct= 410.080MB (arr-ct)=    7.304KB waste=  53.386MB | sender_A:RC=19.701Gbps a=0.0971 sender_B:RC=19.697Gbps a=0.0968
t= 87.000ms | q=  0.0020MB p=0.00001 arr= 414.850MB ct= 414.848MB (arr-ct)=    2.034KB waste=  53.390MB | sender_A:RC=20.170Gbps a=0.0953 sender_B:RC=20.089Gbps a=0.0956
t= 88.000ms | q=  0.0063MB p=0.00077 arr= 419.623MB ct= 419.617MB (arr-ct)=    6.496KB waste=  53.392MB | sender_A:RC=19.695Gbps a=0.0972 sender_B:RC=19.674Gbps a=0.0970
t= 89.000ms | q=  0.0023MB p=0.00001 arr= 424.387MB ct= 424.385MB (arr-ct)=    2.389KB waste=  53.397MB | sender_A:RC=20.180Gbps a=0.0952 sender_B:RC=20.099Gbps a=0.0955
t= 90.000ms | q=  0.0055MB p=0.00033 arr= 429.159MB ct= 429.153MB (arr-ct)=    5.643KB waste=  53.399MB | sender_A:RC=19.698Gbps a=0.0973 sender_B:RC=19.656Gbps a=0.0972
t= 91.000ms | q=  0.0027MB p=0.00001 arr= 433.925MB ct= 433.922MB (arr-ct)=    2.774KB waste=  53.403MB | sender_A:RC=20.189Gbps a=0.0952 sender_B:RC=20.109Gbps a=0.0955
t= 92.000ms | q=  0.0047MB p=0.00001 arr= 438.695MB ct= 438.690MB (arr-ct)=    4.766KB waste=  53.405MB | sender_A:RC=19.709Gbps a=0.0973 sender_B:RC=19.645Gbps a=0.0973
t= 93.000ms | q=  0.0031MB p=0.00001 arr= 443.462MB ct= 443.459MB (arr-ct)=    3.191KB waste=  53.409MB | sender_A:RC=20.199Gbps a=0.0951 sender_B:RC=20.119Gbps a=0.0954
t= 94.000ms | q=  0.0038MB p=0.00001 arr= 448.231MB ct= 448.227MB (arr-ct)=    3.889KB waste=  53.411MB | sender_A:RC=19.730Gbps a=0.0973 sender_B:RC=19.641Gbps a=0.0974
t= 95.000ms | q=  0.0036MB p=0.00001 arr= 452.999MB ct= 452.995MB (arr-ct)=    3.637KB waste=  53.415MB | sender_A:RC=20.208Gbps a=0.0951 sender_B:RC=20.128Gbps a=0.0953
t= 96.000ms | q=  0.0030MB p=0.00001 arr= 457.767MB ct= 457.764MB (arr-ct)=    3.038KB waste=  53.417MB | sender_A:RC=19.760Gbps a=0.0973 sender_B:RC=19.646Gbps a=0.0974
t= 97.000ms | q=  0.0040MB p=0.00001 arr= 462.536MB ct= 462.532MB (arr-ct)=    4.114KB waste=  53.422MB | sender_A:RC=20.217Gbps a=0.0950 sender_B:RC=20.138Gbps a=0.0953
t= 98.000ms | q=  0.0022MB p=0.00001 arr= 467.303MB ct= 467.300MB (arr-ct)=    2.238KB waste=  53.424MB | sender_A:RC=19.791Gbps a=0.0972 sender_B:RC=19.661Gbps a=0.0975
t= 99.000ms | q=  0.0045MB p=0.00001 arr= 472.073MB ct= 472.069MB (arr-ct)=    4.620KB waste=  53.428MB | sender_A:RC=20.227Gbps a=0.0949 sender_B:RC=20.147Gbps a=0.0952
t=100.000ms | q=  0.0015MB p=0.00001 arr= 476.839MB ct= 476.837MB (arr-ct)=    1.501KB waste=  53.430MB | sender_A:RC=19.819Gbps a=0.0971 sender_B:RC=19.686Gbps a=0.0974
t=100.002ms | q=  0.0013MB p=0.00001 arr= 476.848MB ct= 476.847MB (arr-ct)=    1.380KB waste=  53.430MB | sender_A:RC=19.824Gbps a=0.0971 sender_B:RC=19.691Gbps a=0.0974
