t=  0.000ms | q=  0.0000MB p=0.00001 arr=   0.000MB ct=   0.000MB (arr-ct)=    0.000KB waste=   0.000MB | sender_A:RC=40.000Gbps a=0.0000 sender_B:RC=40.000Gbps a=0.0000
t=  1.000ms | q=  3.9705MB p=0.99999 arr=   8.739MB ct=   4.768MB (arr-ct)= 4065.774KB waste=   0.000MB | sender_A:RC=29.775Gbps a=0.0665 sender_B:RC=30.316Gbps a=0.0645
t=  2.000ms | q=  4.1847MB p=0.99999 arr=  13.721MB ct=   9.537MB (arr-ct)= 4285.154KB waste=   0.000MB | sender_A:RC=12.121Gbps a=0.1305 sender_B:RC=12.558Gbps a=0.1286
t=  3.000ms | q=  1.0395MB p=0.54588 arr=  15.345MB ct=  14.305MB (arr-ct)= 1064.467KB waste=   0.000MB | sender_A:RC=2.810Gbps a=0.1901 sender_B:RC=2.959Gbps a=0.1884
t=  4.000ms | q=  0.0000MB p=0.00001 arr=  19.073MB ct=  19.073MB (arr-ct)=    0.000KB waste=   3.191MB | sender_A:RC=2.525Gbps a=0.1928 sender_B:RC=2.498Gbps a=0.1933
t=  5.000ms | q=  0.0000MB p=0.00001 arr=  23.842MB ct=  23.842MB (arr-ct)=    0.000KB waste=   7.274MB | sender_A:RC=3.252Gbps a=0.1796 sender_B:RC=3.225Gbps a=0.1800
t=  6.000ms | q=  0.0000MB p=0.00001 arr=  28.610MB ct=  28.610MB (arr-ct)=    0.000KB waste=  11.184MB | sender_A:RC=3.979Gbps a=0.1673 sender_B:RC=3.952Gbps a=0.1677
t=  7.000ms | q=  0.0000MB p=0.00001 arr=  33.379MB ct=  33.379MB (arr-ct)=    0.000KB waste=  14.921MB | sender_A:RC=4.706Gbps a=0.1558 sender_B:RC=4.679Gbps a=0.1562
t=  8.000ms | q=  0.0000MB p=0.00001 arr=  38.147MB ct=  38.147MB (arr-ct)=    0.000KB waste=  18.484MB | sender_A:RC=5.433Gbps a=0.1452 sender_B:RC=5.406Gbps a=0.1455
t=  9.000ms | q=  0.0000MB p=0.00001 arr=  42.915MB ct=  42.915MB (arr-ct)=    0.000KB waste=  21.874MB | sender_A:RC=6.160Gbps a=0.1352 sender_B:RC=6.132Gbps a=0.1356
t= 10.000ms | q=  0.0000MB p=0.00001 arr=  47.684MB ct=  47.684MB (arr-ct)=    0.000KB waste=  25.090MB | sender_A:RC=6.886Gbps a=0.1260 sender_B:RC=6.859Gbps a=0.1263
t= 11.000ms | q=  0.0000MB p=0.00001 arr=  52.452MB ct=  52.452MB (arr-ct)=    0.000KB waste=  28.134MB | sender_A:RC=7.613Gbps a=0.1174 sender_B:RC=7.586Gbps a=0.1177
t= 12.000ms | q=  0.0000MB p=0.00001 arr=  57.220MB ct=  57.220MB (arr-ct)=    0.000KB waste=  31.004MB | sender_A:RC=8.339Gbps a=0.1094 sender_B:RC=8.312Gbps a=0.1097
t= 13.000ms | q=  0.0000MB p=0.00001 arr=  61.989MB ct=  61.989MB (arr-ct)=    0.000KB waste=  33.701MB | sender_A:RC=9.066Gbps a=0.1019 sender_B:RC=9.039Gbps a=0.1022
t= 14.000ms | q=  0.0000MB p=0.00001 arr=  66.757MB ct=  66.757MB (arr-ct)=    0.000KB waste=  36.224MB | sender_A:RC=9.792Gbps a=0.0950 sender_B:RC=9.765Gbps a=0.0952
t= 15.000ms | q=  0.0000MB p=0.00001 arr=  71.526MB ct=  71.526MB (arr-ct)=    0.000KB waste=  38.575MB | sender_A:RC=10.518Gbps a=0.0885 sender_B:RC=10.491Gbps a=0.0887
t= 16.000ms | q=  0.0000MB p=0.00001 arr=  76.294MB ct=  76.294MB (arr-ct)=   -0.000KB waste=  40.752MB | sender_A:RC=11.245Gbps a=0.0825 sender_B:RC=11.218Gbps a=0.0827
t= 17.000ms | q=  0.0000MB p=0.00001 arr=  81.062MB ct=  81.062MB (arr-ct)=    0.000KB waste=  42.757MB | sender_A:RC=11.971Gbps a=0.0769 sender_B:RC=11.944Gbps a=0.0771
t= 18.000ms | q=  0.0000MB p=0.00001 arr=  85.831MB ct=  85.831MB (arr-ct)=    0.000KB waste=  44.588MB | sender_A:RC=12.697Gbps a=0.0717 sender_B:RC=12.670Gbps a=0.0719
t= 19.000ms | q=  0.0000MB p=0.00001 arr=  90.599MB ct=  90.599MB (arr-ct)=   -0.000KB waste=  46.246MB | sender_A:RC=13.423Gbps a=0.0668 sender_B:RC=13.396Gbps a=0.0670
t= 20.000ms | q=  0.0000MB p=0.00001 arr=  95.367MB ct=  95.367MB (arr-ct)=   -0.000KB waste=  47.731MB | sender_A:RC=14.149Gbps a=0.0623 sender_B:RC=14.122Gbps a=0.0625
t= 21.000ms | q=  0.0000MB p=0.00001 arr= 100.136MB ct= 100.136MB (arr-ct)=    0.000KB waste=  49.043MB | sender_A:RC=14.875Gbps a=0.0581 sender_B:RC=14.848Gbps a=0.0582
t= 22.000ms | q=  0.0000MB p=0.00001 arr= 104.904MB ct= 104.904MB (arr-ct)=    0.000KB waste=  50.181MB | sender_A:RC=15.601Gbps a=0.0542 sender_B:RC=15.574Gbps a=0.0543
t= 23.000ms | q=  0.0000MB p=0.00001 arr= 109.673MB ct= 109.673MB (arr-ct)=   -0.000KB waste=  51.147MB | sender_A:RC=16.327Gbps a=0.0505 sender_B:RC=16.299Gbps a=0.0507
t= 24.000ms | q=  0.0000MB p=0.00001 arr= 114.441MB ct= 114.441MB (arr-ct)=   -0.000KB waste=  51.940MB | sender_A:RC=17.052Gbps a=0.0472 sender_B:RC=17.025Gbps a=0.0473
t= 25.000ms | q=  0.0000MB p=0.00001 arr= 119.209MB ct= 119.209MB (arr-ct)=    0.000KB waste=  52.560MB | sender_A:RC=17.778Gbps a=0.0440 sender_B:RC=17.751Gbps a=0.0441
t= 26.000ms | q=  0.0000MB p=0.00001 arr= 123.978MB ct= 123.978MB (arr-ct)=    0.000KB waste=  53.006MB | sender_A:RC=18.504Gbps a=0.0411 sender_B:RC=18.476Gbps a=0.0412
t= 27.000ms | q=  0.0000MB p=0.00001 arr= 128.746MB ct= 128.746MB (arr-ct)=   -0.000KB waste=  53.280MB | sender_A:RC=19.229Gbps a=0.0383 sender_B:RC=19.202Gbps a=0.0384
t= 28.000ms | q=  0.0000MB p=0.00001 arr= 133.514MB ct= 133.514MB (arr-ct)=    0.000KB waste=  53.381MB | sender_A:RC=19.955Gbps a=0.0358 sender_B:RC=19.927Gbps a=0.0359
t= 29.000ms | q=  0.0581MB p=0.03051 arr= 138.341MB ct= 138.283MB (arr-ct)=   59.489KB waste=  53.381MB | sender_A:RC=19.587Gbps a=0.0436 sender_B:RC=19.800Gbps a=0.0416
t= 30.000ms | q=  0.0000MB p=0.00001 arr= 143.051MB ct= 143.051MB (arr-ct)=    0.000KB waste=  53.443MB | sender_A:RC=19.899Gbps a=0.0465 sender_B:RC=19.870Gbps a=0.0466
t= 31.000ms | q=  0.0580MB p=0.03045 arr= 147.878MB ct= 147.820MB (arr-ct)=   59.384KB waste=  53.445MB | sender_A:RC=20.024Gbps a=0.0481 sender_B:RC=20.264Gbps a=0.0461
t= 32.000ms | q=  0.0000MB p=0.00001 arr= 152.588MB ct= 152.588MB (arr-ct)=    0.000KB waste=  53.509MB | sender_A:RC=19.863Gbps a=0.0537 sender_B:RC=19.831Gbps a=0.0539
t= 33.000ms | q=  0.0536MB p=0.02814 arr= 157.410MB ct= 157.356MB (arr-ct)=   54.879KB waste=  53.513MB | sender_A:RC=20.431Gbps a=0.0513 sender_B:RC=20.557Gbps a=0.0503
t= 34.000ms | q=  0.0000MB p=0.00001 arr= 162.125MB ct= 162.125MB (arr-ct)=    0.000KB waste=  53.574MB | sender_A:RC=19.851Gbps a=0.0589 sender_B:RC=19.817Gbps a=0.0591
t= 35.000ms | q=  0.0513MB p=0.02696 arr= 166.944MB ct= 166.893MB (arr-ct)=   52.572KB waste=  53.578MB | sender_A:RC=20.577Gbps a=0.0550 sender_B:RC=20.543Gbps a=0.0551
t= 36.000ms | q=  0.0000MB p=0.00001 arr= 171.661MB ct= 171.661MB (arr-ct)=    0.000KB waste=  53.644MB | sender_A:RC=19.825Gbps a=0.0629 sender_B:RC=19.788Gbps a=0.0630
t= 37.000ms | q=  0.0464MB p=0.00001 arr= 176.476MB ct= 176.430MB (arr-ct)=   47.502KB waste=  53.651MB | sender_A:RC=20.551Gbps a=0.0586 sender_B:RC=20.514Gbps a=0.0588
t= 38.000ms | q=  0.0000MB p=0.00001 arr= 181.198MB ct= 181.198MB (arr-ct)=    0.000KB waste=  53.713MB | sender_A:RC=19.817Gbps a=0.0658 sender_B:RC=19.777Gbps a=0.0660
t= 39.000ms | q=  0.0448MB p=0.00001 arr= 186.011MB ct= 185.966MB (arr-ct)=   45.909KB waste=  53.720MB | sender_A:RC=20.543Gbps a=0.0614 sender_B:RC=20.503Gbps a=0.0615
t= 40.000ms | q=  0.0000MB p=0.00001 arr= 190.735MB ct= 190.735MB (arr-ct)=    0.000KB waste=  53.784MB | sender_A:RC=19.805Gbps a=0.0681 sender_B:RC=19.763Gbps a=0.0683
t= 41.000ms | q=  0.0426MB p=0.00001 arr= 195.546MB ct= 195.503MB (arr-ct)=   43.633KB waste=  53.792MB | sender_A:RC=20.531Gbps a=0.0635 sender_B:RC=20.489Gbps a=0.0637
t= 42.000ms | q=  0.0000MB p=0.00001 arr= 200.272MB ct= 200.272MB (arr-ct)=    0.000KB waste=  53.854MB | sender_A:RC=19.803Gbps a=0.0698 sender_B:RC=19.758Gbps a=0.0700
t= 43.000ms | q=  0.0420MB p=0.00001 arr= 205.082MB ct= 205.040MB (arr-ct)=   43.040KB waste=  53.862MB | sender_A:RC=20.529Gbps a=0.0651 sender_B:RC=20.484Gbps a=0.0653
t= 44.000ms | q=  0.0000MB p=0.00001 arr= 209.808MB ct= 209.808MB (arr-ct)=    0.000KB waste=  53.926MB | sender_A:RC=19.796Gbps a=0.0712 sender_B:RC=19.748Gbps a=0.0714
t= 45.000ms | q=  0.0407MB p=0.00001 arr= 214.617MB ct= 214.577MB (arr-ct)=   41.628KB waste=  53.935MB | sender_A:RC=20.522Gbps a=0.0664 sender_B:RC=20.474Gbps a=0.0666
t= 46.000ms | q=  0.0000MB p=0.00001 arr= 219.345MB ct= 219.345MB (arr-ct)=    0.000KB waste=  53.998MB | sender_A:RC=19.793Gbps a=0.0723 sender_B:RC=19.742Gbps a=0.0725
t= 47.000ms | q=  0.0399MB p=0.00001 arr= 224.153MB ct= 224.113MB (arr-ct)=   40.872KB waste=  54.007MB | sender_A:RC=20.519Gbps a=0.0674 sender_B:RC=20.469Gbps a=0.0676
t= 48.000ms | q=  0.0000MB p=0.00001 arr= 228.882MB ct= 228.882MB (arr-ct)=    0.000KB waste=  54.073MB | sender_A:RC=19.772Gbps a=0.0732 sender_B:RC=19.719Gbps a=0.0734
t= 49.000ms | q=  0.0364MB p=0.00001 arr= 233.687MB ct= 233.650MB (arr-ct)=   37.317KB waste=  54.084MB | sender_A:RC=20.498Gbps a=0.0683 sender_B:RC=20.445Gbps a=0.0685
t= 50.000ms | q=  0.0000MB p=0.00001 arr= 238.419MB ct= 238.419MB (arr-ct)=    0.000KB waste=  54.146MB | sender_A:RC=19.763Gbps a=0.0739 sender_B:RC=19.708Gbps a=0.0741
t= 51.000ms | q=  0.0350MB p=0.00001 arr= 243.222MB ct= 243.187MB (arr-ct)=   35.809KB waste=  54.158MB | sender_A:RC=20.489Gbps a=0.0690 sender_B:RC=20.435Gbps a=0.0692
t= 52.000ms | q=  0.0000MB p=0.00001 arr= 247.955MB ct= 247.955MB (arr-ct)=    0.000KB waste=  54.217MB | sender_A:RC=19.770Gbps a=0.0744 sender_B:RC=19.713Gbps a=0.0746
t= 53.000ms | q=  0.0359MB p=0.00001 arr= 252.760MB ct= 252.724MB (arr-ct)=   36.741KB waste=  54.228MB | sender_A:RC=20.496Gbps a=0.0694 sender_B:RC=20.440Gbps a=0.0696
t= 54.000ms | q=  0.0000MB p=0.00001 arr= 257.492MB ct= 257.492MB (arr-ct)=    0.000KB waste=  54.290MB | sender_A:RC=19.769Gbps a=0.0748 sender_B:RC=19.710Gbps a=0.0751
t= 55.000ms | q=  0.0356MB p=0.00001 arr= 262.296MB ct= 262.260MB (arr-ct)=   36.407KB waste=  54.301MB | sender_A:RC=20.495Gbps a=0.0698 sender_B:RC=20.436Gbps a=0.0700
t= 56.000ms | q=  0.0000MB p=0.00001 arr= 267.029MB ct= 267.029MB (arr-ct)=    0.000KB waste=  54.363MB | sender_A:RC=19.761Gbps a=0.0752 sender_B:RC=19.700Gbps a=0.0754
t= 57.000ms | q=  0.0342MB p=0.00001 arr= 271.831MB ct= 271.797MB (arr-ct)=   35.038KB waste=  54.375MB | sender_A:RC=20.487Gbps a=0.0701 sender_B:RC=20.427Gbps a=0.0703
t= 58.000ms | q=  0.0000MB p=0.00001 arr= 276.566MB ct= 276.566MB (arr-ct)=    0.000KB waste=  54.438MB | sender_A:RC=19.749Gbps a=0.0755 sender_B:RC=19.686Gbps a=0.0757
t= 59.000ms | q=  0.0323MB p=0.00001 arr= 281.366MB ct= 281.334MB (arr-ct)=   33.032KB waste=  54.451MB | sender_A:RC=20.475Gbps a=0.0704 sender_B:RC=20.413Gbps a=0.0706
t= 60.000ms | q=  0.0000MB p=0.00001 arr= 286.102MB ct= 286.102MB (arr-ct)=    0.000KB waste=  54.513MB | sender_A:RC=19.733Gbps a=0.0758 sender_B:RC=19.668Gbps a=0.0760
t= 61.000ms | q=  0.0299MB p=0.00001 arr= 290.901MB ct= 290.871MB (arr-ct)=   30.616KB waste=  54.528MB | sender_A:RC=20.459Gbps a=0.0707 sender_B:RC=20.395Gbps a=0.0709
t= 62.000ms | q=  0.0000MB p=0.00001 arr= 295.639MB ct= 295.639MB (arr-ct)=    0.000KB waste=  54.589MB | sender_A:RC=19.715Gbps a=0.0761 sender_B:RC=19.649Gbps a=0.0763
t= 63.000ms | q=  0.0273MB p=0.00001 arr= 300.435MB ct= 300.407MB (arr-ct)=   28.001KB waste=  54.606MB | sender_A:RC=20.441Gbps a=0.0710 sender_B:RC=20.376Gbps a=0.0712
t= 64.000ms | q=  0.0000MB p=0.00001 arr= 305.176MB ct= 305.176MB (arr-ct)=    0.000KB waste=  54.665MB | sender_A:RC=19.694Gbps a=0.0763 sender_B:RC=19.627Gbps a=0.0766
t= 65.000ms | q=  0.0246MB p=0.00001 arr= 309.969MB ct= 309.944MB (arr-ct)=   25.217KB waste=  54.684MB | sender_A:RC=20.421Gbps a=0.0712 sender_B:RC=20.354Gbps a=0.0714
t= 66.000ms | q=  0.0000MB p=0.00001 arr= 314.713MB ct= 314.713MB (arr-ct)=    0.000KB waste=  54.737MB | sender_A:RC=19.698Gbps a=0.0764 sender_B:RC=19.629Gbps a=0.0767
t= 67.000ms | q=  0.0250MB p=0.00001 arr= 319.506MB ct= 319.481MB (arr-ct)=   25.622KB waste=  54.756MB | sender_A:RC=20.425Gbps a=0.0713 sender_B:RC=20.357Gbps a=0.0715
t= 68.000ms | q=  0.0000MB p=0.00001 arr= 324.249MB ct= 324.249MB (arr-ct)=    0.000KB waste=  54.810MB | sender_A:RC=19.699Gbps a=0.0765 sender_B:RC=19.629Gbps a=0.0768
t= 69.000ms | q=  0.0252MB p=0.00001 arr= 329.043MB ct= 329.018MB (arr-ct)=   25.758KB waste=  54.829MB | sender_A:RC=20.427Gbps a=0.0714 sender_B:RC=20.357Gbps a=0.0716
t= 70.000ms | q=  0.0000MB p=0.00001 arr= 333.786MB ct= 333.786MB (arr-ct)=    0.000KB waste=  54.887MB | sender_A:RC=19.674Gbps a=0.0767 sender_B:RC=19.602Gbps a=0.0770
t= 71.000ms | q=  0.0219MB p=0.00001 arr= 338.576MB ct= 338.554MB (arr-ct)=   22.409KB waste=  54.908MB | sender_A:RC=20.401Gbps a=0.0716 sender_B:RC=20.330Gbps a=0.0718
t= 72.000ms | q=  0.0000MB p=0.00001 arr= 343.323MB ct= 343.323MB (arr-ct)=    0.000KB waste=  54.963MB | sender_A:RC=19.647Gbps a=0.0769 sender_B:RC=19.574Gbps a=0.0772
t= 73.000ms | q=  0.0188MB p=0.00001 arr= 348.110MB ct= 348.091MB (arr-ct)=   19.283KB waste=  54.988MB | sender_A:RC=20.375Gbps a=0.0718 sender_B:RC=20.303Gbps a=0.0720
t= 74.000ms | q=  0.0000MB p=0.00001 arr= 352.859MB ct= 352.859MB (arr-ct)=    0.000KB waste=  55.036MB | sender_A:RC=19.645Gbps a=0.0770 sender_B:RC=19.571Gbps a=0.0773
t= 75.000ms | q=  0.0187MB p=0.00001 arr= 357.647MB ct= 357.628MB (arr-ct)=   19.132KB waste=  55.061MB | sender_A:RC=20.374Gbps a=0.0718 sender_B:RC=20.301Gbps a=0.0721
t= 76.000ms | q=  0.0000MB p=0.00001 arr= 362.396MB ct= 362.396MB (arr-ct)=    0.000KB waste=  55.109MB | sender_A:RC=19.643Gbps a=0.0771 sender_B:RC=19.568Gbps a=0.0773
t= 77.000ms | q=  0.0184MB p=0.00001 arr= 367.183MB ct= 367.165MB (arr-ct)=   18.862KB waste=  55.134MB | sender_A:RC=20.372Gbps a=0.0719 sender_B:RC=20.299Gbps a=0.0721
t= 78.000ms | q=  0.0000MB p=0.00001 arr= 371.933MB ct= 371.933MB (arr-ct)=    0.000KB waste=  55.182MB | sender_A:RC=19.641Gbps a=0.0771 sender_B:RC=19.565Gbps a=0.0774
t= 79.000ms | q=  0.0182MB p=0.00001 arr= 376.720MB ct= 376.701MB (arr-ct)=   18.605KB waste=  55.208MB | sender_A:RC=20.371Gbps a=0.0719 sender_B:RC=20.296Gbps a=0.0722
t= 80.000ms | q=  0.0000MB p=0.00001 arr= 381.470MB ct= 381.470MB (arr-ct)=    0.000KB waste=  55.256MB | sender_A:RC=19.638Gbps a=0.0772 sender_B:RC=19.561Gbps a=0.0774
t= 81.000ms | q=  0.0178MB p=0.00001 arr= 386.256MB ct= 386.238MB (arr-ct)=   18.227KB waste=  55.282MB | sender_A:RC=20.368Gbps a=0.0720 sender_B:RC=20.292Gbps a=0.0722
t= 82.000ms | q=  0.0000MB p=0.00001 arr= 391.006MB ct= 391.006MB (arr-ct)=    0.000KB waste=  55.329MB | sender_A:RC=19.635Gbps a=0.0772 sender_B:RC=19.557Gbps a=0.0775
t= 83.000ms | q=  0.0174MB p=0.00001 arr= 395.792MB ct= 395.775MB (arr-ct)=   17.854KB waste=  55.356MB | sender_A:RC=20.365Gbps a=0.0720 sender_B:RC=20.288Gbps a=0.0723
t= 84.000ms | q=  0.0000MB p=0.00001 arr= 400.543MB ct= 400.543MB (arr-ct)=    0.000KB waste=  55.403MB | sender_A:RC=19.630Gbps a=0.0773 sender_B:RC=19.552Gbps a=0.0775
t= 85.000ms | q=  0.0170MB p=0.00001 arr= 405.329MB ct= 405.312MB (arr-ct)=   17.358KB waste=  55.430MB | sender_A:RC=20.360Gbps a=0.0721 sender_B:RC=20.283Gbps a=0.0723
t= 86.000ms | q=  0.0000MB p=0.00001 arr= 410.080MB ct= 410.080MB (arr-ct)=    0.000KB waste=  55.476MB | sender_A:RC=19.626Gbps a=0.0773 sender_B:RC=19.547Gbps a=0.0776
t= 87.000ms | q=  0.0165MB p=0.00001 arr= 414.865MB ct= 414.848MB (arr-ct)=   16.865KB waste=  55.504MB | sender_A:RC=20.356Gbps a=0.0721 sender_B:RC=20.279Gbps a=0.0723
t= 88.000ms | q=  0.0000MB p=0.00001 arr= 419.617MB ct= 419.617MB (arr-ct)=    0.000KB waste=  55.550MB | sender_A:RC=19.621Gbps a=0.0774 sender_B:RC=19.542Gbps a=0.0776
t= 89.000ms | q=  0.0160MB p=0.00001 arr= 424.401MB ct= 424.385MB (arr-ct)=   16.383KB waste=  55.578MB | sender_A:RC=20.352Gbps a=0.0722 sender_B:RC=20.274Gbps a=0.0724
t= 90.000ms | q=  0.0000MB p=0.00001 arr= 429.153MB ct= 429.153MB (arr-ct)=    0.000KB waste=  55.623MB | sender_A:RC=19.617Gbps a=0.0774 sender_B:RC=19.536Gbps a=0.0777
t= 91.000ms | q=  0.0155MB p=0.00001 arr= 433.937MB ct= 433.922MB (arr-ct)=   15.912KB waste=  55.652MB | sender_A:RC=20.348Gbps a=0.0722 sender_B:RC=20.269Gbps a=0.0724
t= 92.000ms | q=  0.0000MB p=0.00001 arr= 438.690MB ct= 438.690MB (arr-ct)=    0.000KB waste=  55.697MB | sender_A:RC=19.612Gbps a=0.0775 sender_B:RC=19.531Gbps a=0.0777
t= 93.000ms | q=  0.0151MB p=0.00001 arr= 443.474MB ct= 443.459MB (arr-ct)=   15.451KB waste=  55.726MB | sender_A:RC=20.343Gbps a=0.0722 sender_B:RC=20.264Gbps a=0.0725
t= 94.000ms | q=  0.0000MB p=0.00001 arr= 448.227MB ct= 448.227MB (arr-ct)=    0.000KB waste=  55.771MB | sender_A:RC=19.608Gbps a=0.0775 sender_B:RC=19.526Gbps a=0.0777
t= 95.000ms | q=  0.0146MB p=0.00001 arr= 453.010MB ct= 452.995MB (arr-ct)=   15.000KB waste=  55.801MB | sender_A:RC=20.339Gbps a=0.0723 sender_B:RC=20.260Gbps a=0.0725
t= 96.000ms | q=  0.0000MB p=0.00001 arr= 457.764MB ct= 457.764MB (arr-ct)=    0.000KB waste=  55.844MB | sender_A:RC=19.603Gbps a=0.0775 sender_B:RC=19.521Gbps a=0.0778
t= 97.000ms | q=  0.0142MB p=0.00001 arr= 462.546MB ct= 462.532MB (arr-ct)=   14.557KB waste=  55.875MB | sender_A:RC=20.335Gbps a=0.0723 sender_B:RC=20.255Gbps a=0.0725
t= 98.000ms | q=  0.0000MB p=0.00001 arr= 467.300MB ct= 467.300MB (arr-ct)=    0.000KB waste=  55.918MB | sender_A:RC=19.598Gbps a=0.0776 sender_B:RC=19.516Gbps a=0.0778
t= 99.000ms | q=  0.0138MB p=0.00001 arr= 472.083MB ct= 472.069MB (arr-ct)=   14.123KB waste=  55.949MB | sender_A:RC=20.331Gbps a=0.0724 sender_B:RC=20.250Gbps a=0.0726
t=100.000ms | q=  0.0000MB p=0.00001 arr= 476.837MB ct= 476.837MB (arr-ct)=    0.000KB waste=  55.994MB | sender_A:RC=19.567Gbps a=0.0778 sender_B:RC=19.484Gbps a=0.0780
t=100.002ms | q=  0.0000MB p=0.00001 arr= 476.847MB ct= 476.847MB (arr-ct)=    0.000KB waste=  55.995MB | sender_A:RC=19.569Gbps a=0.0777 sender_B:RC=19.486Gbps a=0.0780
