t=  0.000ms | q=  0.0000MB p=0.00001 arr=   0.000MB ct=   0.000MB (arr-ct)=    0.000KB waste=   0.000MB | sender_A:RC=40.000Gbps a=0.0000 sender_B:RC=40.000Gbps a=0.0000
t=  1.000ms | q=  3.9462MB p=0.99999 arr=   8.715MB ct=   4.768MB (arr-ct)= 4040.863KB waste=   0.000MB | sender_A:RC=29.595Gbps a=0.0671 sender_B:RC=30.136Gbps a=0.0651
t=  2.000ms | q=  4.1180MB p=0.99999 arr=  13.655MB ct=   9.537MB (arr-ct)= 4216.873KB waste=   0.000MB | sender_A:RC=11.978Gbps a=0.1311 sender_B:RC=12.411Gbps a=0.1292
t=  3.000ms | q=  0.9504MB p=0.99999 arr=  15.255MB ct=  14.305MB (arr-ct)=  973.161KB waste=   0.000MB | sender_A:RC=2.762Gbps a=0.1907 sender_B:RC=2.909Gbps a=0.1889
t=  4.000ms | q=  0.0000MB p=0.00001 arr=  19.073MB ct=  19.073MB (arr-ct)=    0.000KB waste=   3.297MB | sender_A:RC=2.453Gbps a=0.1938 sender_B:RC=2.430Gbps a=0.1942
t=  5.000ms | q=  0.0000MB p=0.00001 arr=  23.842MB ct=  23.842MB (arr-ct)=    0.000KB waste=   7.396MB | sender_A:RC=3.180Gbps a=0.1805 sender_B:RC=3.158Gbps a=0.1809
t=  6.000ms | q=  0.0000MB p=0.00001 arr=  28.610MB ct=  28.610MB (arr-ct)=    0.000KB waste=  11.323MB | sender_A:RC=3.907Gbps a=0.1681 sender_B:RC=3.884Gbps a=0.1685
t=  7.000ms | q=  0.0000MB p=0.00001 arr=  33.379MB ct=  33.379MB (arr-ct)=    0.000KB waste=  15.076MB | sender_A:RC=4.634Gbps a=0.1566 sender_B:RC=4.611Gbps a=0.1570
t=  8.000ms | q=  0.0000MB p=0.00001 arr=  38.147MB ct=  38.147MB (arr-ct)=    0.000KB waste=  18.655MB | sender_A:RC=5.361Gbps a=0.1459 sender_B:RC=5.338Gbps a=0.1462
t=  9.000ms | q=  0.0000MB p=0.00001 arr=  42.915MB ct=  42.915MB (arr-ct)=    0.000KB waste=  22.062MB | sender_A:RC=6.087Gbps a=0.1359 sender_B:RC=6.065Gbps a=0.1362
t= 10.000ms | q=  0.0000MB p=0.00001 arr=  47.684MB ct=  47.684MB (arr-ct)=    0.000KB waste=  25.295MB | sender_A:RC=6.814Gbps a=0.1266 sender_B:RC=6.791Gbps a=0.1269
t= 11.000ms | q=  0.0000MB p=0.00001 arr=  52.452MB ct=  52.452MB (arr-ct)=    0.000KB waste=  28.355MB | sender_A:RC=7.541Gbps a=0.1180 sender_B:RC=7.518Gbps a=0.1183
t= 12.000ms | q=  0.0000MB p=0.00001 arr=  57.220MB ct=  57.220MB (arr-ct)=    0.000KB waste=  31.242MB | sender_A:RC=8.267Gbps a=0.1099 sender_B:RC=8.245Gbps a=0.1102
t= 13.000ms | q=  0.0000MB p=0.00001 arr=  61.989MB ct=  61.989MB (arr-ct)=    0.000KB waste=  33.956MB | sender_A:RC=8.994Gbps a=0.1024 sender_B:RC=8.971Gbps a=0.1027
t= 14.000ms | q=  0.0000MB p=0.00001 arr=  66.757MB ct=  66.757MB (arr-ct)=    0.000KB waste=  36.496MB | sender_A:RC=9.720Gbps a=0.0955 sender_B:RC=9.697Gbps a=0.0957
t= 15.000ms | q=  0.0000MB p=0.00001 arr=  71.526MB ct=  71.526MB (arr-ct)=    0.000KB waste=  38.863MB | sender_A:RC=10.446Gbps a=0.0890 sender_B:RC=10.424Gbps a=0.0892
t= 16.000ms | q=  0.0000MB p=0.00001 arr=  76.294MB ct=  76.294MB (arr-ct)=   -0.000KB waste=  41.057MB | sender_A:RC=11.173Gbps a=0.0829 sender_B:RC=11.150Gbps a=0.0831
t= 17.000ms | q=  0.0000MB p=0.00001 arr=  81.062MB ct=  81.062MB (arr-ct)=    0.000KB waste=  43.078MB | sender_A:RC=11.899Gbps a=0.0773 sender_B:RC=11.876Gbps a=0.0775
t= 18.000ms | q=  0.0000MB p=0.00001 arr=  85.831MB ct=  85.831MB (arr-ct)=    0.000KB waste=  44.926MB | sender_A:RC=12.625Gbps a=0.0720 sender_B:RC=12.602Gbps a=0.0722
t= 19.000ms | q=  0.0000MB p=0.00001 arr=  90.599MB ct=  90.599MB (arr-ct)=   -0.000KB waste=  46.601MB | sender_A:RC=13.351Gbps a=0.0672 sender_B:RC=13.328Gbps a=0.0673
t= 20.000ms | q=  0.0000MB p=0.00001 arr=  95.367MB ct=  95.367MB (arr-ct)=   -0.000KB waste=  48.102MB | sender_A:RC=14.077Gbps a=0.0626 sender_B:RC=14.054Gbps a=0.0628
t= 21.000ms | q=  0.0000MB p=0.00001 arr= 100.136MB ct= 100.136MB (arr-ct)=    0.000KB waste=  49.431MB | sender_A:RC=14.803Gbps a=0.0584 sender_B:RC=14.780Gbps a=0.0585
t= 22.000ms | q=  0.0000MB p=0.00001 arr= 104.904MB ct= 104.904MB (arr-ct)=    0.000KB waste=  50.586MB | sender_A:RC=15.529Gbps a=0.0545 sender_B:RC=15.506Gbps a=0.0546
t= 23.000ms | q=  0.0000MB p=0.00001 arr= 109.673MB ct= 109.673MB (arr-ct)=   -0.000KB waste=  51.569MB | sender_A:RC=16.254Gbps a=0.0508 sender_B:RC=16.232Gbps a=0.0509
t= 24.000ms | q=  0.0000MB p=0.00001 arr= 114.441MB ct= 114.441MB (arr-ct)=   -0.000KB waste=  52.378MB | sender_A:RC=16.980Gbps a=0.0474 sender_B:RC=16.958Gbps a=0.0475
t= 25.000ms | q=  0.0000MB p=0.00001 arr= 119.209MB ct= 119.209MB (arr-ct)=    0.000KB waste=  53.014MB | sender_A:RC=17.706Gbps a=0.0442 sender_B:RC=17.683Gbps a=0.0443
t= 26.000ms | q=  0.0000MB p=0.00001 arr= 123.978MB ct= 123.978MB (arr-ct)=    0.000KB waste=  53.478MB | sender_A:RC=18.431Gbps a=0.0413 sender_B:RC=18.409Gbps a=0.0414
t= 27.000ms | q=  0.0000MB p=0.00001 arr= 128.746MB ct= 128.746MB (arr-ct)=   -0.000KB waste=  53.768MB | sender_A:RC=19.157Gbps a=0.0385 sender_B:RC=19.135Gbps a=0.0386
t= 28.000ms | q=  0.0000MB p=0.00001 arr= 133.514MB ct= 133.514MB (arr-ct)=    0.000KB waste=  53.885MB | sender_A:RC=19.882Gbps a=0.0360 sender_B:RC=19.860Gbps a=0.0361
t= 29.000ms | q=  0.0000MB p=0.00001 arr= 138.283MB ct= 138.283MB (arr-ct)=    0.000KB waste=  53.914MB | sender_A:RC=19.966Gbps a=0.0418 sender_B:RC=19.941Gbps a=0.0419
t= 30.000ms | q=  0.0004MB p=0.00001 arr= 143.052MB ct= 143.051MB (arr-ct)=    0.374KB waste=  53.942MB | sender_A:RC=20.061Gbps a=0.0465 sender_B:RC=20.036Gbps a=0.0467
t= 31.000ms | q=  0.0030MB p=0.00001 arr= 147.823MB ct= 147.820MB (arr-ct)=    3.085KB waste=  53.971MB | sender_A:RC=20.150Gbps a=0.0505 sender_B:RC=20.125Gbps a=0.0506
t= 32.000ms | q=  0.0062MB p=0.02620 arr= 152.594MB ct= 152.588MB (arr-ct)=    6.387KB waste=  54.000MB | sender_A:RC=19.630Gbps a=0.0578 sender_B:RC=19.918Gbps a=0.0559
t= 33.000ms | q=  0.0000MB p=0.00001 arr= 157.356MB ct= 157.356MB (arr-ct)=    0.000KB waste=  54.042MB | sender_A:RC=19.494Gbps a=0.0630 sender_B:RC=19.401Gbps a=0.0632
t= 34.000ms | q=  0.0000MB p=0.00001 arr= 162.125MB ct= 162.125MB (arr-ct)=    0.000KB waste=  54.087MB | sender_A:RC=19.716Gbps a=0.0651 sender_B:RC=19.666Gbps a=0.0653
t= 35.000ms | q=  0.0000MB p=0.00001 arr= 166.893MB ct= 166.893MB (arr-ct)=    0.000KB waste=  54.128MB | sender_A:RC=19.847Gbps a=0.0669 sender_B:RC=19.810Gbps a=0.0670
t= 36.000ms | q=  0.0000MB p=0.00001 arr= 171.661MB ct= 171.661MB (arr-ct)=    0.000KB waste=  54.165MB | sender_A:RC=19.952Gbps a=0.0683 sender_B:RC=19.918Gbps a=0.0685
t= 37.000ms | q=  0.0000MB p=0.00001 arr= 176.430MB ct= 176.430MB (arr-ct)=    0.040KB waste=  54.202MB | sender_A:RC=20.033Gbps a=0.0696 sender_B:RC=20.000Gbps a=0.0698
t= 38.000ms | q=  0.0010MB p=0.00001 arr= 181.199MB ct= 181.198MB (arr-ct)=    1.050KB waste=  54.241MB | sender_A:RC=20.098Gbps a=0.0708 sender_B:RC=20.063Gbps a=0.0710
t= 39.000ms | q=  0.0039MB p=0.00001 arr= 185.970MB ct= 185.966MB (arr-ct)=    3.952KB waste=  54.278MB | sender_A:RC=20.173Gbps a=0.0717 sender_B:RC=20.137Gbps a=0.0719
t= 40.000ms | q=  0.0065MB p=0.02749 arr= 190.741MB ct= 190.735MB (arr-ct)=    6.702KB waste=  54.318MB | sender_A:RC=19.728Gbps a=0.0751 sender_B:RC=20.093Gbps a=0.0733
t= 41.000ms | q=  0.0000MB p=0.00001 arr= 195.503MB ct= 195.503MB (arr-ct)=    0.000KB waste=  54.364MB | sender_A:RC=19.356Gbps a=0.0790 sender_B:RC=19.220Gbps a=0.0792
t= 42.000ms | q=  0.0000MB p=0.00001 arr= 200.272MB ct= 200.272MB (arr-ct)=    0.000KB waste=  54.416MB | sender_A:RC=19.591Gbps a=0.0795 sender_B:RC=19.509Gbps a=0.0797
t= 43.000ms | q=  0.0000MB p=0.00001 arr= 205.040MB ct= 205.040MB (arr-ct)=    0.000KB waste=  54.464MB | sender_A:RC=19.714Gbps a=0.0799 sender_B:RC=19.653Gbps a=0.0801
t= 44.000ms | q=  0.0000MB p=0.00001 arr= 209.808MB ct= 209.808MB (arr-ct)=    0.000KB waste=  54.509MB | sender_A:RC=19.817Gbps a=0.0801 sender_B:RC=19.764Gbps a=0.0803
t= 45.000ms | q=  0.0000MB p=0.00001 arr= 214.577MB ct= 214.577MB (arr-ct)=    0.000KB waste=  54.553MB | sender_A:RC=19.903Gbps a=0.0802 sender_B:RC=19.855Gbps a=0.0805
t= 46.000ms | q=  0.0000MB p=0.00001 arr= 219.345MB ct= 219.345MB (arr-ct)=    0.000KB waste=  54.595MB | sender_A:RC=19.974Gbps a=0.0804 sender_B:RC=19.927Gbps a=0.0806
t= 47.000ms | q=  0.0000MB p=0.00001 arr= 224.113MB ct= 224.113MB (arr-ct)=    0.026KB waste=  54.637MB | sender_A:RC=20.037Gbps a=0.0804 sender_B:RC=19.990Gbps a=0.0807
t= 48.000ms | q=  0.0008MB p=0.00001 arr= 228.883MB ct= 228.882MB (arr-ct)=    0.800KB waste=  54.679MB | sender_A:RC=20.094Gbps a=0.0805 sender_B:RC=20.046Gbps a=0.0807
t= 49.000ms | q=  0.0035MB p=0.00001 arr= 233.654MB ct= 233.650MB (arr-ct)=    3.574KB waste=  54.718MB | sender_A:RC=20.172Gbps a=0.0803 sender_B:RC=20.123Gbps a=0.0806
t= 50.000ms | q=  0.0063MB p=0.02640 arr= 238.425MB ct= 238.419MB (arr-ct)=    6.435KB waste=  54.758MB | sender_A:RC=19.629Gbps a=0.0830 sender_B:RC=20.021Gbps a=0.0812
t= 51.000ms | q=  0.0000MB p=0.00001 arr= 243.187MB ct= 243.187MB (arr-ct)=    0.000KB waste=  54.807MB | sender_A:RC=19.345Gbps a=0.0855 sender_B:RC=19.191Gbps a=0.0858
t= 52.000ms | q=  0.0000MB p=0.00001 arr= 247.955MB ct= 247.955MB (arr-ct)=    0.000KB waste=  54.860MB | sender_A:RC=19.594Gbps a=0.0853 sender_B:RC=19.498Gbps a=0.0856
t= 53.000ms | q=  0.0000MB p=0.00001 arr= 252.724MB ct= 252.724MB (arr-ct)=    0.000KB waste=  54.910MB | sender_A:RC=19.736Gbps a=0.0850 sender_B:RC=19.664Gbps a=0.0853
t= 54.000ms | q=  0.0000MB p=0.00001 arr= 257.492MB ct= 257.492MB (arr-ct)=    0.000KB waste=  54.956MB | sender_A:RC=19.832Gbps a=0.0848 sender_B:RC=19.769Gbps a=0.0850
t= 55.000ms | q=  0.0000MB p=0.00001 arr= 262.260MB ct= 262.260MB (arr-ct)=    0.000KB waste=  55.001MB | sender_A:RC=19.909Gbps a=0.0844 sender_B:RC=19.850Gbps a=0.0847
t= 56.000ms | q=  0.0000MB p=0.00001 arr= 267.029MB ct= 267.029MB (arr-ct)=    0.000KB waste=  55.045MB | sender_A:RC=19.976Gbps a=0.0841 sender_B:RC=19.918Gbps a=0.0844
t= 57.000ms | q=  0.0000MB p=0.00001 arr= 271.797MB ct= 271.797MB (arr-ct)=    0.014KB waste=  55.087MB | sender_A:RC=20.039Gbps a=0.0838 sender_B:RC=19.981Gbps a=0.0841
t= 58.000ms | q=  0.0008MB p=0.00001 arr= 276.566MB ct= 276.566MB (arr-ct)=    0.783KB waste=  55.130MB | sender_A:RC=20.099Gbps a=0.0835 sender_B:RC=20.040Gbps a=0.0837
t= 59.000ms | q=  0.0026MB p=0.00001 arr= 281.337MB ct= 281.334MB (arr-ct)=    2.660KB waste=  55.172MB | sender_A:RC=20.157Gbps a=0.0831 sender_B:RC=20.098Gbps a=0.0834
t= 60.000ms | q=  0.0056MB p=0.02337 arr= 286.108MB ct= 286.102MB (arr-ct)=    5.697KB waste=  55.215MB | sender_A:RC=20.216Gbps a=0.0828 sender_B:RC=20.155Gbps a=0.0831
t= 61.000ms | q=  0.0038MB p=0.00001 arr= 290.874MB ct= 290.871MB (arr-ct)=    3.857KB waste=  55.258MB | sender_A:RC=19.216Gbps a=0.0872 sender_B:RC=19.607Gbps a=0.0854
t= 62.000ms | q=  0.0000MB p=0.00001 arr= 295.639MB ct= 295.639MB (arr-ct)=    0.000KB waste=  55.311MB | sender_A:RC=19.349Gbps a=0.0877 sender_B:RC=19.188Gbps a=0.0879
t= 63.000ms | q=  0.0000MB p=0.00001 arr= 300.407MB ct= 300.407MB (arr-ct)=    0.000KB waste=  55.365MB | sender_A:RC=19.560Gbps a=0.0873 sender_B:RC=19.448Gbps a=0.0875
t= 64.000ms | q=  0.0000MB p=0.00001 arr= 305.176MB ct= 305.176MB (arr-ct)=    0.000KB waste=  55.414MB | sender_A:RC=19.717Gbps a=0.0867 sender_B:RC=19.630Gbps a=0.0870
t= 65.000ms | q=  0.0000MB p=0.00001 arr= 309.944MB ct= 309.944MB (arr-ct)=    0.000KB waste=  55.463MB | sender_A:RC=19.815Gbps a=0.0864 sender_B:RC=19.741Gbps a=0.0866
t= 66.000ms | q=  0.0000MB p=0.00001 arr= 314.713MB ct= 314.713MB (arr-ct)=    0.000KB waste=  55.509MB | sender_A:RC=19.883Gbps a=0.0860 sender_B:RC=19.813Gbps a=0.0862
t= 67.000ms | q=  0.0000MB p=0.00001 arr= 319.481MB ct= 319.481MB (arr-ct)=    0.000KB waste=  55.552MB | sender_A:RC=19.967Gbps a=0.0854 sender_B:RC=19.899Gbps a=0.0857
t= 68.000ms | q=  0.0000MB p=0.00001 arr= 324.249MB ct= 324.249MB (arr-ct)=    0.000KB waste=  55.596MB | sender_A:RC=20.023Gbps a=0.0850 sender_B:RC=19.955Gbps a=0.0853
t= 69.000ms | q=  0.0003MB p=0.00001 arr= 329.018MB ct= 329.018MB (arr-ct)=    0.289KB waste=  55.639MB | sender_A:RC=20.076Gbps a=0.0846 sender_B:RC=20.009Gbps a=0.0849
t= 70.000ms | q=  0.0015MB p=0.00001 arr= 333.787MB ct= 333.786MB (arr-ct)=    1.491KB waste=  55.683MB | sender_A:RC=20.130Gbps a=0.0842 sender_B:RC=20.062Gbps a=0.0845
t= 71.000ms | q=  0.0035MB p=0.00001 arr= 338.558MB ct= 338.554MB (arr-ct)=    3.619KB waste=  55.726MB | sender_A:RC=20.182Gbps a=0.0838 sender_B:RC=20.114Gbps a=0.0841
t= 72.000ms | q=  0.0058MB p=0.02457 arr= 343.329MB ct= 343.323MB (arr-ct)=    5.989KB waste=  55.766MB | sender_A:RC=19.529Gbps a=0.0866 sender_B:RC=19.918Gbps a=0.0848
t= 73.000ms | q=  0.0000MB p=0.00001 arr= 348.091MB ct= 348.091MB (arr-ct)=    0.000KB waste=  55.818MB | sender_A:RC=19.399Gbps a=0.0882 sender_B:RC=19.238Gbps a=0.0884
t= 74.000ms | q=  0.0000MB p=0.00001 arr= 352.859MB ct= 352.859MB (arr-ct)=    0.000KB waste=  55.872MB | sender_A:RC=19.620Gbps a=0.0877 sender_B:RC=19.514Gbps a=0.0880
t= 75.000ms | q=  0.0000MB p=0.00001 arr= 357.628MB ct= 357.628MB (arr-ct)=    0.000KB waste=  55.921MB | sender_A:RC=19.751Gbps a=0.0872 sender_B:RC=19.662Gbps a=0.0874
t= 76.000ms | q=  0.0000MB p=0.00001 arr= 362.396MB ct= 362.396MB (arr-ct)=    0.000KB waste=  55.967MB | sender_A:RC=19.860Gbps a=0.0866 sender_B:RC=19.782Gbps a=0.0869
t= 77.000ms | q=  0.0000MB p=0.00001 arr= 367.165MB ct= 367.165MB (arr-ct)=    0.000KB waste=  56.010MB | sender_A:RC=19.948Gbps a=0.0860 sender_B:RC=19.874Gbps a=0.0863
t= 78.000ms | q=  0.0000MB p=0.00001 arr= 371.933MB ct= 371.933MB (arr-ct)=    0.000KB waste=  56.052MB | sender_A:RC=20.027Gbps a=0.0855 sender_B:RC=19.954Gbps a=0.0857
t= 79.000ms | q=  0.0003MB p=0.00001 arr= 376.702MB ct= 376.701MB (arr-ct)=    0.269KB waste=  56.096MB | sender_A:RC=20.078Gbps a=0.0850 sender_B:RC=20.005Gbps a=0.0853
t= 80.000ms | q=  0.0021MB p=0.00001 arr= 381.472MB ct= 381.470MB (arr-ct)=    2.158KB waste=  56.136MB | sender_A:RC=20.151Gbps a=0.0845 sender_B:RC=20.079Gbps a=0.0847
t= 81.000ms | q=  0.0044MB p=0.00001 arr= 386.242MB ct= 386.238MB (arr-ct)=    4.481KB waste=  56.180MB | sender_A:RC=20.201Gbps a=0.0840 sender_B:RC=20.128Gbps a=0.0843
t= 82.000ms | q=  0.0064MB p=0.02701 arr= 391.013MB ct= 391.006MB (arr-ct)=    6.585KB waste=  56.224MB | sender_A:RC=19.733Gbps a=0.0859 sender_B:RC=20.117Gbps a=0.0842
t= 83.000ms | q=  0.0000MB p=0.00001 arr= 395.775MB ct= 395.775MB (arr-ct)=    0.000KB waste=  56.270MB | sender_A:RC=19.157Gbps a=0.0888 sender_B:RC=19.132Gbps a=0.0884
t= 84.000ms | q=  0.0000MB p=0.00001 arr= 400.543MB ct= 400.543MB (arr-ct)=    0.000KB waste=  56.327MB | sender_A:RC=19.426Gbps a=0.0883 sender_B:RC=19.272Gbps a=0.0886
t= 85.000ms | q=  0.0000MB p=0.00001 arr= 405.312MB ct= 405.312MB (arr-ct)=    0.000KB waste=  56.380MB | sender_A:RC=19.592Gbps a=0.0879 sender_B:RC=19.475Gbps a=0.0882
t= 86.000ms | q=  0.0000MB p=0.00001 arr= 410.080MB ct= 410.080MB (arr-ct)=    0.000KB waste=  56.430MB | sender_A:RC=19.703Gbps a=0.0875 sender_B:RC=19.606Gbps a=0.0877
t= 87.000ms | q=  0.0000MB p=0.00001 arr= 414.848MB ct= 414.848MB (arr-ct)=    0.000KB waste=  56.479MB | sender_A:RC=19.786Gbps a=0.0870 sender_B:RC=19.699Gbps a=0.0873
t= 88.000ms | q=  0.0000MB p=0.00001 arr= 419.617MB ct= 419.617MB (arr-ct)=    0.000KB waste=  56.526MB | sender_A:RC=19.853Gbps a=0.0866 sender_B:RC=19.771Gbps a=0.0869
t= 89.000ms | q=  0.0000MB p=0.00001 arr= 424.385MB ct= 424.385MB (arr-ct)=    0.000KB waste=  56.573MB | sender_A:RC=19.912Gbps a=0.0862 sender_B:RC=19.832Gbps a=0.0864
t= 90.000ms | q=  0.0000MB p=0.00001 arr= 429.153MB ct= 429.153MB (arr-ct)=    0.000KB waste=  56.615MB | sender_A:RC=19.992Gbps a=0.0856 sender_B:RC=19.914Gbps a=0.0859
t= 91.000ms | q=  0.0001MB p=0.00001 arr= 433.922MB ct= 433.922MB (arr-ct)=    0.140KB waste=  56.656MB | sender_A:RC=20.069Gbps a=0.0851 sender_B:RC=19.992Gbps a=0.0853
t= 92.000ms | q=  0.0018MB p=0.00001 arr= 438.692MB ct= 438.690MB (arr-ct)=    1.814KB waste=  56.696MB | sender_A:RC=20.144Gbps a=0.0845 sender_B:RC=20.067Gbps a=0.0848
t= 93.000ms | q=  0.0052MB p=0.02190 arr= 443.464MB ct= 443.459MB (arr-ct)=    5.338KB waste=  56.736MB | sender_A:RC=20.218Gbps a=0.0840 sender_B:RC=20.141Gbps a=0.0842
t= 94.000ms | q=  0.0054MB p=0.02285 arr= 448.232MB ct= 448.227MB (arr-ct)=    5.570KB waste=  56.780MB | sender_A:RC=19.443Gbps a=0.0872 sender_B:RC=19.826Gbps a=0.0854
t= 95.000ms | q=  0.0000MB p=0.00001 arr= 452.995MB ct= 452.995MB (arr-ct)=    0.000KB waste=  56.833MB | sender_A:RC=19.376Gbps a=0.0885 sender_B:RC=19.206Gbps a=0.0888
t= 96.000ms | q=  0.0000MB p=0.00001 arr= 457.764MB ct= 457.764MB (arr-ct)=    0.000KB waste=  56.887MB | sender_A:RC=19.560Gbps a=0.0881 sender_B:RC=19.433Gbps a=0.0884
t= 97.000ms | q=  0.0000MB p=0.00001 arr= 462.532MB ct= 462.532MB (arr-ct)=    0.000KB waste=  56.938MB | sender_A:RC=19.682Gbps a=0.0876 sender_B:RC=19.578Gbps a=0.0879
t= 98.000ms | q=  0.0000MB p=0.00001 arr= 467.300MB ct= 467.300MB (arr-ct)=    0.000KB waste=  56.987MB | sender_A:RC=19.769Gbps a=0.0872 sender_B:RC=19.677Gbps a=0.0875
t= 99.000ms | q=  0.0000MB p=0.00001 arr= 472.069MB ct= 472.069MB (arr-ct)=    0.000KB waste=  57.035MB | sender_A:RC=19.839Gbps a=0.0868 sender_B:RC=19.754Gbps a=0.0870
t=100.000ms | q=  0.0000MB p=0.00001 arr= 476.837MB ct= 476.837MB (arr-ct)=    0.000KB waste=  57.081MB | sender_A:RC=19.899Gbps a=0.0863 sender_B:RC=19.817Gbps a=0.0866
t=100.002ms | q=  0.0000MB p=0.00001 arr= 476.847MB ct= 476.847MB (arr-ct)=    0.000KB waste=  57.081MB | sender_A:RC=19.901Gbps a=0.0863 sender_B:RC=19.819Gbps a=0.0866
